02-15 11:29:08.999 309-480/? I/ActivityManager: Starting: Intent { flg=0x10000000 cmp=com.mgyapp.android/.ui.DaemonActivityNew } from pid 4469
02-15 11:29:09.119 309-3944/? I/ActivityManager: Start proc com.mgyapp.android for activity com.mgyapp.android/.ui.DaemonActivityNew: pid=4479 uid=10117 gids={3003, 1007, 1015, 1006, 3002, 3001}
02-15 11:29:09.139 309-518/? I/WindowManager: Setting rotation to 0, animFlags=1
02-15 11:29:09.169 309-518/? I/ActivityManager: Config changed: { scale=1.0 imsi=0/0 loc=ja_JP touch=3 keys=1/1/2 nav=1/1 orien=1 layout=268435490 uiMode=17 seq=62}
02-15 11:29:10.300 309-517/? W/BackupManagerService: dataChanged but no participant pkg='com.android.providers.settings' uid=10117
02-15 11:29:11.051 309-309/? I/ActivityManager: Starting: Intent { cmp=com.mgyapp.android/.ui.CommonActivity (has extras) } from pid 4479
02-15 11:29:11.211 309-315/? I/WindowManager: Setting rotation to 3, animFlags=1
02-15 11:29:11.231 309-315/? I/ActivityManager: Config changed: { scale=1.0 imsi=0/0 loc=ja_JP touch=3 keys=1/1/2 nav=1/1 orien=2 layout=268435490 uiMode=17 seq=63}
02-15 11:29:11.311 309-481/? I/WindowManager: Setting rotation to 0, animFlags=1
02-15 11:29:11.331 309-353/? I/ActivityManager: Config changed: { scale=1.0 imsi=0/0 loc=ja_JP touch=3 keys=1/1/2 nav=1/1 orien=1 layout=268435490 uiMode=17 seq=64}
02-15 11:29:18.458 309-517/? I/ActivityManager: Start proc android.process.media for content provider com.android.providers.media/.MediaProvider: pid=4622 uid=10057 gids={1015, 1006, 3002, 3001, 2001, 3003}
02-15 11:29:18.578 309-314/? I/ActivityManager: No longer want jp.co.sharp.android.majorupdate (pid 4045): hidden #16
02-15 11:29:45.324 104-186/? W/Vold: Ignoring unknown switch 'battery'
02-15 11:32:58.062 309-339/? W/PackageManager: Package named 'com.mgyun.vroot.tools_13091815' doesn't exist.
02-15 11:32:58.543 309-339/? W/ActivityManager: No content provider found for: 
02-15 11:32:58.563 309-339/? W/ActivityManager: No content provider found for: 
02-15 11:32:58.603 309-339/? I/PackageManager: Unpacking native libraries for /data/app/com.mgyun.vroot.tools_13091815-1.apk
02-15 11:32:58.613 309-336/? I/ActivityManager: Force stopping package com.mgyun.vroot.tools_13091815 uid=1000
02-15 11:32:59.924 309-518/? I/ActivityManager: Starting: Intent { act=android.intent.action.MAIN flg=0x10000000 cmp=com.mgyun.vroot.tools_13091815/android.app.Activity } from pid 5527
02-15 11:33:00.034 309-456/? I/ActivityManager: Start proc com.mgyun.vroot.tools_13091815 for activity com.mgyun.vroot.tools_13091815/android.app.Activity: pid=5536 uid=1000 gids={3003, 3002, 3001, 1015}
02-15 11:33:00.575 309-517/? I/ActivityManager: No longer want jp.co.sharp.android.capability (pid 4021): hidden #16
02-15 11:33:02.346 309-315/? I/ActivityManager: Starting: Intent { act=android.intent.action.MAIN flg=0x14000000 cmp=com.mgyun.vroot.tools_13091815/android.app.Activity } from pid 5547
02-15 11:33:08.102 309-336/? I/ActivityManager: Force stopping package com.mgyun.vroot.tools_13091815 uid=1000
02-15 11:33:08.112 309-336/? I/ActivityManager:   Force finishing activity HistoryRecord{406d8be8 com.mgyun.vroot.tools_13091815/android.app.Activity}
02-15 11:33:08.112 309-336/? W/ActivityManager: Duplicate finish request for HistoryRecord{406d8be8 com.mgyun.vroot.tools_13091815/android.app.Activity}
02-15 11:33:08.142 309-481/? I/WindowManager: WIN DEATH: Window{40954e70 com.mgyun.vroot.tools_13091815/android.app.Activity paused=false}
02-15 11:33:08.152 309-517/? W/InputManagerService: Got RemoteException sending setActive(false) notification to pid 5536 uid 1000
02-15 11:33:08.312 309-339/? I/ActivityManager: Force stopping package com.mgyun.vroot.tools_13091815 uid=1000
02-15 11:33:08.312 309-339/? I/ActivityManager:   Force finishing activity HistoryRecord{406d8be8 com.mgyun.vroot.tools_13091815/android.app.Activity}
02-15 11:33:08.312 309-339/? W/ActivityManager: Duplicate finish request for HistoryRecord{406d8be8 com.mgyun.vroot.tools_13091815/android.app.Activity}
02-15 11:33:08.422 309-336/? I/ActivityManager: Start proc jibe.android.activity for broadcast jibe.android.activity/jibe.android.util.UpdateBroadcastReceiver: pid=5651 uid=10021 gids={3003, 1015}
02-15 11:33:08.683 309-339/? W/PackageManager: Couldn't remove dex file for package:  at location /data/app/com.mgyun.vroot.tools_13091815-1.apk, retcode=-1
02-15 11:33:09.834 309-315/? I/ActivityManager: Start proc com.mgyapp.android:channel for broadcast com.mgyapp.android/com.taobao.accs.EventReceiver: pid=5715 uid=10117 gids={3003, 1007, 1015, 1006, 3002, 3001}
02-15 11:33:10.114 309-469/? W/ActivityManager: Unable to start service Intent { act=android.intent.action.PACKAGE_REMOVED dat=package:com.mgyun.vroot.tools_13091815 flg=0x10000000 cmp=com.mgyapp.android/.TaobaoIntentService (has extras) }: not found
02-15 11:33:10.154 309-469/? W/BackupManagerService: dataChanged but no participant pkg='com.android.providers.settings' uid=10117
02-15 11:33:10.204 309-478/? W/ActivityManager: Unable to start service Intent { act=org.rome.android.IPP_CALL pkg=com.eg.android.AlipayGphone cmp=com.eg.android.AlipayGphone/org.rome.android.ipp.binder.IppService (has extras) }: not found
02-15 11:33:17.471 309-335/? W/ActivityManager: Activity destroy timeout for HistoryRecord{406d8be8 com.mgyun.vroot.tools_13091815/android.app.Activity}
02-15 11:34:05.918 104-186/? W/Vold: Ignoring unknown switch 'battery'
02-15 11:34:40.472 309-501/? I/ActivityManager: Starting: Intent { cmp=com.mgyapp.android/.ui.MainCoolActivity (has extras) } from pid 4479
02-15 11:34:40.652 309-480/? W/ActivityManager: Unable to start service Intent { cmp=com.mgyapp.android/com.mgyun.baseui.framework.service.MgyunService (has extras) }: not found
02-15 11:34:49.511 309-501/? I/ActivityManager: Starting: Intent { cmp=com.mgyapp.android/.ui.MainCoolActivity (has extras) } from pid 4479
02-15 11:34:49.641 309-485/? W/ActivityManager: Unable to start service Intent { cmp=com.mgyapp.android/com.mgyun.baseui.framework.service.MgyunService (has extras) }: not found
02-15 11:34:52.304 309-518/? I/ActivityManager: Starting: Intent { cmp=com.mgyapp.android/.ui.MainCoolActivity (has extras) } from pid 4479
02-15 11:34:52.504 309-469/? W/ActivityManager: Unable to start service Intent { cmp=com.mgyapp.android/com.mgyun.baseui.framework.service.MgyunService (has extras) }: not found
02-15 11:34:52.794 309-478/? W/InputManagerService: Starting input on non-focused client com.android.internal.view.IInputMethodClient$Stub$Proxy@40854a40 (uid=10117 pid=4479)
02-15 11:34:53.305 309-518/? I/ActivityManager: Starting: Intent { cmp=com.mgyapp.android/.ui.MainCoolActivity (has extras) } from pid 4479
02-15 11:34:53.455 309-480/? W/ActivityManager: Unable to start service Intent { cmp=com.mgyapp.android/com.mgyun.baseui.framework.service.MgyunService (has extras) }: not found
02-15 11:34:56.378 309-355/? I/ActivityManager: Starting: Intent { act=android.intent.action.MAIN cat=[android.intent.category.HOME] flg=0x10200000 cmp=com.android.launcher2/.Launcher } from pid 309
02-15 11:34:57.779 309-355/? I/ActivityManager: Starting: Intent { act=android.intent.action.MAIN cat=[android.intent.category.HOME] flg=0x10200000 cmp=com.android.launcher2/.Launcher } from pid 309
02-15 11:34:59.170 309-355/? I/ActivityManager: Starting: Intent { act=android.intent.action.MAIN cat=[android.intent.category.HOME] flg=0x10200000 cmp=com.android.launcher2/.Launcher } from pid 309
02-15 11:36:33.693 104-186/? W/Vold: Ignoring unknown switch 'usb_mass_storage'
02-15 11:36:33.703 104-186/? W/Vold: Ignoring unknown switch 'battery'
02-15 11:36:33.803 309-502/? I/ActivityManager: Start proc jp.co.sharp.android.majorupdate for broadcast jp.co.sharp.android.majorupdate/.MajorUpdateBroadcastReceiver: pid=6421 uid=6029 gids={1015, 3003}
02-15 11:36:34.113 309-314/? I/ActivityManager: No longer want com.google.android.apps.maps (pid 4141): hidden #16
02-15 11:36:37.356 104-186/? D/Vold: USB disconnected
02-15 11:36:37.456 104-186/? W/Vold: Ignoring unknown switch 'usb_mass_storage'
02-15 11:36:37.466 104-186/? W/Vold: Ignoring unknown switch 'MSM72K_UDC'
02-15 11:36:37.486 104-186/? W/Vold: Ignoring unknown switch 'MSM72K_UDC'
02-15 11:36:37.496 104-186/? D/Vold: USB connected
02-15 11:36:37.526 104-186/? W/Vold: Ignoring unknown switch 'battery'
02-15 11:36:38.087 104-186/? W/Vold: Ignoring unknown switch 'battery'
02-15 11:36:47.656 104-186/? W/Vold: Ignoring unknown switch 'usb_mass_storage'
02-15 11:36:47.666 104-186/? W/Vold: Ignoring unknown switch 'battery'
02-15 11:36:47.937 104-186/? D/Vold: USB disconnected
02-15 11:36:48.497 104-186/? W/Vold: Ignoring unknown switch 'MSM72K_UDC'
02-15 11:36:48.527 104-186/? D/Vold: USB attach detached
02-15 11:36:48.527 104-186/? D/Vold: Share method ums now unavailable
02-15 11:36:48.557 104-186/? W/Vold: Ignoring unknown switch 'ac'
02-15 11:36:48.567 405-555/? I/StorageNotification: UMS connection changed to false (media state removed)
02-15 11:36:48.637 309-336/? W/ProcessStats: Skipping unknown process pid 6737
02-15 11:36:48.637 309-336/? W/ProcessStats: Skipping unknown process pid 6740
02-15 11:36:56.455 104-186/? D/Vold: USB attach attached
02-15 11:36:56.465 104-186/? W/Vold: Ignoring unknown switch 'ac'
02-15 11:36:56.555 309-336/? W/ProcessStats: Skipping unknown process pid 6812
02-15 11:36:56.555 309-336/? W/ProcessStats: Skipping unknown process pid 6813
02-15 11:36:56.555 309-336/? W/ProcessStats: Skipping unknown process pid 6815
02-15 11:36:56.565 104-186/? D/Vold: usb_mass_storage function disabled
02-15 11:36:57.646 104-186/? W/Vold: Ignoring unknown switch 'MSM72K_UDC'
02-15 11:36:57.656 104-186/? D/Vold: USB connected
02-15 11:36:57.716 104-186/? W/Vold: Ignoring unknown switch 'battery'
02-15 11:36:58.247 104-186/? W/Vold: Ignoring unknown switch 'battery'
02-15 11:37:00.909 104-186/? W/Vold: Ignoring unknown switch 'battery'
02-15 11:37:01.730 104-186/? W/Vold: Ignoring unknown switch 'MSM72K_UDC'
02-15 11:37:01.730 104-186/? D/Vold: USB disconnected
02-15 11:37:01.780 104-186/? D/Vold: USB attach detached
02-15 11:37:01.780 104-186/? W/Vold: Ignoring unknown switch 'ac'
02-15 11:37:16.985 104-186/? D/Vold: USB attach attached
02-15 11:37:16.985 104-186/? W/Vold: Ignoring unknown switch 'ac'
02-15 11:37:17.075 309-336/? W/ProcessStats: Skipping unknown process pid 7184
02-15 11:37:17.085 309-336/? W/ProcessStats: Skipping unknown process pid 7185
02-15 11:37:18.126 104-186/? W/Vold: Ignoring unknown switch 'MSM72K_UDC'
02-15 11:37:18.136 104-186/? D/Vold: USB connected
02-15 11:37:18.176 104-186/? W/Vold: Ignoring unknown switch 'battery'
02-15 11:37:18.737 104-186/? W/Vold: Ignoring unknown switch 'battery'
02-15 11:37:25.673 104-186/? W/Vold: Ignoring unknown switch 'battery'
02-15 11:37:25.944 104-186/? D/Vold: USB disconnected
02-15 11:37:26.494 104-186/? W/Vold: Ignoring unknown switch 'MSM72K_UDC'
                                     
                                     --------- beginning of /dev/log/main
02-15 11:37:26.534 133-208/? I/MWMAINTE: mw_mainte_spec_bin_proc_thread(1568): dis-connected.
02-15 11:37:26.534 309-368/? V/BgRingerService: bgRingerCancel call pkg:android id:17040651
02-15 11:37:26.534 104-186/? D/Vold: USB attach detached
02-15 11:37:26.534 104-186/? W/Vold: Ignoring unknown switch 'ac'
02-15 11:37:26.584 309-395/? D/OBEXMnger: handleMsgRecvUsbDisable:8 :USB
02-15 11:37:26.584 126-142/? E/obmgmain: all end st:0x0
02-15 11:37:26.584 309-7209/? I/OBEXMngerUSB: onRecvDisconnectComplete() in
02-15 11:37:26.584 309-7209/? I/OBEXMngerUSB: disconnectResult :9
02-15 11:37:26.584 309-7209/? I/OBEXMngerUSB: onRecvDisconnectComplete() out
02-15 11:37:26.584 309-7209/? I/OBEXMngerUSB: setAirplaneMode() for USB:1
02-15 11:37:26.584 309-7209/? E/OBEXMngerUSB: m_deviceType : null
02-15 11:37:26.584 309-7209/? V/OBEXMnger: restoreAddrSyncState() in
02-15 11:37:26.584 309-7209/? V/OBEXMnger: address sync not stopped
02-15 11:37:26.584 309-7209/? V/OBEXMnger: restoreAddrSyncState() out
02-15 11:37:26.584 309-7209/? D/OBEXMnger: Thread run() out
02-15 11:37:26.584 126-142/? E/obmgmain: session end. wait next accept
02-15 11:37:26.965 309-364/? D/Tethering: InitialState.processMessage what=4
02-15 11:37:26.965 309-364/? D/Tethering: sendTetherStateChangedBroadcast 0, 0, 0
02-15 11:37:26.995 129-129/? E/dun_service: Error cancelling thread 57696, error = 3 (No such process)
02-15 11:37:26.995 129-129/? I/dun_service: Joined port monitor thread 
02-15 11:37:26.995 129-129/? I/dun_service: Joined the port read thread 
02-15 11:37:26.995 129-129/? I/dun_service: Joined the port read thread 
02-15 11:37:26.995 129-129/? I/dun_service: Moved to state(DUN_STATE_USB_UNPLUG)
02-15 11:37:27.475 129-140/? I/dun_service: The value returned from dun_getusbmodemstate_fromsys is 2 
02-15 11:37:27.485 133-208/? I/MWMAINTE: mw_mainte_spec_bin_proc_thread(1564): connected.
02-15 11:37:27.485 129-140/? I/dun_service: The value returned from dun_getusbmodemstate_fromsys is 2 
02-15 11:37:27.485 104-186/? D/Vold: USB attach attached
02-15 11:37:27.495 129-140/? I/dun_service: The value returned from dun_getusbmodemstate_fromsys is 2 
02-15 11:37:27.495 104-186/? W/Vold: Ignoring unknown switch 'ac'
02-15 11:37:27.555 309-368/? V/BgRingerService: bgRingerStartEx call
02-15 11:37:27.555 309-368/? D/BgRingerService: defaults:0 flags:2
02-15 11:37:27.555 309-368/? D/BgRingerService: categorized options:0 Pattern:0 Color:0
02-15 11:37:27.555 309-368/? D/BgRingerService: SetData soundUri:null,category:5,sttype:5,time:5
02-15 11:37:27.585 309-336/? W/ProcessStats: Skipping unknown process pid 7513
02-15 11:37:27.585 309-336/? W/ProcessStats: Skipping unknown process pid 7514
02-15 11:37:27.595 932-7516/? E/AppMainteLockNoAuthService: java.net.BindException: Address already in use
02-15 11:37:27.605 126-142/? E/obmgmain: accept OK:5
02-15 11:37:27.625 309-395/? I/OBEXMngerUSB: onRecvUsbCableConnected() in
02-15 11:37:27.625 309-7523/? D/OBEXMnger: Thread run() in
02-15 11:37:27.635 309-395/? I/OBEXMngerUSB: onRecvUsbCableConnected() out
02-15 11:37:27.635 126-142/? E/obmgevnt: OBMG_SC_RECV_REQCSN : 0x6
02-15 11:37:28.686 129-140/? I/dun_service: The value returned from dun_getusbmodemstate_fromsys is 2 
02-15 11:37:28.686 129-140/? I/dun_service: got usb online event 
02-15 11:37:28.686 129-140/? I/dun_service:  ustate is DUN_USBSTATE_PLUG
02-15 11:37:28.686 129-140/? I/dun_service: Post event 2
02-15 11:37:28.686 129-140/? I/dun_service: /dev/dun_data close2
02-15 11:37:28.686 129-129/? I/dun_service: received event: DUN_EVENT_USB_PLUG 
02-15 11:37:28.686 129-129/? I/dun_service: received event(DUN_EVENT_USB_PLUG) in state(DUN_STATE_USB_UNPLUG)
02-15 11:37:28.686 129-129/? I/dun_service: Successfully opened SMD port: e, ext port: 14
02-15 11:37:28.686 129-129/? I/dun_service: Configured external host port in RAW mode
02-15 11:37:28.686 129-129/? I/dun_service: Moved to state(DUN_STATE_IDLE)
02-15 11:37:28.686 104-186/? W/Vold: Ignoring unknown switch 'MSM72K_UDC'
02-15 11:37:28.696 133-197/? I/MWMAINTE: main|is_connected|connected.
02-15 11:37:28.696 133-197/? I/MWMAINTE: main|is_connected|connected.
02-15 11:37:28.696 133-197/? I/MWMAINTE: main|open_tty|open /dev/ttyGS1
02-15 11:37:28.696 129-140/? I/dun_service: The value returned from dun_getusbmodemstate_fromsys is 2 
02-15 11:37:28.696 104-186/? D/Vold: USB connected
02-15 11:37:28.736 309-335/? V/BgRingerService: bgRingerStartEx call
02-15 11:37:28.736 309-335/? D/BgRingerService: defaults:0 flags:2
02-15 11:37:28.736 309-335/? D/BgRingerService: categorized options:0 Pattern:0 Color:0
02-15 11:37:28.736 309-335/? D/BgRingerService: SetData soundUri:null,category:5,sttype:5,time:5
02-15 11:37:28.746 129-140/? I/dun_service: The value returned from dun_getusbmodemstate_fromsys is 2 
02-15 11:37:28.746 129-140/? I/dun_service: The value returned from dun_getusbmodemstate_fromsys is 2 
02-15 11:37:28.746 104-186/? W/Vold: Ignoring unknown switch 'battery'
02-15 11:37:28.776 129-140/? I/dun_service: The value returned from dun_getusbmodemstate_fromsys is 2 
02-15 11:37:28.876 309-361/? D/Tethering: sendTetherStateChangedBroadcast 1, 0, 0
02-15 11:37:28.876 309-361/? D/Tethering: interfaceAdded :usb0
02-15 11:37:28.917 129-7548/? I/dun_service: modem_bits0, prev_mdm_bits 0, init = 1,
02-15 11:37:28.917 129-7548/? I/dun_service: smdtoextctrl: ext port bits 256, smdoldstatus 0, init = 1
02-15 11:37:28.917 129-7548/? I/dun_service: portbridge: Turning ON external port bits 100
02-15 11:37:29.007 4479-6192/? W/System.err: java.net.UnknownHostException: api.mgyun.com
02-15 11:37:29.007 4479-6192/? W/System.err:     at java.net.InetAddress.lookupHostByName(InetAddress.java:506)
02-15 11:37:29.007 4479-6192/? W/System.err:     at java.net.InetAddress.getAllByNameImpl(InetAddress.java:294)
02-15 11:37:29.007 4479-6192/? W/System.err:     at java.net.InetAddress.getAllByName(InetAddress.java:256)
02-15 11:37:29.007 4479-6192/? W/System.err:     at org.apache.http.impl.conn.DefaultClientConnectionOperator.openConnection(DefaultClientConnectionOperator.java:136)
02-15 11:37:29.007 4479-6192/? W/System.err:     at org.apache.http.impl.conn.AbstractPoolEntry.open(AbstractPoolEntry.java:164)
02-15 11:37:29.007 4479-6192/? W/System.err:     at org.apache.http.impl.conn.AbstractPooledConnAdapter.open(AbstractPooledConnAdapter.java:119)
02-15 11:37:29.007 4479-6192/? W/System.err:     at org.apache.http.impl.client.DefaultRequestDirector.execute(DefaultRequestDirector.java:359)
02-15 11:37:29.007 4479-7571/? W/System.err: java.net.UnknownHostException: api.mgyun.com
02-15 11:37:29.007 4479-7571/? W/System.err:     at java.net.InetAddress.lookupHostByName(InetAddress.java:497)
02-15 11:37:29.007 4479-7571/? W/System.err:     at java.net.InetAddress.getAllByNameImpl(InetAddress.java:294)
02-15 11:37:29.007 4479-7571/? W/System.err:     at java.net.InetAddress.getAllByName(InetAddress.java:256)
02-15 11:37:29.007 4479-7571/? W/System.err:     at org.apache.http.impl.conn.DefaultClientConnectionOperator.openConnection(DefaultClientConnectionOperator.java:136)
02-15 11:37:29.007 4479-7571/? W/System.err:     at org.apache.http.impl.conn.AbstractPoolEntry.open(AbstractPoolEntry.java:164)
02-15 11:37:29.007 4479-7571/? W/System.err:     at org.apache.http.impl.conn.AbstractPooledConnAdapter.open(AbstractPooledConnAdapter.java:119)
02-15 11:37:29.007 4479-7571/? W/System.err:     at org.apache.http.impl.client.DefaultRequestDirector.execute(DefaultRequestDirector.java:359)
02-15 11:37:29.007 4479-7571/? W/System.err:     at org.apache.http.impl.client.AbstractHttpClient.execute(AbstractHttpClient.java:555)
02-15 11:37:29.007 4479-7571/? W/System.err:     at org.apache.http.impl.client.AbstractHttpClient.execute(AbstractHttpClient.java:487)
02-15 11:37:29.007 4479-7571/? W/System.err:     at org.apache.http.impl.client.AbstractHttpClient.execute(AbstractHttpClient.java:465)
02-15 11:37:29.007 4479-7571/? W/System.err:     at com.mgyun.shua.e.c.c(Sre.java:101)
02-15 11:37:29.007 4479-7571/? W/System.err:     at com.mgyun.shua.e.c$1.run(Sre.java:71)
02-15 11:37:29.007 4479-7571/? W/System.err:     at java.lang.Thread.run(Thread.java:1019)
02-15 11:37:29.007 4479-6192/? W/System.err:     at org.apache.http.impl.client.AbstractHttpClient.execute(AbstractHttpClient.java:555)
02-15 11:37:29.007 4479-6192/? W/System.err:     at org.apache.http.impl.client.AbstractHttpClient.execute(AbstractHttpClient.java:487)
02-15 11:37:29.007 4479-6192/? W/System.err:     at org.apache.http.impl.client.AbstractHttpClient.execute(AbstractHttpClient.java:465)
02-15 11:37:29.007 4479-6192/? W/System.err:     at z.hol.net.http.HttpDataFetch.httpGet(HttpDataFetch.java:293)
02-15 11:37:29.007 4479-6192/? W/System.err:     at z.hol.net.http.HttpDataFetch.httpGet(HttpDataFetch.java:308)
02-15 11:37:29.007 4479-6192/? W/System.err:     at com.mgyun.general.c.a$b.a(AsyncConfGetter.java:123)
02-15 11:37:29.007 4479-6192/? W/System.err:     at com.mgyun.general.c.a$b.doInBackground(AsyncConfGetter.java:105)
02-15 11:37:29.007 4479-6192/? W/System.err:     at android.os.AsyncTask$2.call(AsyncTask.java:185)
02-15 11:37:29.007 4479-6192/? W/System.err:     at java.util.concurrent.FutureTask$Sync.innerRun(FutureTask.java:306)
02-15 11:37:29.007 4479-6192/? W/System.err:     at java.util.concurrent.FutureTask.run(FutureTask.java:138)
02-15 11:37:29.007 4479-6192/? W/System.err:     at java.util.concurrent.ThreadPoolExecutor.runWorker(ThreadPoolExecutor.java:1088)
02-15 11:37:29.007 4479-6192/? W/System.err:     at java.util.concurrent.ThreadPoolExecutor$Worker.run(ThreadPoolExecutor.java:581)
02-15 11:37:29.007 4479-6192/? W/System.err:     at java.lang.Thread.run(Thread.java:1019)
02-15 11:37:29.307 129-140/? I/dun_service: The value returned from dun_getusbmodemstate_fromsys is 2 
02-15 11:37:29.307 129-140/? I/dun_service: The value returned from dun_getusbmodemstate_fromsys is 2 
02-15 11:37:29.307 104-186/? W/Vold: Ignoring unknown switch 'battery'
02-15 11:37:35.533 129-7548/? E/dun_service: TIOCMGET for external port failed - I/O error 
02-15 11:37:35.533 129-7548/? E/dun_service: Error in dun_monitor_ports 
02-15 11:37:35.533 104-186/? W/Vold: Ignoring unknown switch 'battery'
02-15 11:37:35.543 129-140/? I/dun_service: The value returned from dun_getusbmodemstate_fromsys is 2 
02-15 11:37:35.543 129-140/? I/dun_service: The value returned from dun_getusbmodemstate_fromsys is 2 
02-15 11:37:35.573 129-140/? I/dun_service: The value returned from dun_getusbmodemstate_fromsys is 2 
02-15 11:37:35.903 4479-7685/? W/System.err: java.net.UnknownHostException: api.mgyun.com
02-15 11:37:35.903 4479-7685/? W/System.err:     at java.net.InetAddress.lookupHostByName(InetAddress.java:497)
02-15 11:37:35.903 4479-7685/? W/System.err:     at java.net.InetAddress.getAllByNameImpl(InetAddress.java:294)
02-15 11:37:35.903 4479-7685/? W/System.err:     at java.net.InetAddress.getAllByName(InetAddress.java:256)
02-15 11:37:35.903 4479-7685/? W/System.err:     at org.apache.http.impl.conn.DefaultClientConnectionOperator.openConnection(DefaultClientConnectionOperator.java:136)
02-15 11:37:35.903 4479-7685/? W/System.err:     at org.apache.http.impl.conn.AbstractPoolEntry.open(AbstractPoolEntry.java:164)
02-15 11:37:35.903 4479-7685/? W/System.err:     at org.apache.http.impl.conn.AbstractPooledConnAdapter.open(AbstractPooledConnAdapter.java:119)
02-15 11:37:35.903 4479-7685/? W/System.err:     at org.apache.http.impl.client.DefaultRequestDirector.execute(DefaultRequestDirector.java:359)
02-15 11:37:35.903 4479-7685/? W/System.err:     at org.apache.http.impl.client.AbstractHttpClient.execute(AbstractHttpClient.java:555)
02-15 11:37:35.903 4479-7685/? W/System.err:     at org.apache.http.impl.client.AbstractHttpClient.execute(AbstractHttpClient.java:487)
02-15 11:37:35.903 4479-7685/? W/System.err:     at org.apache.http.impl.client.AbstractHttpClient.execute(AbstractHttpClient.java:465)
02-15 11:37:35.903 4479-7685/? W/System.err:     at com.mgyun.shua.e.c.c(Sre.java:101)
02-15 11:37:35.903 4479-7685/? W/System.err:     at com.mgyun.shua.e.c$1.run(Sre.java:71)
02-15 11:37:35.903 4479-7685/? W/System.err:     at java.lang.Thread.run(Thread.java:1019)
02-15 11:37:36.023 4479-6201/? W/System.err: java.net.UnknownHostException: api.mgyun.com
02-15 11:37:36.023 4479-6201/? W/System.err:     at java.net.InetAddress.lookupHostByName(InetAddress.java:497)
02-15 11:37:36.023 4479-6201/? W/System.err:     at java.net.InetAddress.getAllByNameImpl(InetAddress.java:294)
02-15 11:37:36.023 4479-6201/? W/System.err:     at java.net.InetAddress.getAllByName(InetAddress.java:256)
02-15 11:37:36.023 4479-6201/? W/System.err:     at org.apache.http.impl.conn.DefaultClientConnectionOperator.openConnection(DefaultClientConnectionOperator.java:136)
02-15 11:37:36.023 4479-6201/? W/System.err:     at org.apache.http.impl.conn.AbstractPoolEntry.open(AbstractPoolEntry.java:164)
02-15 11:37:36.023 4479-6201/? W/System.err:     at org.apache.http.impl.conn.AbstractPooledConnAdapter.open(AbstractPooledConnAdapter.java:119)
02-15 11:37:36.023 4479-6201/? W/System.err:     at org.apache.http.impl.client.DefaultRequestDirector.execute(DefaultRequestDirector.java:359)
02-15 11:37:36.023 4479-6201/? W/System.err:     at org.apache.http.impl.client.AbstractHttpClient.execute(AbstractHttpClient.java:555)
02-15 11:37:36.023 4479-6201/? W/System.err:     at org.apache.http.impl.client.AbstractHttpClient.execute(AbstractHttpClient.java:487)
02-15 11:37:36.023 4479-6201/? W/System.err:     at org.apache.http.impl.client.AbstractHttpClient.execute(AbstractHttpClient.java:465)
02-15 11:37:36.023 4479-6201/? W/System.err:     at z.hol.net.http.HttpDataFetch.httpGet(HttpDataFetch.java:293)
02-15 11:37:36.023 4479-6201/? W/System.err:     at z.hol.net.http.HttpDataFetch.httpGet(HttpDataFetch.java:308)
02-15 11:37:36.023 4479-6201/? W/System.err:     at com.mgyun.general.c.a$b.a(AsyncConfGetter.java:123)
02-15 11:37:36.023 4479-6201/? W/System.err:     at com.mgyun.general.c.a$b.doInBackground(AsyncConfGetter.java:105)
02-15 11:37:36.023 4479-6201/? W/System.err:     at android.os.AsyncTask$2.call(AsyncTask.java:185)
02-15 11:37:36.023 4479-6201/? W/System.err:     at java.util.concurrent.FutureTask$Sync.innerRun(FutureTask.java:306)
02-15 11:37:36.023 4479-6201/? W/System.err:     at java.util.concurrent.FutureTask.run(FutureTask.java:138)
02-15 11:37:36.023 4479-6201/? W/System.err:     at java.util.concurrent.ThreadPoolExecutor.runWorker(ThreadPoolExecutor.java:1088)
02-15 11:37:36.023 4479-6201/? W/System.err:     at java.util.concurrent.ThreadPoolExecutor$Worker.run(ThreadPoolExecutor.java:581)
02-15 11:37:36.053 129-140/? I/dun_service: The value returned from dun_getusbmodemstate_fromsys is 2 
02-15 11:37:36.053 309-335/? V/BgRingerService: bgRingerCancel call pkg:android id:17040182
02-15 11:37:36.053 104-186/? D/Vold: USB disconnected
02-15 11:37:36.064 133-197/? I/MWMAINTE: main|mainloop|close /dev/ttyGS1(20)
02-15 11:37:36.094 4479-6201/? W/System.err:     at java.lang.Thread.run(Thread.java:1019)
02-15 11:37:36.144 129-140/? I/dun_service: The value returned from dun_getusbmodemstate_fromsys is 2 
02-15 11:37:36.144 129-140/? I/dun_service: got usb offline event 
02-15 11:37:36.144 129-140/? I/dun_service:  ustate is DUN_USBSTATE_UNPLUG
02-15 11:37:36.144 129-140/? I/dun_service: Post event 1
02-15 11:37:36.144 129-140/? I/dun_service: /dev/dun_data open case3 dun_data_fd:21
02-15 11:37:36.144 129-129/? I/dun_service: received event: DUN_EVENT_USB_UNPLUG 
02-15 11:37:36.144 129-129/? I/dun_service: received event(DUN_EVENT_USB_UNPLUG) in state(DUN_STATE_IDLE)
02-15 11:37:36.144 104-186/? W/Vold: Ignoring unknown switch 'MSM72K_UDC'
02-15 11:37:36.154 129-140/? I/dun_service: The value returned from dun_getusbmodemstate_fromsys is 2 
02-15 11:37:36.154 129-140/? I/dun_service: got usb online event 
02-15 11:37:36.154 129-140/? I/dun_service:  ustate is DUN_USBSTATE_PLUG
02-15 11:37:36.154 129-140/? I/dun_service: Post event 2
02-15 11:37:36.154 129-140/? I/dun_service: /dev/dun_data close2
02-15 11:37:36.154 133-197/? I/MWMAINTE: main|is_connected|connected.
02-15 11:37:36.154 133-197/? I/MWMAINTE: main|is_connected|connected.
02-15 11:37:36.154 133-197/? I/MWMAINTE: main|open_tty|open /dev/ttyGS1
02-15 11:37:36.154 129-140/? I/dun_service: The value returned from dun_getusbmodemstate_fromsys is 2 
02-15 11:37:36.154 309-335/? V/BgRingerService: bgRingerStartEx call
02-15 11:37:36.154 104-186/? W/Vold: Ignoring unknown switch 'MSM72K_UDC'
02-15 11:37:36.154 104-186/? D/Vold: USB connected
02-15 11:37:36.164 309-335/? D/BgRingerService: defaults:0 flags:2
02-15 11:37:36.164 309-335/? D/BgRingerService: categorized options:0 Pattern:0 Color:0
02-15 11:37:36.164 309-335/? D/BgRingerService: SetData soundUri:null,category:5,sttype:5,time:5
02-15 11:37:36.194 309-361/? E/Tethering: active iface (usb0) reported as added, ignoring
02-15 11:37:36.194 129-140/? I/dun_service: The value returned from dun_getusbmodemstate_fromsys is 2 
02-15 11:37:36.194 104-186/? W/Vold: Ignoring unknown switch 'battery'
02-15 11:37:36.204 129-140/? I/dun_service: The value returned from dun_getusbmodemstate_fromsys is 2 
02-15 11:37:36.234 129-140/? I/dun_service: The value returned from dun_getusbmodemstate_fromsys is 2 
02-15 11:37:36.324 4479-7788/? W/System.err: java.net.UnknownHostException: api.mgyun.com
02-15 11:37:36.324 4479-7788/? W/System.err:     at java.net.InetAddress.lookupHostByName(InetAddress.java:497)
02-15 11:37:36.324 4479-7788/? W/System.err:     at java.net.InetAddress.getAllByNameImpl(InetAddress.java:294)
02-15 11:37:36.324 4479-7788/? W/System.err:     at java.net.InetAddress.getAllByName(InetAddress.java:256)
02-15 11:37:36.324 4479-7788/? W/System.err:     at org.apache.http.impl.conn.DefaultClientConnectionOperator.openConnection(DefaultClientConnectionOperator.java:136)
02-15 11:37:36.324 4479-7788/? W/System.err:     at org.apache.http.impl.conn.AbstractPoolEntry.open(AbstractPoolEntry.java:164)
02-15 11:37:36.324 4479-7788/? W/System.err:     at org.apache.http.impl.conn.AbstractPooledConnAdapter.open(AbstractPooledConnAdapter.java:119)
02-15 11:37:36.324 4479-7788/? W/System.err:     at org.apache.http.impl.client.DefaultRequestDirector.execute(DefaultRequestDirector.java:359)
02-15 11:37:36.324 4479-7788/? W/System.err:     at org.apache.http.impl.client.AbstractHttpClient.execute(AbstractHttpClient.java:555)
02-15 11:37:36.324 4479-7788/? W/System.err:     at org.apache.http.impl.client.AbstractHttpClient.execute(AbstractHttpClient.java:487)
02-15 11:37:36.324 4479-7788/? W/System.err:     at org.apache.http.impl.client.AbstractHttpClient.execute(AbstractHttpClient.java:465)
02-15 11:37:36.324 4479-7788/? W/System.err:     at com.mgyun.shua.e.c.c(Sre.java:101)
02-15 11:37:36.324 4479-7788/? W/System.err:     at com.mgyun.shua.e.c$1.run(Sre.java:71)
02-15 11:37:36.324 4479-7788/? W/System.err:     at java.lang.Thread.run(Thread.java:1019)
02-15 11:37:36.384 4479-6202/? W/System.err: java.net.UnknownHostException: api.mgyun.com
02-15 11:37:36.384 4479-6202/? W/System.err:     at java.net.InetAddress.lookupHostByName(InetAddress.java:497)
02-15 11:37:36.384 4479-6202/? W/System.err:     at java.net.InetAddress.getAllByNameImpl(InetAddress.java:294)
02-15 11:37:36.384 4479-6202/? W/System.err:     at java.net.InetAddress.getAllByName(InetAddress.java:256)
02-15 11:37:36.384 4479-6202/? W/System.err:     at org.apache.http.impl.conn.DefaultClientConnectionOperator.openConnection(DefaultClientConnectionOperator.java:136)
02-15 11:37:36.384 4479-6202/? W/System.err:     at org.apache.http.impl.conn.AbstractPoolEntry.open(AbstractPoolEntry.java:164)
02-15 11:37:36.384 4479-6202/? W/System.err:     at org.apache.http.impl.conn.AbstractPooledConnAdapter.open(AbstractPooledConnAdapter.java:119)
02-15 11:37:36.384 4479-6202/? W/System.err:     at org.apache.http.impl.client.DefaultRequestDirector.execute(DefaultRequestDirector.java:359)
02-15 11:37:36.384 4479-6202/? W/System.err:     at org.apache.http.impl.client.AbstractHttpClient.execute(AbstractHttpClient.java:555)
02-15 11:37:36.384 4479-6202/? W/System.err:     at org.apache.http.impl.client.AbstractHttpClient.execute(AbstractHttpClient.java:487)
02-15 11:37:36.384 4479-6202/? W/System.err:     at org.apache.http.impl.client.AbstractHttpClient.execute(AbstractHttpClient.java:465)
02-15 11:37:36.384 4479-6202/? W/System.err:     at z.hol.net.http.HttpDataFetch.httpGet(HttpDataFetch.java:293)
02-15 11:37:36.384 4479-6202/? W/System.err:     at z.hol.net.http.HttpDataFetch.httpGet(HttpDataFetch.java:308)
02-15 11:37:36.384 4479-6202/? W/System.err:     at com.mgyun.general.c.a$b.a(AsyncConfGetter.java:123)
02-15 11:37:36.384 4479-6202/? W/System.err:     at com.mgyun.general.c.a$b.doInBackground(AsyncConfGetter.java:105)
02-15 11:37:36.384 4479-6202/? W/System.err:     at android.os.AsyncTask$2.call(AsyncTask.java:185)
02-15 11:37:36.384 4479-6202/? W/System.err:     at java.util.concurrent.FutureTask$Sync.innerRun(FutureTask.java:306)
02-15 11:37:36.384 4479-6202/? W/System.err:     at java.util.concurrent.FutureTask.run(FutureTask.java:138)
02-15 11:37:36.384 4479-6202/? W/System.err:     at java.util.concurrent.ThreadPoolExecutor.runWorker(ThreadPoolExecutor.java:1088)
02-15 11:37:36.534 4479-6202/? W/System.err:     at java.util.concurrent.ThreadPoolExecutor$Worker.run(ThreadPoolExecutor.java:581)
02-15 11:37:36.534 4479-6202/? W/System.err:     at java.lang.Thread.run(Thread.java:1019)
02-15 11:37:36.644 129-129/? E/dun_service: Error cancelling thread 57696, error = 3 (No such process)
02-15 11:37:36.644 129-129/? I/dun_service: Joined port monitor thread 
02-15 11:37:36.644 129-129/? I/dun_service: Joined the port read thread 
02-15 11:37:36.644 129-129/? I/dun_service: Joined the port read thread 
02-15 11:37:36.644 129-129/? I/dun_service: Moved to state(DUN_STATE_USB_UNPLUG)
02-15 11:37:36.644 129-129/? I/dun_service: received event: DUN_EVENT_USB_PLUG 
02-15 11:37:36.644 129-129/? I/dun_service: received event(DUN_EVENT_USB_PLUG) in state(DUN_STATE_USB_UNPLUG)
02-15 11:37:36.644 129-129/? I/dun_service: Successfully opened SMD port: e, ext port: 14
02-15 11:37:36.644 129-129/? I/dun_service: Configured external host port in RAW mode
02-15 11:37:36.644 129-129/? I/dun_service: Moved to state(DUN_STATE_IDLE)
02-15 11:37:36.774 129-140/? I/dun_service: The value returned from dun_getusbmodemstate_fromsys is 2 
02-15 11:37:36.774 129-140/? I/dun_service: The value returned from dun_getusbmodemstate_fromsys is 2 
02-15 11:37:36.774 104-186/? W/Vold: Ignoring unknown switch 'battery'
02-15 11:37:36.844 129-7843/? I/dun_service: modem_bits0, prev_mdm_bits 0, init = 1,
02-15 11:37:36.844 129-7843/? I/dun_service: smdtoextctrl: ext port bits 256, smdoldstatus 0, init = 1
02-15 11:37:36.844 129-7843/? I/dun_service: portbridge: Turning ON external port bits 100
02-15 11:37:46.444 104-186/? W/Vold: Ignoring unknown switch 'battery'
02-15 11:37:46.444 129-140/? I/dun_service: The value returned from dun_getusbmodemstate_fromsys is 2 
02-15 11:37:50.808 129-140/? I/dun_service: The value returned from dun_getusbmodemstate_fromsys is 2 
02-15 11:37:50.808 104-186/? W/Vold: Ignoring unknown switch 'battery'
02-15 11:37:50.828 129-140/? I/dun_service: The value returned from dun_getusbmodemstate_fromsys is 2 
02-15 11:37:50.848 129-140/? I/dun_service: The value returned from dun_getusbmodemstate_fromsys is 2 
02-15 11:37:50.858 129-7843/? E/dun_service: TIOCMGET for external port failed - I/O error 
02-15 11:37:50.858 129-7843/? E/dun_service: Error in dun_monitor_ports 
02-15 11:37:51.238 4479-7913/? W/System.err: java.net.UnknownHostException: api.mgyun.com
02-15 11:37:51.238 4479-7913/? W/System.err:     at java.net.InetAddress.lookupHostByName(InetAddress.java:506)
02-15 11:37:51.238 4479-7913/? W/System.err:     at java.net.InetAddress.getAllByNameImpl(InetAddress.java:294)
02-15 11:37:51.238 4479-7913/? W/System.err:     at java.net.InetAddress.getAllByName(InetAddress.java:256)
02-15 11:37:51.238 4479-7913/? W/System.err:     at org.apache.http.impl.conn.DefaultClientConnectionOperator.openConnection(DefaultClientConnectionOperator.java:136)
02-15 11:37:51.238 4479-7913/? W/System.err:     at org.apache.http.impl.conn.AbstractPoolEntry.open(AbstractPoolEntry.java:164)
02-15 11:37:51.238 4479-7913/? W/System.err:     at org.apache.http.impl.conn.AbstractPooledConnAdapter.open(AbstractPooledConnAdapter.java:119)
02-15 11:37:51.238 4479-7913/? W/System.err:     at org.apache.http.impl.client.DefaultRequestDirector.execute(DefaultRequestDirector.java:359)
02-15 11:37:51.238 4479-7913/? W/System.err:     at org.apache.http.impl.client.AbstractHttpClient.execute(AbstractHttpClient.java:555)
02-15 11:37:51.238 4479-7913/? W/System.err:     at org.apache.http.impl.client.AbstractHttpClient.execute(AbstractHttpClient.java:487)
02-15 11:37:51.238 4479-7913/? W/System.err:     at org.apache.http.impl.client.AbstractHttpClient.execute(AbstractHttpClient.java:465)
02-15 11:37:51.238 4479-7913/? W/System.err:     at com.mgyun.shua.e.c.c(Sre.java:101)
02-15 11:37:51.238 4479-7913/? W/System.err:     at com.mgyun.shua.e.c$1.run(Sre.java:71)
02-15 11:37:51.238 4479-7913/? W/System.err:     at java.lang.Thread.run(Thread.java:1019)
02-15 11:37:51.328 4479-6209/? W/System.err: java.net.UnknownHostException: api.mgyun.com
02-15 11:37:51.328 4479-6209/? W/System.err:     at java.net.InetAddress.lookupHostByName(InetAddress.java:497)
02-15 11:37:51.328 4479-6209/? W/System.err:     at java.net.InetAddress.getAllByNameImpl(InetAddress.java:294)
02-15 11:37:51.328 4479-6209/? W/System.err:     at java.net.InetAddress.getAllByName(InetAddress.java:256)
02-15 11:37:51.328 4479-6209/? W/System.err:     at org.apache.http.impl.conn.DefaultClientConnectionOperator.openConnection(DefaultClientConnectionOperator.java:136)
02-15 11:37:51.328 4479-6209/? W/System.err:     at org.apache.http.impl.conn.AbstractPoolEntry.open(AbstractPoolEntry.java:164)
02-15 11:37:51.328 4479-6209/? W/System.err:     at org.apache.http.impl.conn.AbstractPooledConnAdapter.open(AbstractPooledConnAdapter.java:119)
02-15 11:37:51.328 4479-6209/? W/System.err:     at org.apache.http.impl.client.DefaultRequestDirector.execute(DefaultRequestDirector.java:359)
02-15 11:37:51.328 4479-6209/? W/System.err:     at org.apache.http.impl.client.AbstractHttpClient.execute(AbstractHttpClient.java:555)
02-15 11:37:51.328 4479-6209/? W/System.err:     at org.apache.http.impl.client.AbstractHttpClient.execute(AbstractHttpClient.java:487)
02-15 11:37:51.328 4479-6209/? W/System.err:     at org.apache.http.impl.client.AbstractHttpClient.execute(AbstractHttpClient.java:465)
02-15 11:37:51.328 4479-6209/? W/System.err:     at z.hol.net.http.HttpDataFetch.httpGet(HttpDataFetch.java:293)
02-15 11:37:51.328 4479-6209/? W/System.err:     at z.hol.net.http.HttpDataFetch.httpGet(HttpDataFetch.java:308)
02-15 11:37:51.328 4479-6209/? W/System.err:     at com.mgyun.general.c.a$b.a(AsyncConfGetter.java:123)
02-15 11:37:51.328 4479-6209/? W/System.err:     at com.mgyun.general.c.a$b.doInBackground(AsyncConfGetter.java:105)
02-15 11:37:51.328 4479-6209/? W/System.err:     at android.os.AsyncTask$2.call(AsyncTask.java:185)
02-15 11:37:51.328 4479-6209/? W/System.err:     at java.util.concurrent.FutureTask$Sync.innerRun(FutureTask.java:306)
02-15 11:37:51.328 4479-6209/? W/System.err:     at java.util.concurrent.FutureTask.run(FutureTask.java:138)
02-15 11:37:51.328 4479-6209/? W/System.err:     at java.util.concurrent.ThreadPoolExecutor.runWorker(ThreadPoolExecutor.java:1088)
02-15 11:37:51.328 4479-6209/? W/System.err:     at java.util.concurrent.ThreadPoolExecutor$Worker.run(ThreadPoolExecutor.java:581)
02-15 11:37:51.328 4479-6209/? W/System.err:     at java.lang.Thread.run(Thread.java:1019)
02-15 11:37:51.589 129-140/? I/dun_service: The value returned from dun_getusbmodemstate_fromsys is 2 
02-15 11:37:51.589 309-335/? V/BgRingerService: bgRingerCancel call pkg:android id:17040182
02-15 11:37:51.589 104-186/? D/Vold: USB disconnected
02-15 11:37:51.609 133-197/? I/MWMAINTE: main|mainloop|close /dev/ttyGS1(20)
02-15 11:37:52.610 309-364/? D/Tethering: InitialState.processMessage what=4
02-15 11:37:52.610 309-364/? D/Tethering: sendTetherStateChangedBroadcast 0, 0, 0
02-15 11:37:53.671 4479-5367/? W/System.err: java.io.FileNotFoundException: /mnt/sdcard/mgyapp/.st.dat (Permission denied)
02-15 11:37:53.751 4479-5367/? W/System.err:     at org.apache.harmony.luni.platform.OSFileSystem.open(Native Method)
02-15 11:37:53.751 4479-5367/? W/System.err:     at dalvik.system.BlockGuard$WrappedFileSystem.open(BlockGuard.java:232)
02-15 11:37:53.751 4479-5367/? W/System.err:     at java.io.FileOutputStream.<init>(FileOutputStream.java:94)
02-15 11:37:53.751 4479-5367/? W/System.err:     at java.io.FileOutputStream.<init>(FileOutputStream.java:66)
02-15 11:37:53.751 4479-5367/? W/System.err:     at com.mgyapp.android.b.c.a(DefaultStatisbase.java:120)
02-15 11:37:53.751 4479-5367/? W/System.err:     at com.mgyapp.android.b.c.e(DefaultStatisbase.java:106)
02-15 11:37:53.751 4479-5367/? W/System.err:     at com.mgyapp.android.controller.h$a.a(StatiseControler.java:163)
02-15 11:37:53.751 4479-5367/? W/System.err:     at com.mgyapp.android.controller.h$a.doInBackground(StatiseControler.java:155)
02-15 11:37:53.751 4479-5367/? W/System.err:     at android.os.AsyncTask$2.call(AsyncTask.java:185)
02-15 11:37:53.751 4479-5367/? W/System.err:     at java.util.concurrent.FutureTask$Sync.innerRun(FutureTask.java:306)
02-15 11:37:53.751 4479-5367/? W/System.err:     at java.util.concurrent.FutureTask.run(FutureTask.java:138)
02-15 11:37:53.751 4479-5367/? W/System.err:     at java.util.concurrent.ThreadPoolExecutor.runWorker(ThreadPoolExecutor.java:1088)
02-15 11:37:53.751 4479-5367/? W/System.err:     at java.util.concurrent.ThreadPoolExecutor$Worker.run(ThreadPoolExecutor.java:581)
02-15 11:37:53.751 4479-5367/? W/System.err:     at java.lang.Thread.run(Thread.java:1019)
02-15 11:38:05.642 5715-5734/? I/tnet-jni: 15 -  create new session: accscdn.m.taobao.com:443
02-15 11:38:05.642 5715-5734/? W/System.err: org.android.spdy.SpdyErrorException: create session error: -1107
02-15 11:38:05.642 5715-5734/? W/System.err:     at org.android.spdy.SpdyAgent.createSession(SpdyAgent.java:448)
02-15 11:38:05.642 5715-5734/? W/System.err:     at org.android.spdy.SpdyAgent.createSession(SpdyAgent.java:331)
02-15 11:38:05.642 5715-5734/? W/System.err:     at com.taobao.accs.net.l.b(Taobao:445)
02-15 11:38:05.642 5715-5734/? W/System.err:     at com.taobao.accs.net.l.b(Taobao:60)
02-15 11:38:05.642 5715-5734/? W/System.err:     at com.taobao.accs.net.l$a.a(Taobao:815)
02-15 11:38:05.642 5715-5734/? W/System.err:     at com.taobao.accs.net.l$a.run(Taobao:881)
02-15 11:38:10.807 5715-5734/? I/tnet-jni: 15 -  create new session: accscdn.m.taobao.com:443
02-15 11:38:10.807 5715-5734/? W/System.err: org.android.spdy.SpdyErrorException: create session error: -1107
02-15 11:38:10.807 5715-5734/? W/System.err:     at org.android.spdy.SpdyAgent.createSession(SpdyAgent.java:448)
02-15 11:38:10.807 5715-5734/? W/System.err:     at org.android.spdy.SpdyAgent.createSession(SpdyAgent.java:331)
02-15 11:38:10.807 5715-5734/? W/System.err:     at com.taobao.accs.net.l.b(Taobao:445)
02-15 11:38:10.807 5715-5734/? W/System.err:     at com.taobao.accs.net.l.b(Taobao:60)
02-15 11:38:10.807 5715-5734/? W/System.err:     at com.taobao.accs.net.l$a.a(Taobao:815)
02-15 11:38:10.807 5715-5734/? W/System.err:     at com.taobao.accs.net.l$a.a(Taobao:822)
02-15 11:38:10.807 5715-5734/? W/System.err:     at com.taobao.accs.net.l$a.run(Taobao:881)
02-15 11:38:15.802 5715-5734/? I/tnet-jni: 15 -  create new session: accscdn.m.taobao.com:80
02-15 11:38:15.802 5715-5734/? W/System.err: org.android.spdy.SpdyErrorException: create session error: -1107
02-15 11:38:15.802 5715-5734/? W/System.err:     at org.android.spdy.SpdyAgent.createSession(SpdyAgent.java:448)
02-15 11:38:15.802 5715-5734/? W/System.err:     at org.android.spdy.SpdyAgent.createSession(SpdyAgent.java:331)
02-15 11:38:15.802 5715-5734/? W/System.err:     at com.taobao.accs.net.l.b(Taobao:445)
02-15 11:38:15.802 5715-5734/? W/System.err:     at com.taobao.accs.net.l.b(Taobao:60)
02-15 11:38:15.802 5715-5734/? W/System.err:     at com.taobao.accs.net.l$a.a(Taobao:815)
02-15 11:38:15.802 5715-5734/? W/System.err:     at com.taobao.accs.net.l$a.a(Taobao:822)
02-15 11:38:15.802 5715-5734/? W/System.err:     at com.taobao.accs.net.l$a.a(Taobao:822)
02-15 11:38:15.802 5715-5734/? W/System.err:     at com.taobao.accs.net.l$a.run(Taobao:881)
02-15 11:38:20.837 5715-5734/? I/tnet-jni: 15 -  create new session: accscdn.m.taobao.com:80
02-15 11:38:20.837 5715-5734/? W/System.err: org.android.spdy.SpdyErrorException: create session error: -1107
02-15 11:38:20.837 5715-5734/? W/System.err:     at org.android.spdy.SpdyAgent.createSession(SpdyAgent.java:448)
02-15 11:38:20.837 5715-5734/? W/System.err:     at org.android.spdy.SpdyAgent.createSession(SpdyAgent.java:331)
02-15 11:38:20.837 5715-5734/? W/System.err:     at com.taobao.accs.net.l.b(Taobao:445)
02-15 11:38:20.837 5715-5734/? W/System.err:     at com.taobao.accs.net.l.b(Taobao:60)
02-15 11:38:20.837 5715-5734/? W/System.err:     at com.taobao.accs.net.l$a.a(Taobao:815)
02-15 11:38:20.837 5715-5734/? W/System.err:     at com.taobao.accs.net.l$a.a(Taobao:822)
02-15 11:38:20.837 5715-5734/? W/System.err:     at com.taobao.accs.net.l$a.a(Taobao:822)
02-15 11:38:20.837 5715-5734/? W/System.err:     at com.taobao.accs.net.l$a.a(Taobao:822)
02-15 11:38:20.837 5715-5734/? W/System.err:     at com.taobao.accs.net.l$a.run(Taobao:881)
02-15 11:38:36.573 129-140/? I/dun_service: The value returned from dun_getusbmodemstate_fromsys is 2 
02-15 11:38:36.573 104-186/? W/Vold: Ignoring unknown switch 'battery'
02-15 11:38:43.329 309-518/? V/BgRingerService: bgRingerCancelAll call
02-15 11:38:46.853 309-3944/? I/ActivityManager: Starting: Intent { cmp=jp.co.sharp.android.usbmode/.UsbMode bnds=[0,277][540,376] } from pid -1
02-15 11:38:46.853 309-3944/? W/ActivityManager: startActivity called from non-Activity context; forcing Intent.FLAG_ACTIVITY_NEW_TASK for: Intent { cmp=jp.co.sharp.android.usbmode/.UsbMode bnds=[0,277][540,376] }
02-15 11:38:47.203 309-501/? I/ActivityManager: Start proc jp.co.sharp.android.usbmode for activity jp.co.sharp.android.usbmode/.UsbMode: pid=7985 uid=10051 gids={}
02-15 11:38:47.273 309-314/? V/BgRingerService: bgRingerCancelAll call
02-15 11:38:47.553 309-469/? W/InputManagerService: Window already focused, ignoring focus gain of: com.android.internal.view.IInputMethodClient$Stub$Proxy@408519c0
02-15 11:38:47.593 7985-7985/? V/ResourceUtils: Enhancing Resources is once.
02-15 11:38:47.793 587-612/? W/LL_Core: [LifeLogDatabaseInsertSpareParts]Could NOT insert the usage log because the launch date is before year 2000.
02-15 11:38:48.184 309-353/? I/ActivityManager: Displayed jp.co.sharp.android.usbmode/.UsbMode: +1s14ms
02-15 11:38:49.145 309-395/? D/OBEXMnger: handleMsgRecvUsbDisable:8 :USB
02-15 11:38:49.145 126-142/? E/obmgmain: all end st:0x0
02-15 11:38:49.145 309-7523/? I/OBEXMngerUSB: onRecvDisconnectComplete() in
02-15 11:38:49.145 309-7523/? I/OBEXMngerUSB: disconnectResult :9
02-15 11:38:49.145 309-7523/? I/OBEXMngerUSB: onRecvDisconnectComplete() out
02-15 11:38:49.145 309-7523/? I/OBEXMngerUSB: setAirplaneMode() for USB:1
02-15 11:38:49.145 309-7523/? E/OBEXMngerUSB: m_deviceType : null
02-15 11:38:49.145 309-7523/? V/OBEXMnger: restoreAddrSyncState() in
02-15 11:38:49.145 309-7523/? V/OBEXMnger: address sync not stopped
02-15 11:38:49.145 309-7523/? V/OBEXMnger: restoreAddrSyncState() out
02-15 11:38:49.145 309-7523/? D/OBEXMnger: Thread run() out
02-15 11:38:49.145 126-142/? E/obmgmain: session end. wait next accept
02-15 11:38:49.185 129-140/? I/dun_service: The value returned from dun_getusbmodemstate_fromsys is 2 
02-15 11:38:49.205 129-140/? I/dun_service: The value returned from dun_getusbmodemstate_fromsys is 2 
02-15 11:38:49.215 129-140/? I/dun_service: The value returned from dun_getusbmodemstate_fromsys is 1 
02-15 11:38:49.215 129-140/? I/dun_service: Post event 1
02-15 11:38:49.215 129-140/? I/dun_service: /dev/dun_data open case3 dun_data_fd:21
02-15 11:38:49.215 129-129/? I/dun_service: received event: DUN_EVENT_USB_UNPLUG 
02-15 11:38:49.215 129-129/? I/dun_service: received event(DUN_EVENT_USB_UNPLUG) in state(DUN_STATE_IDLE)
02-15 11:38:49.235 129-140/? I/dun_service: The value returned from dun_getusbmodemstate_fromsys is 1 
02-15 11:38:49.235 129-140/? I/dun_service: Post event 1
02-15 11:38:49.235 104-186/? D/Vold: usb_mass_storage function enabled
02-15 11:38:49.235 104-186/? D/Vold: Share method ums now available
02-15 11:38:49.235 405-555/? I/StorageNotification: UMS connection changed to true (media state removed)
02-15 11:38:49.265 129-140/? I/dun_service: The value returned from dun_getusbmodemstate_fromsys is 1 
02-15 11:38:49.265 129-140/? I/dun_service: Post event 1
02-15 11:38:49.265 309-368/? V/BgRingerService: bgRingerStartEx call
02-15 11:38:49.265 309-368/? D/BgRingerService: defaults:0 flags:2
02-15 11:38:49.265 309-368/? D/BgRingerService: categorized options:0 Pattern:0 Color:0
02-15 11:38:49.265 309-368/? D/BgRingerService: SetData soundUri:null,category:5,sttype:5,time:5
02-15 11:38:49.265 104-186/? W/Vold: Ignoring unknown switch 'MSM72K_UDC'
02-15 11:38:49.265 309-336/? I/ActivityManager: Start proc jp.co.sharp.android.capability for broadcast jp.co.sharp.android.capability/.CapabilityService$CapabilityReceiver: pid=7999 uid=10099 gids={1015}
02-15 11:38:49.505 7999-7999/? D/CapabilityReceiver: received action.UMS_CONNECTED
02-15 11:38:49.515 129-140/? I/dun_service: The value returned from dun_getusbmodemstate_fromsys is 1 
02-15 11:38:49.515 129-140/? I/dun_service: Post event 1
02-15 11:38:49.515 104-186/? W/Vold: Ignoring unknown switch 'usb_mass_storage'
02-15 11:38:49.545 129-140/? I/dun_service: The value returned from dun_getusbmodemstate_fromsys is 1 
02-15 11:38:49.545 129-140/? I/dun_service: Post event 1
02-15 11:38:49.545 104-186/? W/Vold: Ignoring unknown switch 'MSM72K_UDC'
02-15 11:38:49.565 133-197/? I/MWMAINTE: main|is_connected|not connected.
02-15 11:38:49.565 129-140/? I/dun_service: The value returned from dun_getusbmodemstate_fromsys is 1 
02-15 11:38:49.565 129-140/? I/dun_service: Post event 1
02-15 11:38:49.565 104-186/? D/Vold: USB connected
02-15 11:38:49.575 309-335/? V/BgRingerService: bgRingerStartEx call
02-15 11:38:49.585 309-335/? D/BgRingerService: defaults:0 flags:2
02-15 11:38:49.585 309-335/? D/BgRingerService: categorized options:0 Pattern:0 Color:0
02-15 11:38:49.585 309-335/? D/BgRingerService: SetData soundUri:null,category:5,sttype:5,time:5
