02-15 11:49:53.973 4479-6192/? W/System.err:     at java.util.concurrent.ThreadPoolExecutor$Worker.run(ThreadPoolExecutor.java:581)
02-15 11:49:53.983 4479-6192/? W/System.err:     at java.lang.Thread.run(Thread.java:1019)
02-15 11:51:24.251 4479-4479/? W/KeyCharacterMap: Can't open keycharmap file
02-15 11:51:24.251 4479-4479/? W/KeyCharacterMap: Error loading keycharmap file '/system/usr/keychars/SH_matrix-keypad.kcm.bin'. SH_matrix-keypad
02-15 11:51:24.251 4479-4479/? W/KeyCharacterMap: Using default keymap: /system/usr/keychars/qwerty.kcm.bin
02-15 11:51:24.251 309-456/? I/ActivityManager: Starting: Intent { cmp=com.mgyapp.android/.ui.MainCoolActivity (has extras) } from pid 4479
02-15 11:51:24.322 4479-4479/? E/com.umeng.message.UTrack: RegistrationId is empty
02-15 11:51:24.332 4479-4479/? E/com.umeng.message.UTrack: RegistrationId is empty
02-15 11:51:24.392 309-478/? W/ActivityManager: Unable to start service Intent { cmp=com.mgyapp.android/com.mgyun.baseui.framework.service.MgyunService (has extras) }: not found
02-15 11:51:24.412 4479-6171/? W/System.err: java.lang.IllegalArgumentException: unexpected url: G/zx8qW7vsLEx5PT1bm9r6K2+7GAic6ylJciWGJsdmRn
02-15 11:51:24.422 4479-6171/? W/System.err:     at b.z$a.a(Request.java:141)
02-15 11:51:24.422 4479-6171/? W/System.err:     at com.mgyun.colif.c.a(Colif.java:85)
02-15 11:51:24.422 4479-6171/? W/System.err:     at com.mgyun.colif.c.a(Colif.java:37)
02-15 11:51:24.422 4479-6171/? W/System.err:     at com.mgyun.colif.c$2.a(Colif.java:156)
02-15 11:51:24.422 4479-6171/? W/System.err:     at com.mgyun.colif.c$2.a(Colif.java:140)
02-15 11:51:24.422 4479-6171/? W/System.err:     at rx.d.a.a(SafeSubscriber.java:134)
02-15 11:51:24.422 4479-6171/? W/System.err:     at rx.c.a.i$e.a(OperatorMerge.java:395)
02-15 11:51:24.422 4479-6171/? W/System.err:     at rx.c.a.i$e.a(OperatorMerge.java:355)
02-15 11:51:24.422 4479-6171/? W/System.err:     at rx.c.a.i$c.a(OperatorMerge.java:846)
02-15 11:51:24.422 4479-6171/? W/System.err:     at rx.c.b.b.a(SingleDelayedProducer.java:102)
02-15 11:51:24.422 4479-6171/? W/System.err:     at rx.c.b.b.a(SingleDelayedProducer.java:85)
02-15 11:51:24.422 4479-6171/? W/System.err:     at rx.c.a.d.a(OnSubscribeFromCallable.java:48)
02-15 11:51:24.422 4479-6171/? W/System.err:     at rx.c.a.d.a(OnSubscribeFromCallable.java:33)
02-15 11:51:24.422 4479-6171/? W/System.err:     at rx.c.a(Observable.java:10200)
02-15 11:51:24.422 4479-6171/? W/System.err:     at rx.c.a.i$e.a(OperatorMerge.java:248)
02-15 11:51:24.422 4479-6171/? W/System.err:     at rx.c.a.i$e.a(OperatorMerge.java:148)
02-15 11:51:24.422 4479-6171/? W/System.err:     at rx.c.a.f$a.a(OnSubscribeMap.java:77)
02-15 11:51:24.422 4479-6171/? W/System.err:     at rx.c.a.l$1$1.a(OperatorSubscribeOn.java:53)
02-15 11:51:24.422 4479-6171/? W/System.err:     at rx.c.b.b.a(SingleDelayedProducer.java:102)
02-15 11:51:24.422 4479-6171/? W/System.err:     at rx.c.b.b.a(SingleDelayedProducer.java:85)
02-15 11:51:24.422 4479-6171/? W/System.err:     at rx.c.a.d.a(OnSubscribeFromCallable.java:48)
02-15 11:51:24.422 4479-6171/? W/System.err:     at rx.c.a.d.a(OnSubscribeFromCallable.java:33)
02-15 11:51:24.422 4479-6171/? W/System.err:     at rx.c.a(Observable.java:10200)
02-15 11:51:24.422 4479-6171/? W/System.err:     at rx.c.a.l$1.a(OperatorSubscribeOn.java:94)
02-15 11:51:24.422 4479-6171/? W/System.err:     at rx.c.c.b$a$1.a(EventLoopsScheduler.java:172)
02-15 11:51:24.422 4479-6171/? W/System.err:     at rx.c.c.h.run(ScheduledAction.java:55)
02-15 11:51:24.422 4479-6171/? W/System.err:     at java.util.concurrent.Executors$RunnableAdapter.call(Executors.java:444)
02-15 11:51:24.422 4479-6171/? W/System.err:     at java.util.concurrent.FutureTask$Sync.innerRun(FutureTask.java:306)
02-15 11:51:24.422 4479-6171/? W/System.err:     at java.util.concurrent.FutureTask.run(FutureTask.java:138)
02-15 11:51:24.422 4479-6171/? W/System.err:     at java.util.concurrent.ScheduledThreadPoolExecutor$ScheduledFutureTask.access$201(ScheduledThreadPoolExecutor.java:153)
02-15 11:51:24.422 4479-6171/? W/System.err:     at java.util.concurrent.ScheduledThreadPoolExecutor$ScheduledFutureTask.run(ScheduledThreadPoolExecutor.java:267)
02-15 11:51:24.422 4479-6171/? W/System.err:     at java.util.concurrent.ThreadPoolExecutor.runWorker(ThreadPoolExecutor.java:1088)
02-15 11:51:24.422 4479-6171/? W/System.err:     at java.util.concurrent.ThreadPoolExecutor$Worker.run(ThreadPoolExecutor.java:581)
02-15 11:51:24.422 4479-6171/? W/System.err:     at java.lang.Thread.run(Thread.java:1019)
02-15 11:51:24.502 4479-4479/? I/MainTab: login false false
02-15 11:51:24.562 4479-15490/? W/System.err: java.net.UnknownHostException: api.mgyun.com
02-15 11:51:24.592 4479-15490/? W/System.err:     at java.net.InetAddress.lookupHostByName(InetAddress.java:506)
02-15 11:51:24.592 4479-15490/? W/System.err:     at java.net.InetAddress.getAllByNameImpl(InetAddress.java:294)
02-15 11:51:24.592 4479-15490/? W/System.err:     at java.net.InetAddress.getAllByName(InetAddress.java:256)
02-15 11:51:24.592 4479-15490/? W/System.err:     at org.apache.http.impl.conn.DefaultClientConnectionOperator.openConnection(DefaultClientConnectionOperator.java:136)
02-15 11:51:24.592 4479-15490/? W/System.err:     at org.apache.http.impl.conn.AbstractPoolEntry.open(AbstractPoolEntry.java:164)
02-15 11:51:24.592 4479-15490/? W/System.err:     at org.apache.http.impl.conn.AbstractPooledConnAdapter.open(AbstractPooledConnAdapter.java:119)
02-15 11:51:24.592 4479-15490/? W/System.err:     at org.apache.http.impl.client.DefaultRequestDirector.execute(DefaultRequestDirector.java:359)
02-15 11:51:24.592 4479-15490/? W/System.err:     at org.apache.http.impl.client.AbstractHttpClient.execute(AbstractHttpClient.java:555)
02-15 11:51:24.592 4479-15490/? W/System.err:     at org.apache.http.impl.client.AbstractHttpClient.execute(AbstractHttpClient.java:487)
02-15 11:51:24.592 4479-15490/? W/System.err:     at org.apache.http.impl.client.AbstractHttpClient.execute(AbstractHttpClient.java:465)
02-15 11:51:24.592 4479-15490/? W/System.err:     at com.mgyun.shua.e.c.c(Sre.java:101)
02-15 11:51:24.592 4479-15490/? W/System.err:     at com.mgyun.shua.e.c$1.run(Sre.java:71)
02-15 11:51:24.592 4479-15490/? W/System.err:     at java.lang.Thread.run(Thread.java:1019)
02-15 11:51:24.602 4479-6202/? W/System.err: java.net.UnknownHostException: api.mgyun.com
02-15 11:51:24.612 4479-6202/? W/System.err:     at java.net.InetAddress.lookupHostByName(InetAddress.java:497)
02-15 11:51:24.612 4479-6201/? W/System.err: java.net.UnknownHostException: products.mgyun.com
02-15 11:51:24.622 4479-6202/? W/System.err:     at java.net.InetAddress.getAllByNameImpl(InetAddress.java:294)
02-15 11:51:24.622 4479-6202/? W/System.err:     at java.net.InetAddress.getAllByName(InetAddress.java:256)
02-15 11:51:24.622 4479-6202/? W/System.err:     at org.apache.http.impl.conn.DefaultClientConnectionOperator.openConnection(DefaultClientConnectionOperator.java:136)
02-15 11:51:24.622 4479-6202/? W/System.err:     at org.apache.http.impl.conn.AbstractPoolEntry.open(AbstractPoolEntry.java:164)
02-15 11:51:24.622 4479-6202/? W/System.err:     at org.apache.http.impl.conn.AbstractPooledConnAdapter.open(AbstractPooledConnAdapter.java:119)
02-15 11:51:24.632 4479-6202/? W/System.err:     at org.apache.http.impl.client.DefaultRequestDirector.execute(DefaultRequestDirector.java:359)
02-15 11:51:24.632 4479-6201/? W/System.err:     at java.net.InetAddress.lookupHostByName(InetAddress.java:506)
02-15 11:51:24.632 4479-6201/? W/System.err:     at java.net.InetAddress.getAllByNameImpl(InetAddress.java:294)
02-15 11:51:24.632 4479-6201/? W/System.err:     at java.net.InetAddress.getAllByName(InetAddress.java:256)
02-15 11:51:24.642 4479-6202/? W/System.err:     at org.apache.http.impl.client.AbstractHttpClient.execute(AbstractHttpClient.java:555)
02-15 11:51:24.642 4479-6201/? W/System.err:     at org.apache.http.impl.conn.DefaultClientConnectionOperator.openConnection(DefaultClientConnectionOperator.java:136)
02-15 11:51:24.642 4479-6202/? W/System.err:     at org.apache.http.impl.client.AbstractHttpClient.execute(AbstractHttpClient.java:487)
02-15 11:51:24.642 4479-6202/? W/System.err:     at org.apache.http.impl.client.AbstractHttpClient.execute(AbstractHttpClient.java:465)
02-15 11:51:24.642 4479-6202/? W/System.err:     at z.hol.net.http.HttpDataFetch.httpGet(HttpDataFetch.java:293)
02-15 11:51:24.642 4479-6202/? W/System.err:     at z.hol.net.http.HttpDataFetch.httpGet(HttpDataFetch.java:308)
02-15 11:51:24.642 4479-6201/? W/System.err:     at org.apache.http.impl.conn.AbstractPoolEntry.open(AbstractPoolEntry.java:164)
02-15 11:51:24.642 4479-6201/? W/System.err:     at org.apache.http.impl.conn.AbstractPooledConnAdapter.open(AbstractPooledConnAdapter.java:119)
02-15 11:51:24.642 4479-6201/? W/System.err:     at org.apache.http.impl.client.DefaultRequestDirector.execute(DefaultRequestDirector.java:359)
02-15 11:51:24.642 4479-6201/? W/System.err:     at org.apache.http.impl.client.AbstractHttpClient.execute(AbstractHttpClient.java:555)
02-15 11:51:24.652 4479-6202/? W/System.err:     at com.mgyun.general.c.a$b.a(AsyncConfGetter.java:123)
02-15 11:51:24.672 4479-6202/? W/System.err:     at com.mgyun.general.c.a$b.doInBackground(AsyncConfGetter.java:105)
02-15 11:51:24.672 4479-6202/? W/System.err:     at android.os.AsyncTask$2.call(AsyncTask.java:185)
02-15 11:51:24.672 4479-4479/? W/FragmentManager: moveToState: Fragment state for NewAppFragment{405351e8 #1 id=0x7f0e0096 android:switcher:2131624086:1} not updated inline; expected state 3 found 2
02-15 11:51:24.672 4479-6202/? W/System.err:     at java.util.concurrent.FutureTask$Sync.innerRun(FutureTask.java:306)
02-15 11:51:24.672 4479-6201/? W/System.err:     at org.apache.http.impl.client.AbstractHttpClient.execute(AbstractHttpClient.java:487)
02-15 11:51:24.682 4479-6201/? W/System.err:     at org.apache.http.impl.client.AbstractHttpClient.execute(AbstractHttpClient.java:465)
02-15 11:51:24.682 4479-6201/? W/System.err:     at z.hol.net.http.HttpDataFetch.httpGet(HttpDataFetch.java:293)
02-15 11:51:24.702 4479-6201/? W/System.err:     at z.hol.net.http.HttpDataFetch.httpGet(HttpDataFetch.java:308)
02-15 11:51:24.702 4479-6201/? W/System.err:     at com.mgyapp.android.d.a.c.a(HttpHelper.java:254)
02-15 11:51:24.752 4479-6202/? W/System.err:     at java.util.concurrent.FutureTask.run(FutureTask.java:138)
02-15 11:51:24.752 4479-6202/? W/System.err:     at java.util.concurrent.ThreadPoolExecutor.runWorker(ThreadPoolExecutor.java:1088)
02-15 11:51:24.772 4479-6202/? W/System.err:     at java.util.concurrent.ThreadPoolExecutor$Worker.run(ThreadPoolExecutor.java:581)
02-15 11:51:24.772 4479-6202/? W/System.err:     at java.lang.Thread.run(Thread.java:1019)
02-15 11:51:24.772 4479-6201/? W/System.err:     at com.mgyapp.android.controller.AutoUpdateControler$a.a(AutoUpdateControler.java:191)
02-15 11:51:24.772 4479-6201/? W/System.err:     at com.mgyapp.android.controller.AutoUpdateControler$a.doInBackground(AutoUpdateControler.java:170)
02-15 11:51:24.772 4479-6201/? W/System.err:     at android.os.AsyncTask$2.call(AsyncTask.java:185)
02-15 11:51:24.812 4479-6201/? W/System.err:     at java.util.concurrent.FutureTask$Sync.innerRun(FutureTask.java:306)
02-15 11:51:24.812 4479-6201/? W/System.err:     at java.util.concurrent.FutureTask.run(FutureTask.java:138)
02-15 11:51:24.812 4479-6201/? W/System.err:     at java.util.concurrent.ThreadPoolExecutor.runWorker(ThreadPoolExecutor.java:1088)
02-15 11:51:24.812 4479-6201/? W/System.err:     at java.util.concurrent.ThreadPoolExecutor$Worker.run(ThreadPoolExecutor.java:581)
02-15 11:51:24.812 4479-6201/? W/System.err:     at java.lang.Thread.run(Thread.java:1019)
02-15 11:51:24.822 4479-5367/? W/System.err: java.net.UnknownHostException: api.mgyapp.com
02-15 11:51:24.822 4479-6192/? W/System.err: java.net.UnknownHostException: api.mgyapp.com
02-15 11:51:24.822 4479-5367/? W/System.err:     at java.net.InetAddress.lookupHostByName(InetAddress.java:506)
02-15 11:51:24.832 4479-5367/? W/System.err:     at java.net.InetAddress.getAllByNameImpl(InetAddress.java:294)
02-15 11:51:24.832 4479-5367/? W/System.err:     at java.net.InetAddress.getAllByName(InetAddress.java:256)
02-15 11:51:24.832 4479-5367/? W/System.err:     at org.apache.http.impl.conn.DefaultClientConnectionOperator.openConnection(DefaultClientConnectionOperator.java:136)
02-15 11:51:24.832 4479-5367/? W/System.err:     at org.apache.http.impl.conn.AbstractPoolEntry.open(AbstractPoolEntry.java:164)
02-15 11:51:24.832 4479-5367/? W/System.err:     at org.apache.http.impl.conn.AbstractPooledConnAdapter.open(AbstractPooledConnAdapter.java:119)
02-15 11:51:24.832 4479-5367/? W/System.err:     at org.apache.http.impl.client.DefaultRequestDirector.execute(DefaultRequestDirector.java:359)
02-15 11:51:24.832 4479-5367/? W/System.err:     at org.apache.http.impl.client.AbstractHttpClient.execute(AbstractHttpClient.java:555)
02-15 11:51:24.832 4479-5367/? W/System.err:     at org.apache.http.impl.client.AbstractHttpClient.execute(AbstractHttpClient.java:487)
02-15 11:51:24.832 4479-6192/? W/System.err:     at java.net.InetAddress.lookupHostByName(InetAddress.java:497)
02-15 11:51:24.832 4479-6192/? W/System.err:     at java.net.InetAddress.getAllByNameImpl(InetAddress.java:294)
02-15 11:51:24.842 4479-6192/? W/System.err:     at java.net.InetAddress.getAllByName(InetAddress.java:256)
02-15 11:51:24.842 4479-6192/? W/System.err:     at org.apache.http.impl.conn.DefaultClientConnectionOperator.openConnection(DefaultClientConnectionOperator.java:136)
02-15 11:51:24.842 4479-5367/? W/System.err:     at org.apache.http.impl.client.AbstractHttpClient.execute(AbstractHttpClient.java:465)
02-15 11:51:24.842 4479-6192/? W/System.err:     at org.apache.http.impl.conn.AbstractPoolEntry.open(AbstractPoolEntry.java:164)
02-15 11:51:24.842 4479-6192/? W/System.err:     at org.apache.http.impl.conn.AbstractPooledConnAdapter.open(AbstractPooledConnAdapter.java:119)
02-15 11:51:24.842 4479-5367/? W/System.err:     at z.hol.net.http.HttpDataFetch.httpGet(HttpDataFetch.java:293)
02-15 11:51:24.852 4479-6192/? W/System.err:     at org.apache.http.impl.client.DefaultRequestDirector.execute(DefaultRequestDirector.java:359)
02-15 11:51:24.852 4479-5367/? W/System.err:     at z.hol.net.http.HttpDataFetch.httpGet(HttpDataFetch.java:308)
02-15 11:51:24.852 4479-5367/? W/System.err:     at com.mgyapp.android.d.a.c.a(HttpHelper.java:1295)
02-15 11:51:24.852 4479-6192/? W/System.err:     at org.apache.http.impl.client.AbstractHttpClient.execute(AbstractHttpClient.java:555)
02-15 11:51:24.852 4479-6192/? W/System.err:     at org.apache.http.impl.client.AbstractHttpClient.execute(AbstractHttpClient.java:487)
02-15 11:51:24.852 4479-6192/? W/System.err:     at org.apache.http.impl.client.AbstractHttpClient.execute(AbstractHttpClient.java:465)
02-15 11:51:24.852 4479-6192/? W/System.err:     at z.hol.net.http.HttpDataFetch.httpGet(HttpDataFetch.java:293)
02-15 11:51:24.852 4479-6192/? W/System.err:     at z.hol.net.http.HttpDataFetch.httpGet(HttpDataFetch.java:308)
02-15 11:51:24.852 4479-6192/? W/System.err:     at com.mgyapp.android.d.a.c.a(HttpHelper.java:1295)
02-15 11:51:24.852 4479-6192/? W/System.err:     at com.mgyapp.android.d.a.c.a(HttpHelper.java:1244)
02-15 11:51:24.852 4479-6192/? W/System.err:     at com.mgyapp.android.ui.NewAppItemFragment.b(NewAppItemFragment.java:38)
02-15 11:51:24.852 4479-6192/? W/System.err:     at com.mgyapp.android.ui.AbsAppListFragment$a.a(AbsAppListFragment.java:281)
02-15 11:51:24.852 4479-6192/? W/System.err:     at com.mgyapp.android.ui.AbsAppListFragment$a.doInBackground(AbsAppListFragment.java:253)
02-15 11:51:24.852 4479-6192/? W/System.err:     at android.os.AsyncTask$2.call(AsyncTask.java:185)
02-15 11:51:24.852 4479-6192/? W/System.err:     at java.util.concurrent.FutureTask$Sync.innerRun(FutureTask.java:306)
02-15 11:51:24.852 4479-6192/? W/System.err:     at java.util.concurrent.FutureTask.run(FutureTask.java:138)
02-15 11:51:24.852 4479-6192/? W/System.err:     at java.util.concurrent.ThreadPoolExecutor.runWorker(ThreadPoolExecutor.java:1088)
02-15 11:51:24.852 4479-6192/? W/System.err:     at java.util.concurrent.ThreadPoolExecutor$Worker.run(ThreadPoolExecutor.java:581)
02-15 11:51:24.852 4479-6192/? W/System.err:     at java.lang.Thread.run(Thread.java:1019)
02-15 11:51:24.862 4479-5367/? W/System.err:     at com.mgyapp.android.d.a.c.a(HttpHelper.java:1228)
02-15 11:51:24.862 4479-5367/? W/System.err:     at com.mgyapp.android.ui.AppMainNewFragment.b(AppMainNewFragment.java:206)
02-15 11:51:24.862 4479-5367/? W/System.err:     at com.mgyapp.android.ui.CommonAppFragment$b.a(CommonAppFragment.java:241)
02-15 11:51:24.862 4479-5367/? W/System.err:     at com.mgyapp.android.ui.CommonAppFragment$b.doInBackground(CommonAppFragment.java:212)
02-15 11:51:24.862 4479-5367/? W/System.err:     at android.os.AsyncTask$2.call(AsyncTask.java:185)
02-15 11:51:24.862 4479-5367/? W/System.err:     at java.util.concurrent.FutureTask$Sync.innerRun(FutureTask.java:306)
02-15 11:51:24.862 4479-5367/? W/System.err:     at java.util.concurrent.FutureTask.run(FutureTask.java:138)
02-15 11:51:24.862 4479-5367/? W/System.err:     at java.util.concurrent.ThreadPoolExecutor.runWorker(ThreadPoolExecutor.java:1088)
02-15 11:51:24.872 4479-5367/? W/System.err:     at java.util.concurrent.ThreadPoolExecutor$Worker.run(ThreadPoolExecutor.java:581)
02-15 11:51:24.872 4479-5367/? W/System.err:     at java.lang.Thread.run(Thread.java:1019)
02-15 11:51:24.882 309-353/? I/ActivityManager: Displayed com.mgyapp.android/.ui.MainCoolActivity: +614ms (total +8m39s131ms)
02-15 11:51:24.932 4479-6209/? W/System.err: java.net.UnknownHostException: api.mgyapp.com
02-15 11:51:24.932 4479-6209/? W/System.err:     at java.net.InetAddress.lookupHostByName(InetAddress.java:497)
02-15 11:51:24.932 4479-6209/? W/System.err:     at java.net.InetAddress.getAllByNameImpl(InetAddress.java:294)
02-15 11:51:24.932 4479-6209/? W/System.err:     at java.net.InetAddress.getAllByName(InetAddress.java:256)
02-15 11:51:24.932 4479-6209/? W/System.err:     at org.apache.http.impl.conn.DefaultClientConnectionOperator.openConnection(DefaultClientConnectionOperator.java:136)
02-15 11:51:24.932 4479-6209/? W/System.err:     at org.apache.http.impl.conn.AbstractPoolEntry.open(AbstractPoolEntry.java:164)
02-15 11:51:24.932 4479-6209/? W/System.err:     at org.apache.http.impl.conn.AbstractPooledConnAdapter.open(AbstractPooledConnAdapter.java:119)
02-15 11:51:24.932 4479-6209/? W/System.err:     at org.apache.http.impl.client.DefaultRequestDirector.execute(DefaultRequestDirector.java:359)
02-15 11:51:24.932 4479-6209/? W/System.err:     at org.apache.http.impl.client.AbstractHttpClient.execute(AbstractHttpClient.java:555)
02-15 11:51:24.932 4479-6209/? W/System.err:     at org.apache.http.impl.client.AbstractHttpClient.execute(AbstractHttpClient.java:487)
02-15 11:51:24.932 4479-6209/? W/System.err:     at org.apache.http.impl.client.AbstractHttpClient.execute(AbstractHttpClient.java:465)
02-15 11:51:24.932 4479-6209/? W/System.err:     at com.mgyapp.android.d.a.c.b(HttpHelper.java:1566)
02-15 11:51:24.932 4479-6209/? W/System.err:     at com.mgyapp.android.e.g.e(UpdatableAppChecker.java:398)
02-15 11:51:24.932 4479-6209/? W/System.err:     at com.mgyapp.android.e.g.e(UpdatableAppChecker.java:36)
02-15 11:51:24.932 4479-6209/? W/System.err:     at com.mgyapp.android.e.g$b.a(UpdatableAppChecker.java:224)
02-15 11:51:24.932 4479-6209/? W/System.err:     at com.mgyapp.android.e.g$b.doInBackground(UpdatableAppChecker.java:159)
02-15 11:51:24.932 4479-6209/? W/System.err:     at android.os.AsyncTask$2.call(AsyncTask.java:185)
02-15 11:51:24.932 4479-6209/? W/System.err:     at java.util.concurrent.FutureTask$Sync.innerRun(FutureTask.java:306)
02-15 11:51:24.932 4479-6209/? W/System.err:     at java.util.concurrent.FutureTask.run(FutureTask.java:138)
02-15 11:51:24.932 4479-6209/? W/System.err:     at java.util.concurrent.ThreadPoolExecutor.runWorker(ThreadPoolExecutor.java:1088)
02-15 11:51:24.932 4479-6209/? W/System.err:     at java.util.concurrent.ThreadPoolExecutor$Worker.run(ThreadPoolExecutor.java:581)
02-15 11:51:24.932 4479-6209/? W/System.err:     at java.lang.Thread.run(Thread.java:1019)
02-15 11:51:27.505 309-355/? I/ActivityManager: Starting: Intent { act=android.intent.action.MAIN cat=[android.intent.category.HOME] flg=0x10200000 cmp=com.android.launcher2/.Launcher } from pid 309
02-15 11:51:27.615 447-447/? D/skia: purging 202K from font cache [17 entries]
02-15 11:51:27.625 587-612/? W/LL_Core: [LifeLogDatabaseInsertSpareParts]Could NOT insert the usage log because the launch date is before year 2000.
02-15 11:51:28.235 447-447/? D/skia: purging 206K from font cache [14 entries]
02-15 11:51:31.118 309-502/? I/ActivityManager: Starting: Intent { act=android.intent.action.MAIN cat=[android.intent.category.LAUNCHER] flg=0x10200000 cmp=com.android.settings/.Settings bnds=[209,629][330,792] } from pid 447
02-15 11:51:31.298 587-612/? W/LL_Core: [LifeLogDatabaseInsertSpareParts]Could NOT insert the usage log because the launch date is before year 2000.
02-15 11:51:31.779 309-335/? I/WindowManager: Setting rotation to 3, animFlags=0
02-15 11:51:31.799 309-335/? I/ActivityManager: Config changed: { scale=1.0 imsi=0/0 loc=ja_JP touch=3 keys=1/1/2 nav=1/1 orien=2 layout=268435490 uiMode=17 seq=67}
02-15 11:51:32.620 309-3944/? I/ActivityManager: No longer want com.android.providers.calendar (pid 4355): hidden #16
02-15 11:51:34.131 309-455/? I/ActivityManager: Starting: Intent { act=android.intent.action.MAIN cmp=com.android.settings/.ApplicationSettings } from pid 1017
02-15 11:51:34.191 587-612/? W/LL_Core: [LifeLogDatabaseInsert]Could NOT insert the log because the log date is before year 2000.
02-15 11:51:34.381 309-353/? I/ActivityManager: Displayed com.android.settings/.ApplicationSettings: +227ms
02-15 11:51:34.942 309-336/? W/ProcessStats: Skipping unknown process pid 15590
02-15 11:51:34.942 309-336/? W/ProcessStats: Skipping unknown process pid 15591
02-15 11:51:37.414 309-485/? I/ActivityManager: Starting: Intent { act=android.intent.action.MAIN cmp=com.android.settings/.ManageApplications } from pid 1017
02-15 11:51:37.645 1017-1017/? D/skia: purging 191K from font cache [17 entries]
02-15 11:51:37.795 309-353/? I/ActivityManager: Displayed com.android.settings/.ManageApplications: +353ms
02-15 11:51:38.766 129-140/? I/dun_service: The value returned from dun_getusbmodemstate_fromsys is 1 
02-15 11:51:38.766 129-140/? I/dun_service: Post event 1
02-15 11:51:38.766 104-186/? W/Vold: Ignoring unknown switch 'battery'
02-15 11:51:38.776 129-129/? I/dun_service: received event: DUN_EVENT_USB_UNPLUG 
02-15 11:51:38.776 129-129/? I/dun_service: received event(DUN_EVENT_USB_UNPLUG) in state(DUN_STATE_USB_UNPLUG)
02-15 11:51:38.776 129-129/? I/dun_service: Ignoring the event DUN_EVENT_USB_UNPLUG in USB_UNPLUG_STATE
02-15 11:51:38.776 129-129/? I/dun_service: Moved to state(DUN_STATE_USB_UNPLUG)
02-15 11:51:38.786 129-140/? I/dun_service: The value returned from dun_getusbmodemstate_fromsys is 1 
02-15 11:51:38.786 129-140/? I/dun_service: Post event 1
02-15 11:51:38.786 129-129/? I/dun_service: received event: DUN_EVENT_USB_UNPLUG 
02-15 11:51:38.786 129-129/? I/dun_service: received event(DUN_EVENT_USB_UNPLUG) in state(DUN_STATE_USB_UNPLUG)
02-15 11:51:38.786 129-129/? I/dun_service: Ignoring the event DUN_EVENT_USB_UNPLUG in USB_UNPLUG_STATE
02-15 11:51:38.786 129-129/? I/dun_service: Moved to state(DUN_STATE_USB_UNPLUG)
02-15 11:51:42.009 309-469/? I/ActivityManager: Starting: Intent { act=android.settings.APPLICATION_DETAILS_SETTINGS dat=package:com.mgyapp.android cmp=com.android.settings/.applications.InstalledAppDetails } from pid 1017
02-15 11:51:42.189 1017-1017/? I/AppSecurityPermissions: Ignoring unknown permission:android.permission.READ_EXTERNAL_STORAGE
02-15 11:51:42.189 1017-1017/? I/AppSecurityPermissions: Ignoring unknown permission:android.permission.READ_OWNER_DATA
02-15 11:51:42.189 1017-1017/? I/AppSecurityPermissions: Ignoring unknown permission:android.permission.WRITE_OWNER_DATA
02-15 11:51:42.199 1017-1017/? I/AppSecurityPermissions: Ignoring unknown permission:android.permission.READ_CALL_LOG
02-15 11:51:42.199 1017-1017/? I/AppSecurityPermissions: Ignoring unknown permission:android.permission.WRITE_CALL_LOG
02-15 11:51:42.199 1017-1017/? I/AppSecurityPermissions: Ignoring unknown permission:android.permission.BIND_ACCESSIBILITY_SERVICE
02-15 11:51:42.199 1017-1017/? I/AppSecurityPermissions: Ignoring unknown permission:android.permission.BROADCAST_PACKAGE_ADDED
02-15 11:51:42.199 1017-1017/? I/AppSecurityPermissions: Ignoring unknown permission:android.permission.BROADCAST_PACKAGE_CHANGED
02-15 11:51:42.199 1017-1017/? I/AppSecurityPermissions: Ignoring unknown permission:android.permission.BROADCAST_PACKAGE_INSTALL
02-15 11:51:42.199 1017-1017/? I/AppSecurityPermissions: Ignoring unknown permission:android.permission.BROADCAST_PACKAGE_REPLACED
02-15 11:51:42.599 309-353/? I/ActivityManager: Displayed com.android.settings/.applications.InstalledAppDetails: +568ms
02-15 11:51:56.253 309-335/? I/WindowManager: Setting rotation to 0, animFlags=0
02-15 11:51:56.273 309-335/? I/ActivityManager: Config changed: { scale=1.0 imsi=0/0 loc=ja_JP touch=3 keys=1/1/2 nav=1/1 orien=1 layout=268435490 uiMode=17 seq=68}
02-15 11:51:56.513 1017-1017/? I/AppSecurityPermissions: Ignoring unknown permission:android.permission.READ_EXTERNAL_STORAGE
02-15 11:51:56.513 1017-1017/? I/AppSecurityPermissions: Ignoring unknown permission:android.permission.READ_OWNER_DATA
02-15 11:51:56.513 1017-1017/? I/AppSecurityPermissions: Ignoring unknown permission:android.permission.WRITE_OWNER_DATA
02-15 11:51:56.513 1017-1017/? I/AppSecurityPermissions: Ignoring unknown permission:android.permission.READ_CALL_LOG
02-15 11:51:56.513 1017-1017/? I/AppSecurityPermissions: Ignoring unknown permission:android.permission.WRITE_CALL_LOG
02-15 11:51:56.513 1017-1017/? I/AppSecurityPermissions: Ignoring unknown permission:android.permission.BIND_ACCESSIBILITY_SERVICE
02-15 11:51:56.523 1017-1017/? I/AppSecurityPermissions: Ignoring unknown permission:android.permission.BROADCAST_PACKAGE_ADDED
02-15 11:51:56.523 1017-1017/? I/AppSecurityPermissions: Ignoring unknown permission:android.permission.BROADCAST_PACKAGE_CHANGED
02-15 11:51:56.523 1017-1017/? I/AppSecurityPermissions: Ignoring unknown permission:android.permission.BROADCAST_PACKAGE_INSTALL
02-15 11:51:56.523 1017-1017/? I/AppSecurityPermissions: Ignoring unknown permission:android.permission.BROADCAST_PACKAGE_REPLACED
02-15 11:51:57.003 309-335/? I/WindowManager: Setting rotation to 1, animFlags=0
02-15 11:51:57.003 309-335/? I/ActivityManager: Config changed: { scale=1.0 imsi=0/0 loc=ja_JP touch=3 keys=1/1/2 nav=1/1 orien=2 layout=268435490 uiMode=17 seq=69}
02-15 11:51:57.164 1017-1017/? I/AppSecurityPermissions: Ignoring unknown permission:android.permission.READ_EXTERNAL_STORAGE
02-15 11:51:57.164 1017-1017/? I/AppSecurityPermissions: Ignoring unknown permission:android.permission.READ_OWNER_DATA
02-15 11:51:57.164 1017-1017/? I/AppSecurityPermissions: Ignoring unknown permission:android.permission.WRITE_OWNER_DATA
02-15 11:51:57.164 1017-1017/? I/AppSecurityPermissions: Ignoring unknown permission:android.permission.READ_CALL_LOG
02-15 11:51:57.164 1017-1017/? I/AppSecurityPermissions: Ignoring unknown permission:android.permission.WRITE_CALL_LOG
02-15 11:51:57.164 1017-1017/? I/AppSecurityPermissions: Ignoring unknown permission:android.permission.BIND_ACCESSIBILITY_SERVICE
02-15 11:51:57.174 1017-1017/? I/AppSecurityPermissions: Ignoring unknown permission:android.permission.BROADCAST_PACKAGE_ADDED
02-15 11:51:57.174 1017-1017/? I/AppSecurityPermissions: Ignoring unknown permission:android.permission.BROADCAST_PACKAGE_CHANGED
02-15 11:51:57.174 1017-1017/? I/AppSecurityPermissions: Ignoring unknown permission:android.permission.BROADCAST_PACKAGE_INSTALL
02-15 11:51:57.174 1017-1017/? I/AppSecurityPermissions: Ignoring unknown permission:android.permission.BROADCAST_PACKAGE_REPLACED
02-15 11:51:58.825 309-481/? I/ActivityManager: Starting: Intent { act=android.intent.action.DELETE dat=package:com.mgyapp.android cmp=com.android.packageinstaller/.UninstallerActivity } from pid 1017
02-15 11:51:58.915 309-478/? I/ActivityManager: Start proc com.android.packageinstaller for activity com.android.packageinstaller/.UninstallerActivity: pid=15816 uid=10066 gids={}
02-15 11:51:58.955 587-612/? W/LL_Core: [LifeLogDatabaseInsertSpareParts]Could NOT insert the usage log because the launch date is before year 2000.
02-15 11:51:59.116 309-353/? I/ActivityManager: Displayed com.android.packageinstaller/.UninstallerActivity: +235ms
02-15 11:52:00.337 309-335/? I/WindowManager: Setting rotation to 0, animFlags=0
02-15 11:52:00.357 309-335/? I/ActivityManager: Config changed: { scale=1.0 imsi=0/0 loc=ja_JP touch=3 keys=1/1/2 nav=1/1 orien=1 layout=268435490 uiMode=17 seq=70}
02-15 11:52:01.558 309-485/? I/ActivityManager: Starting: Intent { act=android.intent.action.VIEW cmp=com.android.packageinstaller/.UninstallAppProgress (has extras) } from pid 15816
02-15 11:52:01.658 309-339/? I/PackageManager: Removing non-system package:com.mgyapp.android
02-15 11:52:01.678 309-336/? I/ActivityManager: Force stopping package com.mgyapp.android uid=10117
02-15 11:52:01.678 309-336/? W/ActivityManager: Scheduling restart of crashed service com.mgyapp.android/com.taobao.accs.ChannelService$KernelService in 5000ms
02-15 11:52:01.678 309-336/? W/ActivityManager: Scheduling restart of crashed service com.mgyapp.android/com.taobao.accs.ChannelService in 15000ms
02-15 11:52:01.678 309-336/? W/ActivityManager: Scheduling restart of crashed service com.mgyapp.android/.service.AppService in 25000ms
02-15 11:52:01.678 309-336/? I/ActivityManager:   Force finishing activity HistoryRecord{40a3a0b8 com.mgyapp.android/.ui.MainCoolActivity}
02-15 11:52:01.678 309-336/? I/ActivityManager:   Force finishing activity HistoryRecord{40d96fb8 com.mgyapp.android/.ui.CommonActivity}
02-15 11:52:01.698 309-336/? I/ActivityManager:   Force stopping service ServiceRecord{40b8b3c0 com.mgyapp.android/.service.AppService}
02-15 11:52:01.698 309-336/? I/ActivityManager:   Force stopping service ServiceRecord{40b635b0 com.mgyapp.android/com.taobao.accs.ChannelService$KernelService}
02-15 11:52:01.698 309-336/? I/ActivityManager:   Force stopping service ServiceRecord{40b79e10 com.mgyapp.android/com.taobao.accs.ChannelService}
02-15 11:52:01.708 309-336/? V/BgRingerService: bgRingerCancel call pkg:com.mgyapp.android id:9371
02-15 11:52:01.708 309-339/? D/PackageManager: Removing package com.mgyapp.android
02-15 11:52:01.708 309-339/? D/PackageManager: Unregistered content provider: com.mgyapp.android.umeng.message, className = com.umeng.message.provider.MessageProvider, isSyncable = false
02-15 11:52:01.738 309-339/? D/PackageManager:   Providers: com.umeng.message.provider.MessageProvider
02-15 11:52:01.738 309-339/? D/PackageManager:   Services: com.mgyapp.android.rom.RomService com.mgyapp.android.service.AppService com.mgyapp.android.service.MyAccessibilityService com.taobao.accs.ChannelService com.taobao.accs.data.MsgDistributeService com.taobao.accs.ChannelService$KernelService org.android.agoo.accs.AgooService com.umeng.message.UmengIntentService com.umeng.message.UmengMessageCallbackHandlerService com.umeng.message.UmengDownloadResourceService com.umeng.message.UmengMessageIntentReceiverService com.evernote.android.job.v21.PlatformJobService com.evernote.android.job.v14.PlatformAlarmService com.evernote.android.job.gcm.PlatformGcmService com.evernote.android.job.JobRescheduleService
02-15 11:52:01.778 309-339/? D/PackageManager:   Receivers: com.mgyapp.android.watcher.WifiStateChangeReceiver com.mgyapp.android.controller.AutoUpdateControler com.mgyapp.android.service.NotificationReciver com.mgyapp.android.service.BootReciver com.taobao.accs.EventReceiver com.taobao.accs.ServiceReceiver com.taobao.agoo.AgooCommondReceiver com.umeng.message.NotificationProxyBroadcastReceiver com.evernote.android.job.v14.PlatformAlarmReceiver com.evernote.android.job.JobBootReceiver
02-15 11:52:01.788 309-339/? D/PackageManager:   Activities: com.mgyun.general.errorcatch.ErrorCatchedActivity com.mgyun.fb.MgFeedbackActivity com.mgyapp.android.ui.SplashActivity com.mgyapp.android.ui.OpenRecActivity com.mgyapp.android.ui.CommonActivity org.egret.egretruntimelauncher.webview.WebViewActivity com.zxing.activity.CaptureActivity cn.sharesdk.tencent.qq.ResultReceiver com.mgyapp.android.ui.MainCoolActivity com.mgyapp.android.ui.WebLoginActivity com.sina.oauth2.SinaLoginActivity com.tencent.oauth2.TencentLoginActivity com.mgyapp.android.ui.FeedbackActivity com.mgyapp.android.ui.base.WebActivity com.mgyapp.android.ui.ScreenDetailActivity com.mgyapp.android.ui.DaemonActivityNew com.mgyapp.android.ui.CabinActivity com.mgyapp.android.ui.ForeignMainActivity com.mgyapp.android.ui.InstallHelpActivity com.mgyapp.android.ui.TipHelpActivity com.mgyun.coolgame.CoolGameActivity com.mgyun.module.share.wxapi.WXEntryActivity com.mob.tools.MobUIShell
02-15 11:52:01.798 309-309/? I/WindowManager: WIN DEATH: Window{40a317b0 com.mgyapp.android/com.mgyapp.android.ui.CommonActivity paused=true}
02-15 11:52:01.808 309-456/? I/WindowManager: WIN DEATH: Window{409761d0 com.mgyapp.android/com.mgyapp.android.ui.MainCoolActivity paused=true}
02-15 11:52:01.848 309-353/? I/ActivityManager: Displayed com.android.packageinstaller/.UninstallAppProgress: +250ms
02-15 11:52:02.098 309-339/? I/ActivityManager: Force stopping package com.mgyapp.android uid=10117
02-15 11:52:02.429 4288-4288/? D/Launcher.InstallReceiver: InstallReceiver onReceive()
02-15 11:52:02.429 4288-4288/? D/Launcher.InstallReceiver: InstallReceiver ACTION_PACKAGE_REMOVED com.mgyapp.android
02-15 11:52:02.699 587-612/? W/LL_Core: [LifeLogDatabaseInsert]Could NOT insert the log because the log date is before year 2000.
02-15 11:52:03.630 15816-15816/? I/UninstallAppProgress: Finished uninstalling pkg: com.mgyapp.android
02-15 11:52:03.700 587-612/? W/LL_Core: [LifeLogDatabaseInsertSpareParts]Could NOT insert the usage log because the launch date is before year 2000.
02-15 11:52:03.950 309-335/? I/ActivityManager: No longer want jp.co.sharp.android.usbmode (pid 7985): hidden #16
02-15 11:52:05.892 309-335/? I/WindowManager: Setting rotation to 3, animFlags=0
02-15 11:52:05.892 309-335/? I/ActivityManager: Config changed: { scale=1.0 imsi=0/0 loc=ja_JP touch=3 keys=1/1/2 nav=1/1 orien=2 layout=268435490 uiMode=17 seq=71}
02-15 11:52:09.856 309-3944/? I/ActivityManager: Starting: Intent { act=android.settings.APPLICATION_DETAILS_SETTINGS dat=package:com.mgyun.shua.protector cmp=com.android.settings/.applications.InstalledAppDetails } from pid 1017
02-15 11:52:09.986 1017-1017/? I/AppSecurityPermissions: Ignoring unknown permission:android.permission.READ_EXTERNAL_STORAGE
02-15 11:52:09.986 1017-1017/? I/AppSecurityPermissions: Ignoring unknown permission:android.permission.READ_OWNER_DATA
02-15 11:52:09.986 1017-1017/? I/AppSecurityPermissions: Ignoring unknown permission:android.permission.WRITE_OWNER_DATA
02-15 11:52:09.996 1017-1017/? I/AppSecurityPermissions: Ignoring unknown permission:android.permission.PACKAGE_USEAGE_STATS
02-15 11:52:09.996 1017-1017/? I/AppSecurityPermissions: Ignoring unknown permission:android.permission.READ_CALL_LOG
02-15 11:52:09.996 1017-1017/? I/AppSecurityPermissions: Ignoring unknown permission:android.permission.WRITE_CALL_LOG
02-15 11:52:10.236 309-353/? I/ActivityManager: Displayed com.android.settings/.applications.InstalledAppDetails: +352ms
02-15 11:52:12.408 1017-1017/? W/KeyCharacterMap: Can't open keycharmap file
02-15 11:52:12.408 1017-1017/? W/KeyCharacterMap: Error loading keycharmap file '/system/usr/keychars/SH_matrix-keypad.kcm.bin'. SH_matrix-keypad
02-15 11:52:12.408 1017-1017/? W/KeyCharacterMap: Using default keymap: /system/usr/keychars/qwerty.kcm.bin
02-15 11:52:13.630 309-309/? I/ActivityManager: Starting: Intent { act=android.settings.APPLICATION_DETAILS_SETTINGS dat=package:com.n0n3m4.droidc cmp=com.android.settings/.applications.InstalledAppDetails } from pid 1017
02-15 11:52:13.770 1017-1017/? I/AppSecurityPermissions: Ignoring unknown permission:android.permission.ACCESS_SUPERUSER
02-15 11:52:13.980 309-353/? I/ActivityManager: Displayed com.android.settings/.applications.InstalledAppDetails: +322ms
02-15 11:52:15.712 309-485/? I/ActivityManager: Starting: Intent { act=android.intent.action.DELETE dat=package:com.n0n3m4.droidc cmp=com.android.packageinstaller/.UninstallerActivity } from pid 1017
02-15 11:52:15.792 587-612/? W/LL_Core: [LifeLogDatabaseInsertSpareParts]Could NOT insert the usage log because the launch date is before year 2000.
02-15 11:52:15.982 309-353/? I/ActivityManager: Displayed com.android.packageinstaller/.UninstallerActivity: +259ms
02-15 11:52:16.673 309-480/? I/ActivityManager: Starting: Intent { act=android.intent.action.VIEW cmp=com.android.packageinstaller/.UninstallAppProgress (has extras) } from pid 15816
02-15 11:52:16.743 309-339/? I/PackageManager: Removing non-system package:com.n0n3m4.droidc
02-15 11:52:16.753 309-336/? I/ActivityManager: Force stopping package com.n0n3m4.droidc uid=10115
02-15 11:52:16.783 309-339/? D/PackageManager: Removing package com.n0n3m4.droidc
02-15 11:52:16.813 309-339/? D/PackageManager:   Activities: com.n0n3m4.droidc.CCompilerMain jackpal.androidterm.Term jackpal.androidterm.TermPreferences com.n0n3m4.droidc.FileDialog com.n0n3m4.droidc.CPreferences com.n0n3m4.droidc.CCompilerOutput com.n0n3m4.droidc.MakeSettings
02-15 11:52:16.883 309-353/? I/ActivityManager: Displayed com.android.packageinstaller/.UninstallAppProgress: +202ms
02-15 11:52:18.815 309-339/? I/ActivityManager: Force stopping package com.n0n3m4.droidc uid=10115
02-15 11:52:19.015 4288-4288/? D/Launcher.InstallReceiver: InstallReceiver onReceive()
02-15 11:52:19.015 4288-4288/? D/Launcher.InstallReceiver: InstallReceiver ACTION_PACKAGE_REMOVED com.n0n3m4.droidc
02-15 11:52:19.185 587-612/? W/LL_Core: [LifeLogDatabaseInsert]Could NOT insert the log because the log date is before year 2000.
02-15 11:52:19.936 15816-15816/? I/UninstallAppProgress: Finished uninstalling pkg: com.n0n3m4.droidc
02-15 11:52:20.016 587-612/? W/LL_Core: [LifeLogDatabaseInsertSpareParts]Could NOT insert the usage log because the launch date is before year 2000.
02-15 11:52:21.327 309-355/? I/ActivityManager: Starting: Intent { act=android.intent.action.MAIN cat=[android.intent.category.HOME] flg=0x10200000 cmp=com.android.launcher2/.Launcher } from pid 309
02-15 11:52:21.397 309-502/? I/WindowManager: Setting rotation to 0, animFlags=1
02-15 11:52:21.407 309-502/? I/ActivityManager: Config changed: { scale=1.0 imsi=0/0 loc=ja_JP touch=3 keys=1/1/2 nav=1/1 orien=1 layout=268435490 uiMode=17 seq=72}
02-15 11:52:21.497 587-612/? W/LL_Core: [LifeLogDatabaseInsertSpareParts]Could NOT insert the usage log because the launch date is before year 2000.
02-15 11:52:21.658 1017-1017/? W/IInputConnectionWrapper: showStatusIcon on inactive InputConnection
02-15 11:52:25.011 309-336/? W/ProcessStats: Skipping unknown process pid 16026
02-15 11:52:25.011 309-336/? W/ProcessStats: Skipping unknown process pid 16027
02-15 11:52:55.881 129-140/? I/dun_service: The value returned from dun_getusbmodemstate_fromsys is 1 
02-15 11:52:55.881 129-140/? I/dun_service: Post event 1
02-15 11:52:55.881 129-129/? I/dun_service: received event: DUN_EVENT_USB_UNPLUG 
02-15 11:52:55.881 129-129/? I/dun_service: received event(DUN_EVENT_USB_UNPLUG) in state(DUN_STATE_USB_UNPLUG)
02-15 11:52:55.881 129-129/? I/dun_service: Ignoring the event DUN_EVENT_USB_UNPLUG in USB_UNPLUG_STATE
02-15 11:52:55.881 129-129/? I/dun_service: Moved to state(DUN_STATE_USB_UNPLUG)
02-15 11:54:23.426 309-336/? W/ProcessStats: Skipping unknown process pid 16753
02-15 11:54:23.426 309-336/? W/ProcessStats: Skipping unknown process pid 16754
02-15 11:54:29.252 129-140/? I/dun_service: The value returned from dun_getusbmodemstate_fromsys is 1 
02-15 11:54:29.252 129-140/? I/dun_service: Post event 1
02-15 11:54:29.252 129-129/? I/dun_service: received event: DUN_EVENT_USB_UNPLUG 
02-15 11:54:29.252 129-129/? I/dun_service: received event(DUN_EVENT_USB_UNPLUG) in state(DUN_STATE_USB_UNPLUG)
02-15 11:54:29.252 129-129/? I/dun_service: Ignoring the event DUN_EVENT_USB_UNPLUG in USB_UNPLUG_STATE
02-15 11:54:29.252 129-129/? I/dun_service: Moved to state(DUN_STATE_USB_UNPLUG)
02-15 11:54:29.252 104-186/? W/Vold: Ignoring unknown switch 'battery'
02-15 11:54:33.466 309-336/? W/ProcessStats: Skipping unknown process pid 17260
02-15 11:54:33.476 309-336/? W/ProcessStats: Skipping unknown process pid 17261
02-15 11:54:43.526 309-336/? W/ProcessStats: Skipping unknown process pid 17750
02-15 11:54:43.526 309-336/? W/ProcessStats: Skipping unknown process pid 17751
02-15 11:54:53.566 309-336/? W/ProcessStats: Skipping unknown process pid 18238
02-15 11:54:53.566 309-336/? W/ProcessStats: Skipping unknown process pid 18239
02-15 11:55:03.646 309-336/? W/ProcessStats: Skipping unknown process pid 18730
02-15 11:55:13.665 309-336/? W/ProcessStats: Skipping unknown process pid 19226
02-15 11:55:23.745 309-336/? W/ProcessStats: Skipping unknown process pid 19720
02-15 11:55:33.805 309-336/? W/ProcessStats: Skipping unknown process pid 20208
02-15 11:55:33.805 309-336/? W/ProcessStats: Skipping unknown process pid 20209
02-15 11:55:43.855 309-336/? W/ProcessStats: Skipping unknown process pid 20714
02-15 11:55:43.855 309-336/? W/ProcessStats: Skipping unknown process pid 20715
02-15 11:55:53.915 309-336/? W/ProcessStats: Skipping unknown process pid 21218
a
