Try to root IS12SH real device

I bought this device through internet.
And I used windows OS and ADB to link the linux system of IS12SH.

Here is the contents of the linux system.
02-15 10:57:40.066 309-481/? I/ActivityManager: No longer want com.morpho.app.golfsupport (pid 1249): hidden #16
02-15 10:59:50.493 104-186/? W/Vold: Ignoring unknown switch 'battery'
02-15 11:00:27.199 104-186/? W/Vold: Ignoring unknown switch 'battery'
02-15 11:00:28.530 104-186/? D/Vold: USB disconnected
02-15 11:00:29.171 104-186/? W/Vold: Ignoring unknown switch 'MSM72K_UDC'
02-15 11:00:29.171 104-186/? D/Vold: USB attach detached
02-15 11:00:29.171 104-186/? W/Vold: Ignoring unknown switch 'ac'
02-15 11:00:30.752 104-186/? D/Vold: USB attach attached
02-15 11:00:30.752 104-186/? W/Vold: Ignoring unknown switch 'ac'
02-15 11:00:31.974 104-186/? W/Vold: Ignoring unknown switch 'MSM72K_UDC'
02-15 11:00:31.974 104-186/? D/Vold: USB connected
02-15 11:00:32.004 104-186/? W/Vold: Ignoring unknown switch 'battery'
02-15 11:00:32.584 104-186/? W/Vold: Ignoring unknown switch 'battery'
02-15 11:00:40.112 104-186/? W/Vold: Ignoring unknown switch 'battery'
02-15 11:00:40.372 104-186/? D/Vold: USB disconnected
02-15 11:00:40.952 104-186/? W/Vold: Ignoring unknown switch 'MSM72K_UDC'
02-15 11:00:40.952 104-186/? D/Vold: USB attach detached
02-15 11:00:40.952 104-186/? W/Vold: Ignoring unknown switch 'ac'
02-15 11:00:42.184 104-186/? D/Vold: USB attach attached
02-15 11:00:42.184 104-186/? W/Vold: Ignoring unknown switch 'ac'
02-15 11:00:43.365 104-186/? W/Vold: Ignoring unknown switch 'MSM72K_UDC'
02-15 11:00:43.375 104-186/? D/Vold: USB connected
02-15 11:00:43.415 104-186/? W/Vold: Ignoring unknown switch 'battery'
02-15 11:00:43.985 104-186/? W/Vold: Ignoring unknown switch 'battery'
02-15 11:00:52.794 104-186/? W/Vold: Ignoring unknown switch 'battery'
02-15 11:00:53.314 104-186/? D/Vold: USB disconnected
02-15 11:00:53.405 104-186/? W/Vold: Ignoring unknown switch 'MSM72K_UDC'
02-15 11:00:53.405 104-186/? W/Vold: Ignoring unknown switch 'MSM72K_UDC'
02-15 11:00:53.405 104-186/? D/Vold: USB connected
02-15 11:00:53.445 104-186/? W/Vold: Ignoring unknown switch 'battery'
02-15 11:00:54.015 104-186/? W/Vold: Ignoring unknown switch 'battery'
02-15 11:01:08.399 104-186/? W/Vold: Ignoring unknown switch 'battery'
02-15 11:01:09.140 104-186/? D/Vold: USB disconnected
02-15 11:01:15.016 309-335/? I/WindowManager: Setting rotation to 1, animFlags=0
02-15 11:01:15.136 309-469/? I/ActivityManager: Starting: Intent { act=android.intent.action.MAIN cmp=com.android.settings/.deviceinfo.Status } from pid 1017
02-15 11:01:16.447 309-335/? I/WindowManager: Setting rotation to 3, animFlags=0
02-15 11:02:20.980 104-186/? W/Vold: Ignoring unknown switch 'battery'
02-15 11:03:31.168 104-186/? W/Vold: Ignoring unknown switch 'battery'
02-15 11:04:21.307 104-186/? W/Vold: Ignoring unknown switch 'battery'
02-15 11:05:01.427 104-186/? W/Vold: Ignoring unknown switch 'battery'
02-15 11:05:51.565 104-186/? W/Vold: Ignoring unknown switch 'battery'
02-15 11:06:31.675 104-186/? W/Vold: Ignoring unknown switch 'battery'
02-15 11:06:33.947 104-186/? W/Vold: Ignoring unknown switch 'MSM72K_UDC'
02-15 11:06:34.127 309-335/? I/WindowManager: Setting rotation to 0, animFlags=0
02-15 11:06:34.127 309-335/? I/ActivityManager: Config changed: { scale=1.0 imsi=0/0 loc=ja_JP touch=3 keys=1/1/2 nav=1/1 orien=1 layout=268435490 uiMode=17 seq=22}
02-15 11:06:34.377 104-186/? D/Vold: USB attach detached
02-15 11:06:34.377 104-186/? W/Vold: Ignoring unknown switch 'ac'
02-15 11:06:35.398 104-186/? D/Vold: USB attach attached
02-15 11:06:35.398 104-186/? W/Vold: Ignoring unknown switch 'ac'
02-15 11:06:44.507 104-186/? D/Vold: USB attach detached
02-15 11:06:44.507 104-186/? W/Vold: Ignoring unknown switch 'ac'
02-15 11:06:45.678 104-186/? D/Vold: USB attach attached
02-15 11:06:45.678 104-186/? W/Vold: Ignoring unknown switch 'ac'
02-15 11:06:49.272 309-335/? I/WindowManager: Setting rotation to 3, animFlags=0
02-15 11:06:49.302 309-335/? I/ActivityManager: Config changed: { scale=1.0 imsi=0/0 loc=ja_JP touch=3 keys=1/1/2 nav=1/1 orien=2 layout=268435490 uiMode=17 seq=23}
02-15 11:06:53.306 309-469/? I/WindowManager: Setting rotation to 0, animFlags=1
02-15 11:06:53.316 309-469/? I/ActivityManager: Config changed: { scale=1.0 imsi=0/0 loc=ja_JP touch=3 keys=1/1/2 nav=1/1 orien=1 layout=268435490 uiMode=17 seq=24}
02-15 11:06:54.927 309-518/? I/ActivityManager: Starting: Intent { act=android.intent.action.MAIN cat=[android.intent.category.LAUNCHER] flg=0x10200000 cmp=com.android.settings/.Settings bnds=[209,629][330,792] } from pid 447
02-15 11:06:56.759 309-335/? I/WindowManager: Setting rotation to 3, animFlags=0
02-15 11:06:56.779 309-335/? I/ActivityManager: Config changed: { scale=1.0 imsi=0/0 loc=ja_JP touch=3 keys=1/1/2 nav=1/1 orien=2 layout=268435490 uiMode=17 seq=25}
02-15 11:07:05.397 309-469/? I/ActivityManager: Starting: Intent { act=android.intent.action.MAIN cmp=com.android.settings/.DeviceInfoSettings } from pid 1017
02-15 11:07:16.578 309-469/? I/ActivityManager: Starting: Intent { act=android.intent.action.MAIN cmp=jp.co.sharp.android.usbcharge/.UsbCharge } from pid 1017
02-15 11:07:27.449 309-501/? I/WindowManager: Setting rotation to 0, animFlags=1
02-15 11:07:27.459 309-501/? I/ActivityManager: Config changed: { scale=1.0 imsi=0/0 loc=ja_JP touch=3 keys=1/1/2 nav=1/1 orien=1 layout=268435490 uiMode=17 seq=26}
02-15 11:07:28.860 309-518/? I/ActivityManager: Starting: Intent { act=android.intent.action.MAIN cat=[android.intent.category.LAUNCHER] flg=0x10200000 cmp=com.android.settings/.Settings bnds=[209,629][330,792] } from pid 447
02-15 11:07:30.612 309-335/? I/WindowManager: Setting rotation to 3, animFlags=0
02-15 11:07:30.622 309-335/? I/ActivityManager: Config changed: { scale=1.0 imsi=0/0 loc=ja_JP touch=3 keys=1/1/2 nav=1/1 orien=2 layout=268435490 uiMode=17 seq=27}
02-15 11:07:31.843 104-186/? W/Vold: Ignoring unknown switch 'battery'
02-15 11:07:33.795 309-501/? I/ActivityManager: Starting: Intent { act=android.intent.action.MAIN cmp=jp.co.sharp.android.usbcharge/.UsbCharge } from pid 1017
02-15 11:07:34.896 309-517/? I/ActivityManager: Starting: Intent { flg=0x10000000 cmp=jp.co.sharp.android.usbmode/.UsbMode } from pid 1321
02-15 11:07:36.848 309-501/? W/InputManagerService: Starting input on non-focused client com.android.internal.view.IInputMethodClient$Stub$Proxy@40695990 (uid=10051 pid=1330)
02-15 11:07:36.848 309-481/? W/InputManagerService: Client not active, ignoring focus gain of: com.android.internal.view.IInputMethodClient$Stub$Proxy@408f5d58
02-15 11:07:36.898 309-501/? W/InputManagerService: Window already focused, ignoring focus gain of: com.android.internal.view.IInputMethodClient$Stub$Proxy@40940ca0
02-15 11:07:40.492 309-456/? W/InputManagerService: Window already focused, ignoring focus gain of: com.android.internal.view.IInputMethodClient$Stub$Proxy@40577018
02-15 11:07:46.377 309-315/? I/ActivityManager: Starting: Intent { cmp=com.android.providers.subscribedfeeds/com.android.settings.ManageAccountsSettings } from pid 1017
02-15 11:07:48.540 309-335/? I/ActivityManager: Starting: Intent { act=android.settings.ADD_ACCOUNT_SETTINGS cmp=com.android.providers.subscribedfeeds/com.android.settings.AddAccountSettings (has extras) } from pid 309
02-15 11:07:50.101 309-315/? I/ActivityManager: Starting: Intent { cmp=com.google.android.gsf/.loginservice.LoginActivity (has extras) } from pid 309
02-15 11:07:50.131 309-455/? I/ActivityManager: Starting: Intent { cmp=com.google.android.gsf/.loginservice.RunSetupWizardActivity (has extras) } from pid 544
02-15 11:07:50.201 309-456/? I/ActivityManager: Starting: Intent { flg=0x80000 cmp=com.google.android.gsf/.login.AccountIntroActivity (has extras) } from pid 544
02-15 11:07:53.574 309-456/? W/ActivityManager: Duplicate finish request for HistoryRecord{40b3c918 com.google.android.gsf/.loginservice.RunSetupWizardActivity}
02-15 11:07:55.276 309-485/? I/WindowManager: Setting rotation to 0, animFlags=1
02-15 11:07:55.296 309-469/? I/ActivityManager: Config changed: { scale=1.0 imsi=0/0 loc=ja_JP touch=3 keys=1/1/2 nav=1/1 orien=1 layout=268435490 uiMode=17 seq=28}
02-15 11:07:56.678 309-501/? I/ActivityManager: Starting: Intent { act=android.intent.action.MAIN cat=[android.intent.category.LAUNCHER] flg=0x10200000 cmp=com.android.settings/.Settings bnds=[209,629][330,792] } from pid 447
02-15 11:07:58.119 309-335/? I/WindowManager: Setting rotation to 3, animFlags=0
02-15 11:07:58.129 309-335/? I/ActivityManager: Config changed: { scale=1.0 imsi=0/0 loc=ja_JP touch=3 keys=1/1/2 nav=1/1 orien=2 layout=268435490 uiMode=17 seq=29}
02-15 11:08:04.785 309-502/? I/ActivityManager: Starting: Intent { act=android.intent.action.MAIN cmp=com.android.settings/.PrivacySettings } from pid 1017
02-15 11:08:12.683 309-314/? I/ActivityManager: Starting: Intent { act=android.intent.action.MAIN cmp=jp.co.sharp.android.usbcharge/.UsbCharge } from pid 1017
02-15 11:08:15.486 309-315/? I/ActivityManager: Starting: Intent { act=android.intent.action.MAIN cmp=com.android.settings/.ApplicationSettings } from pid 1017
02-15 11:08:20.311 309-456/? I/ActivityManager: Starting: Intent { act=android.intent.action.MAIN cmp=com.android.settings/.DevelopmentSettings } from pid 1017
02-15 11:08:23.914 309-485/? W/InputManagerService: Window already focused, ignoring focus gain of: com.android.internal.view.IInputMethodClient$Stub$Proxy@4083f3b0
02-15 11:08:28.539 309-349/? I/PowerManagerService: Start Power.setScreenState(on), on value is false
02-15 11:08:28.539 309-349/? I/PowerManagerService: End Power.setScreenState(on), err value is 0
02-15 11:08:28.809 309-354/? I/WindowManager: Setting rotation to 0, animFlags=1
02-15 11:08:28.829 309-354/? I/ActivityManager: Config changed: { scale=1.0 imsi=0/0 loc=ja_JP touch=3 keys=1/1/2 nav=1/1 orien=1 layout=268435490 uiMode=17 seq=30}
02-15 11:08:29.860 309-354/? I/PowerManagerService: Start Power.setScreenState(on), on value is true
02-15 11:08:29.860 309-354/? I/PowerManagerService: End Power.setScreenState(on), err value is 0
02-15 11:08:32.412 309-485/? W/InputManagerService: Window already focused, ignoring focus gain of: com.android.internal.view.IInputMethodClient$Stub$Proxy@4094a268
02-15 11:08:54.154 104-186/? D/Vold: USB attach detached
02-15 11:08:54.154 104-186/? W/Vold: Ignoring unknown switch 'ac'
02-15 11:08:55.785 104-186/? D/Vold: USB attach attached
02-15 11:08:55.785 104-186/? W/Vold: Ignoring unknown switch 'ac'
02-15 11:08:56.446 309-335/? I/WindowManager: Setting rotation to 3, animFlags=0
02-15 11:08:56.456 309-335/? I/ActivityManager: Config changed: { scale=1.0 imsi=0/0 loc=ja_JP touch=3 keys=1/1/2 nav=1/1 orien=2 layout=268435490 uiMode=17 seq=31}
02-15 11:09:00.049 309-480/? W/InputManagerService: Window already focused, ignoring focus gain of: com.android.internal.view.IInputMethodClient$Stub$Proxy@407a02e8
02-15 11:09:24.453 104-186/? W/Vold: Ignoring unknown switch 'MSM72K_UDC'
02-15 11:09:24.453 104-186/? D/Vold: USB connected
02-15 11:09:24.493 104-186/? W/Vold: Ignoring unknown switch 'battery'
02-15 11:09:25.064 104-186/? W/Vold: Ignoring unknown switch 'battery'
02-15 11:09:32.901 104-186/? W/Vold: Ignoring unknown switch 'battery'
02-15 11:09:33.182 104-186/? D/Vold: USB disconnected
02-15 11:09:33.782 104-186/? W/Vold: Ignoring unknown switch 'MSM72K_UDC'
02-15 11:09:33.782 104-186/? D/Vold: USB attach detached
02-15 11:09:33.782 104-186/? W/Vold: Ignoring unknown switch 'ac'
02-15 11:09:35.724 104-186/? D/Vold: USB attach attached
02-15 11:09:35.724 104-186/? W/Vold: Ignoring unknown switch 'ac'
02-15 11:09:36.895 104-186/? W/Vold: Ignoring unknown switch 'MSM72K_UDC'
02-15 11:09:36.905 104-186/? D/Vold: USB connected
02-15 11:09:36.945 104-186/? W/Vold: Ignoring unknown switch 'battery'
02-15 11:09:37.516 104-186/? W/Vold: Ignoring unknown switch 'battery'
02-15 11:09:43.702 104-186/? W/Vold: Ignoring unknown switch 'battery'
02-15 11:09:44.212 104-186/? D/Vold: USB disconnected
02-15 11:09:44.303 104-186/? W/Vold: Ignoring unknown switch 'MSM72K_UDC'
02-15 11:09:44.303 104-186/? W/Vold: Ignoring unknown switch 'MSM72K_UDC'
02-15 11:09:44.303 104-186/? D/Vold: USB connected
02-15 11:09:44.343 104-186/? W/Vold: Ignoring unknown switch 'battery'
02-15 11:09:44.923 104-186/? W/Vold: Ignoring unknown switch 'battery'
02-15 11:09:56.564 309-501/? I/ActivityManager: Starting: Intent { act=android.intent.action.MAIN cmp=com.android.settings/.applications.StorageUse } from pid 1017
02-15 11:09:59.307 104-186/? W/Vold: Ignoring unknown switch 'battery'
02-15 11:10:00.048 104-186/? D/Vold: USB disconnected
02-15 11:10:05.253 309-480/? I/WindowManager: Setting rotation to 0, animFlags=1
02-15 11:10:05.273 309-480/? I/ActivityManager: Config changed: { scale=1.0 imsi=0/0 loc=ja_JP touch=3 keys=1/1/2 nav=1/1 orien=1 layout=268435490 uiMode=17 seq=32}
02-15 11:10:23.301 309-469/? I/ActivityManager: Starting: Intent { act=android.intent.action.MAIN cat=[android.intent.category.LAUNCHER] flg=0x10200000 cmp=jp.co.sharp.android.addressbook.app/.ContactsListActivity bnds=[68,77][189,240] } from pid 447
02-15 11:10:23.441 309-480/? I/ActivityManager: Start proc jp.co.sharp.android.addressbook.app for activity jp.co.sharp.android.addressbook.app/.ContactsListActivity: pid=1714 uid=10053 gids={3003, 1015, 3002, 3001}
02-15 11:10:25.833 309-314/? W/InputManagerService: Starting input on non-focused client com.android.internal.view.IInputMethodClient$Stub$Proxy@405d92b8 (uid=10053 pid=1714)
02-15 11:10:25.973 309-478/? I/ActivityManager: No longer want jp.co.sharp.android.camelot.homeswitcher (pid 1257): hidden #16
02-15 11:10:27.565 309-480/? I/ActivityManager: Starting: Intent { act=android.intent.action.MAIN cat=[android.intent.category.LAUNCHER] flg=0x10200000 cmp=com.google.android.youtube/.HomeActivity bnds=[209,77][330,240] } from pid 447
02-15 11:10:27.725 309-501/? I/ActivityManager: Start proc com.google.android.youtube for activity com.google.android.youtube/.HomeActivity: pid=1722 uid=10029 gids={3003}
02-15 11:10:29.957 309-456/? W/InputManagerService: Starting input on non-focused client com.android.internal.view.IInputMethodClient$Stub$Proxy@40a8cd40 (uid=10029 pid=1722)
02-15 11:10:30.187 309-335/? I/ActivityManager: No longer want com.google.android.googlequicksearchbox (pid 1008): hidden #16
02-15 11:10:30.728 309-309/? I/ActivityManager: Starting: Intent { act=android.intent.action.MAIN cat=[android.intent.category.LAUNCHER] flg=0x10200000 cmp=jp.co.sharp.android.youtube3d/.YouTube3DActivity bnds=[350,77][471,240] } from pid 447
02-15 11:10:30.888 309-517/? I/ActivityManager: Start proc jp.co.sharp.android.youtube3d for activity jp.co.sharp.android.youtube3d/.YouTube3DActivity: pid=1742 uid=10047 gids={}
02-15 11:10:32.369 104-186/? W/Vold: Ignoring unknown switch 'battery'
02-15 11:10:33.320 309-335/? I/ActivityManager: No longer want jp.co.sharp.android.home (pid 1281): hidden #16
02-15 11:10:34.522 309-518/? I/ActivityManager: Starting: Intent { act=android.intent.action.MAIN cat=[android.intent.category.LAUNCHER] flg=0x10200000 cmp=jp.co.fsi.fs1seg/.app.Main bnds=[209,261][330,424] } from pid 447
02-15 11:10:34.802 309-518/? I/ActivityManager: Starting: Intent { cmp=jp.co.fsi.fs1seg/.app.tvapplication.mainmenu.MainMenu } from pid 483
02-15 11:10:36.984 309-481/? W/InputManagerService: Starting input on non-focused client com.android.internal.view.IInputMethodClient$Stub$Proxy@40aa0a28 (uid=10113 pid=483)
02-15 11:10:37.935 309-478/? I/ActivityManager: Starting: Intent { act=android.intent.action.MAIN cat=[android.intent.category.LAUNCHER] flg=0x10200000 cmp=jp.co.fsi.fs1seg/.app.Main bnds=[209,261][330,424] } from pid 447
02-15 11:10:38.115 309-502/? I/ActivityManager: Starting: Intent { cmp=jp.co.fsi.fs1seg/.app.tvapplication.mainmenu.MainMenu } from pid 483
02-15 11:10:39.356 309-335/? I/WindowManager: Setting rotation to 3, animFlags=0
02-15 11:10:39.356 309-335/? I/ActivityManager: Config changed: { scale=1.0 imsi=0/0 loc=ja_JP touch=3 keys=1/1/2 nav=1/1 orien=2 layout=268435490 uiMode=17 seq=33}
02-15 11:10:44.021 309-485/? I/ActivityManager: Starting: Intent { cmp=jp.co.fsi.fs1seg/.app.tvapplication.digitaltv.DigitalTV } from pid 483
02-15 11:11:32.548 104-186/? W/Vold: Ignoring unknown switch 'battery'
02-15 11:12:33.297 309-336/? I/ActivityManager: Start proc jp.co.sharp.android.messaging for broadcast jp.co.sharp.android.messaging/.common.MessagingReceiver: pid=3290 uid=4001 gids={3003, 1015}
02-15 11:12:33.878 309-336/? I/ActivityManager: Start proc jp.co.sharp.android.soundmemo for broadcast jp.co.sharp.android.soundmemo/.SoundMemoReceiver: pid=3307 uid=10053 gids={3003, 1015, 3002, 3001}
02-15 11:12:34.098 309-518/? I/ActivityManager: Start proc com.kddi.android.providers.mailprovidata for content provider com.kddi.android.providers.mailprovidata/.MailProviDataProvider: pid=3311 uid=5043 gids={}
02-15 11:12:34.489 309-485/? I/ActivityManager: No longer want com.android.browser (pid 1290): hidden #16
02-15 11:12:34.509 309-480/? I/ActivityManager: No longer want jp.co.sharp.android.camera.videocamera (pid 1272): hidden #16
02-15 11:12:34.509 309-480/? I/ActivityManager: No longer want com.android.providers.calendar (pid 1302): hidden #17
02-15 11:12:42.757 104-186/? W/Vold: Ignoring unknown switch 'battery'
02-15 11:12:50.504 309-481/? I/ActivityManager: No longer want jp.co.sharp.android.capability (pid 1339): hidden #16
02-15 11:12:59.983 309-336/? I/ActivityManager: No longer want jp.co.sharp.android.sdmountlistener (pid 1438): hidden #16
02-15 11:13:00.074 309-517/? W/ActivityManager: Scheduling restart of crashed service jp.co.sharp.android.sdmountlistener/.SDMountListenerService in 5000ms
02-15 11:13:05.108 309-336/? I/ActivityManager: Start proc jp.co.sharp.android.sdmountlistener for service jp.co.sharp.android.sdmountlistener/.SDMountListenerService: pid=3729 uid=10060 gids={}
02-15 11:13:13.166 309-455/? I/WindowManager: Setting rotation to 0, animFlags=1
02-15 11:13:13.186 309-478/? I/ActivityManager: Config changed: { scale=1.0 imsi=0/0 loc=ja_JP touch=3 keys=1/1/2 nav=1/1 orien=1 layout=268435490 uiMode=17 seq=34}
02-15 11:13:42.225 309-456/? I/ActivityManager: Starting: Intent { act=android.intent.action.MAIN cat=[android.intent.category.LAUNCHER] flg=0x10200000 cmp=jp.co.sharp.android.messaging/.box.activity.Launcher bnds=[213,836][330,959] } from pid 447
02-15 11:13:42.335 309-478/? I/ActivityManager: Starting: Intent { cmp=jp.co.sharp.android.messaging/.box.activity.Inbox } from pid 3290
02-15 11:13:42.355 309-485/? I/WindowManager: Setting rotation to 3, animFlags=1
02-15 11:13:42.375 309-485/? I/ActivityManager: Config changed: { scale=1.0 imsi=0/0 loc=ja_JP touch=3 keys=1/1/2 nav=1/1 orien=2 layout=268435490 uiMode=17 seq=35}
02-15 11:13:42.715 309-335/? I/WindowManager: Setting rotation to 0, animFlags=0
02-15 11:13:42.715 309-335/? I/ActivityManager: Config changed: { scale=1.0 imsi=0/0 loc=ja_JP touch=3 keys=1/1/2 nav=1/1 orien=1 layout=268435490 uiMode=17 seq=36}
02-15 11:13:43.846 309-456/? W/InputManagerService: Starting input on non-focused client com.android.internal.view.IInputMethodClient$Stub$Proxy@4063f2d0 (uid=4001 pid=3290)
02-15 11:14:02.615 309-456/? I/ActivityManager: Starting: Intent { act=android.intent.action.MAIN cat=[android.intent.category.LAUNCHER] flg=0x10200000 cmp=com.google.android.apps.maps/com.google.android.maps.MapsActivity bnds=[68,261][189,424] } from pid 447
02-15 11:14:10.472 309-335/? I/WindowManager: Setting rotation to 3, animFlags=0
02-15 11:14:10.472 309-335/? I/ActivityManager: Config changed: { scale=1.0 imsi=0/0 loc=ja_JP touch=3 keys=1/1/2 nav=1/1 orien=2 layout=268435490 uiMode=17 seq=37}
02-15 11:14:13.005 104-186/? W/Vold: Ignoring unknown switch 'battery'
02-15 11:14:22.534 309-315/? I/WindowManager: Setting rotation to 0, animFlags=1
02-15 11:14:22.544 309-315/? I/ActivityManager: Config changed: { scale=1.0 imsi=0/0 loc=ja_JP touch=3 keys=1/1/2 nav=1/1 orien=1 layout=268435490 uiMode=17 seq=38}
02-15 11:14:22.904 309-502/? W/InputManagerService: Window already focused, ignoring focus gain of: com.android.internal.view.IInputMethodClient$Stub$Proxy@40659328
02-15 11:14:24.166 309-455/? I/ActivityManager: Starting: Intent { act=android.intent.action.MAIN cat=[android.intent.category.LAUNCHER] flg=0x10200000 cmp=jp.co.fsi.fs1seg/.app.Main bnds=[209,261][330,424] } from pid 447
02-15 11:14:24.336 309-469/? I/ActivityManager: Starting: Intent { cmp=jp.co.fsi.fs1seg/.app.tvapplication.mainmenu.MainMenu } from pid 483
02-15 11:14:24.516 309-456/? I/WindowManager: Setting rotation to 3, animFlags=1
02-15 11:14:24.516 309-456/? I/ActivityManager: Config changed: { scale=1.0 imsi=0/0 loc=ja_JP touch=3 keys=1/1/2 nav=1/1 orien=2 layout=268435490 uiMode=17 seq=39}
02-15 11:14:25.557 309-455/? I/ActivityManager: Starting: Intent { cmp=jp.co.fsi.fs1seg/.app.tvapplication.recfilelist.RecFileList } from pid 483
02-15 11:14:26.898 309-502/? W/InputManagerService: Starting input on non-focused client com.android.internal.view.IInputMethodClient$Stub$Proxy@40aa0a28 (uid=10113 pid=483)
02-15 11:14:30.752 309-315/? I/WindowManager: Setting rotation to 0, animFlags=1
02-15 11:14:30.762 309-315/? I/ActivityManager: Config changed: { scale=1.0 imsi=0/0 loc=ja_JP touch=3 keys=1/1/2 nav=1/1 orien=1 layout=268435490 uiMode=17 seq=40}
02-15 11:14:32.163 309-518/? I/ActivityManager: Starting: Intent { act=android.intent.action.MAIN cat=[android.intent.category.LAUNCHER] flg=0x10200000 cmp=jp.co.sharp.android.obex/.ObexIrMenuActivity bnds=[350,261][471,424] } from pid 447
02-15 11:14:32.344 309-502/? I/ActivityManager: Start proc jp.co.sharp.android.obex for activity jp.co.sharp.android.obex/.ObexIrMenuActivity: pid=3852 uid=6038 gids={3002, 3001, 1015}
02-15 11:14:32.544 309-456/? I/WindowManager: Setting rotation to 3, animFlags=1
02-15 11:14:32.554 309-456/? I/ActivityManager: Config changed: { scale=1.0 imsi=0/0 loc=ja_JP touch=3 keys=1/1/2 nav=1/1 orien=2 layout=268435490 uiMode=17 seq=41}
02-15 11:14:34.285 309-501/? I/WindowManager: Setting rotation to 0, animFlags=1
02-15 11:14:34.295 309-501/? I/ActivityManager: Config changed: { scale=1.0 imsi=0/0 loc=ja_JP touch=3 keys=1/1/2 nav=1/1 orien=1 layout=268435490 uiMode=17 seq=42}
02-15 11:14:34.416 309-335/? I/ActivityManager: No longer want jp.co.sharp.android.dun (pid 1462): hidden #16
02-15 11:14:35.186 309-485/? W/ActivityManager: Scheduling restart of crashed service jp.co.sharp.android.dun/.DunService in 5000ms
02-15 11:14:36.247 309-501/? I/ActivityManager: Starting: Intent { act=android.intent.action.MAIN cat=[android.intent.category.LAUNCHER] flg=0x10200000 cmp=com.kddi.market/.activity.ActivityMain bnds=[68,445][189,608] } from pid 447
02-15 11:14:36.528 309-480/? I/ActivityManager: Start proc com.kddi.market for activity com.kddi.market/.activity.ActivityMain: pid=3859 uid=10028 gids={3003, 1015}
02-15 11:14:36.548 309-309/? I/WindowManager: Setting rotation to 3, animFlags=1
02-15 11:14:36.568 309-309/? I/ActivityManager: Config changed: { scale=1.0 imsi=0/0 loc=ja_JP touch=3 keys=1/1/2 nav=1/1 orien=2 layout=268435490 uiMode=17 seq=43}
02-15 11:14:37.308 309-502/? I/ActivityManager: Start proc com.kddi.android.packageinstaller for service com.kddi.android.packageinstaller/.KddiPackageInstallerService: pid=3870 uid=5046 gids={}
02-15 11:14:38.920 309-480/? I/ActivityManager: Start proc com.kddi.android.providers.securitydata for content provider com.kddi.android.providers.securitydata/.SecurityDataProvider: pid=3879 uid=5044 gids={}
02-15 11:14:39.901 309-336/? I/ActivityManager: Start proc jp.co.sharp.android.WISPr for broadcast jp.co.sharp.android.WISPr/.WisprWifiReceiver: pid=3888 uid=6060 gids={3003}
02-15 11:14:40.031 309-518/? I/ActivityManager: No longer want com.kddi.android.auoneidsetting (pid 1502): hidden #16
02-15 11:14:40.221 309-336/? I/ActivityManager: Start proc jp.co.sharp.android.dun for service jp.co.sharp.android.dun/.DunService: pid=3897 uid=1000 gids={3003, 3002, 3001}
02-15 11:14:41.042 309-456/? W/InputManagerService: Window already focused, ignoring focus gain of: com.android.internal.view.IInputMethodClient$Stub$Proxy@406da338
02-15 11:14:41.222 309-502/? W/ActivityManager: Duplicate finish request for HistoryRecord{40a0e3d0 com.kddi.market/.activity.ActivityMain}
02-15 11:14:41.222 309-518/? I/WindowManager: Setting rotation to 0, animFlags=1
02-15 11:14:41.232 309-517/? I/ActivityManager: Config changed: { scale=1.0 imsi=0/0 loc=ja_JP touch=3 keys=1/1/2 nav=1/1 orien=1 layout=268435490 uiMode=17 seq=44}
02-15 11:14:42.794 309-485/? I/ActivityManager: Start proc jp.co.sharp.android.dlna.dms for broadcast jp.co.sharp.android.dlna.dms/.DmsReceiver: pid=3929 uid=10015 gids={3003, 1015}
02-15 11:14:42.874 309-517/? I/ActivityManager: Start proc com.skype.android.kddi for broadcast com.skype.android.kddi/.receiver.ConnectivityReceiver: pid=3936 uid=10020 gids={3003, 1015}
02-15 11:14:42.874 309-517/? I/ActivityManager: No longer want jp.co.sharp.android.usbmode (pid 1330): hidden #16
02-15 11:14:43.014 309-478/? I/ActivityManager: No longer want com.google.android.youtube (pid 1722): hidden #16
02-15 11:14:43.014 309-478/? I/ActivityManager: No longer want jp.co.sharp.android.majorupdate (pid 1172): hidden #17
02-15 11:14:43.014 309-478/? I/ActivityManager: No longer want jp.co.sharp.android.usbcharge (pid 1321): hidden #18
02-15 11:14:43.514 309-309/? I/ActivityManager: Start proc jibe.android.activity for broadcast jibe.android.activity/jibe.android.util.JibeNetworkBroadcastReceiver: pid=3946 uid=10021 gids={3003, 1015}
02-15 11:14:43.514 309-309/? I/ActivityManager: No longer want jp.co.sharp.android.youtube3d (pid 1742): hidden #16
02-15 11:14:44.706 309-314/? I/ActivityManager: Process jibe.android.activity (pid 3946) has died.
02-15 11:14:44.736 309-336/? I/ActivityManager: Start proc com.google.android.apps.uploader for broadcast com.google.android.apps.uploader/.ConnectivityBroadcastReceiver: pid=3962 uid=10037 gids={3003}
02-15 11:14:44.876 309-314/? I/ActivityManager: No longer want com.kddi.android.providers.mailprovidata (pid 3311): hidden #16
02-15 11:14:44.956 309-314/? I/ActivityManager: Start proc com.google.android.gm for broadcast com.google.android.gm/.downloadprovider.DownloadReceiver: pid=3972 uid=10042 gids={3003, 1015}
02-15 11:14:45.667 309-481/? I/ActivityManager: Start proc android.process.media for broadcast com.android.providers.downloads/.DownloadReceiver: pid=3984 uid=10057 gids={1015, 1006, 3002, 3001, 2001, 3003}
02-15 11:14:45.667 309-481/? I/ActivityManager: No longer want jp.co.sharp.android.soundmemo (pid 3307): hidden #16
02-15 11:14:46.007 309-315/? I/ActivityManager: No longer want jp.co.sharp.android.addressbook.app (pid 1714): hidden #16
02-15 11:14:57.858 309-502/? I/ActivityManager: Starting: Intent { act=android.intent.action.MAIN cat=[android.intent.category.LAUNCHER] flg=0x10200000 cmp=com.skype.android.kddi/.SkypeActivity bnds=[68,77][189,240] } from pid 447
02-15 11:14:58.029 309-502/? I/WindowManager: Setting rotation to 3, animFlags=1
02-15 11:14:58.049 309-502/? I/ActivityManager: Config changed: { scale=1.0 imsi=0/0 loc=ja_JP touch=3 keys=1/1/2 nav=1/1 orien=2 layout=268435490 uiMode=17 seq=45}
02-15 11:15:02.363 309-456/? I/WindowManager: Setting rotation to 0, animFlags=1
02-15 11:15:02.363 309-314/? I/ActivityManager: Config changed: { scale=1.0 imsi=0/0 loc=ja_JP touch=3 keys=1/1/2 nav=1/1 orien=1 layout=268435490 uiMode=17 seq=46}
02-15 11:15:24.965 104-186/? W/Vold: Ignoring unknown switch 'MSM72K_UDC'
02-15 11:15:25.465 104-186/? D/Vold: USB attach detached
02-15 11:15:25.465 104-186/? W/Vold: Ignoring unknown switch 'ac'
02-15 11:15:31.271 104-186/? D/Vold: USB attach attached
02-15 11:15:31.271 104-186/? W/Vold: Ignoring unknown switch 'ac'
02-15 11:15:46.876 309-455/? I/ActivityManager: Starting: Intent { act=android.intent.action.MAIN cat=[android.intent.category.LAUNCHER] flg=0x10200000 cmp=com.android.settings/.Settings bnds=[209,629][330,792] } from pid 447
02-15 11:15:47.807 309-335/? I/WindowManager: Setting rotation to 3, animFlags=0
02-15 11:15:47.807 309-335/? I/ActivityManager: Config changed: { scale=1.0 imsi=0/0 loc=ja_JP touch=3 keys=1/1/2 nav=1/1 orien=2 layout=268435490 uiMode=17 seq=47}
02-15 11:15:51.341 309-480/? I/ActivityManager: Starting: Intent { act=android.intent.action.MAIN cmp=jp.co.sharp.android.usbcharge/.UsbCharge } from pid 1017
02-15 11:15:51.391 309-518/? I/ActivityManager: Start proc jp.co.sharp.android.usbcharge for activity jp.co.sharp.android.usbcharge/.UsbCharge: pid=4004 uid=10052 gids={}
02-15 11:15:52.792 309-501/? I/ActivityManager: Starting: Intent { flg=0x10000000 cmp=jp.co.sharp.android.usbmode/.UsbMode } from pid 4004
02-15 11:15:53.002 309-315/? I/ActivityManager: Start proc jp.co.sharp.android.usbmode for activity jp.co.sharp.android.usbmode/.UsbMode: pid=4012 uid=10051 gids={}
02-15 11:15:53.293 104-186/? W/Vold: Ignoring unknown switch 'battery'
02-15 11:15:54.724 104-186/? D/Vold: usb_mass_storage function enabled
02-15 11:15:54.864 309-502/? W/InputManagerService: Window already focused, ignoring focus gain of: com.android.internal.view.IInputMethodClient$Stub$Proxy@4066f548
02-15 11:15:54.884 309-3944/? I/ActivityManager: No longer want android.process.acore (pid 849): hidden #16
02-15 11:15:55.064 104-186/? W/Vold: Ignoring unknown switch 'usb_mass_storage'
02-15 11:15:55.064 104-186/? W/Vold: Ignoring unknown switch 'MSM72K_UDC'
02-15 11:15:55.074 104-186/? D/Vold: USB connected
02-15 11:15:55.074 104-186/? D/Vold: Share method ums now available
02-15 11:15:55.084 405-555/? I/StorageNotification: UMS connection changed to true (media state removed)
02-15 11:15:55.114 104-186/? W/Vold: Ignoring unknown switch 'battery'
02-15 11:15:55.124 309-336/? I/ActivityManager: Start proc jp.co.sharp.android.capability for broadcast jp.co.sharp.android.capability/.CapabilityService$CapabilityReceiver: pid=4021 uid=10099 gids={1015}
02-15 11:15:55.234 309-309/? I/ActivityManager: No longer want jp.co.sharp.android.messaging (pid 3290): hidden #16
02-15 11:15:55.685 104-186/? W/Vold: Ignoring unknown switch 'battery'
02-15 11:15:57.627 309-469/? W/InputManagerService: Starting input on non-focused client com.android.internal.view.IInputMethodClient$Stub$Proxy@40704088 (uid=10052 pid=4004)
02-15 11:15:57.737 309-335/? I/ActivityManager: No longer want com.google.android.apps.maps (pid 1521): hidden #16
02-15 11:15:59.549 309-502/? I/ActivityManager: Starting: Intent { act=android.intent.action.MAIN cmp=com.android.settings/.ApplicationSettings } from pid 1017
02-15 11:16:02.121 309-485/? I/ActivityManager: Starting: Intent { act=android.intent.action.MAIN cmp=com.android.settings/.DevelopmentSettings } from pid 1017
02-15 11:16:10.389 309-501/? W/InputManagerService: Window already focused, ignoring focus gain of: com.android.internal.view.IInputMethodClient$Stub$Proxy@406675d0
02-15 11:16:10.409 104-186/? W/Vold: Ignoring unknown switch 'usb_mass_storage'
02-15 11:16:10.409 104-186/? W/Vold: Ignoring unknown switch 'MSM72K_UDC'
02-15 11:16:10.409 104-186/? W/Vold: Ignoring unknown switch 'battery'
02-15 11:16:10.499 309-336/? I/ActivityManager: Start proc jp.co.sharp.android.majorupdate for broadcast jp.co.sharp.android.majorupdate/.MajorUpdateBroadcastReceiver: pid=4045 uid=6029 gids={1015, 3003}
02-15 11:16:10.509 104-186/? D/Vold: USB disconnected
02-15 11:16:10.599 309-518/? I/ActivityManager: No longer want jp.co.sharp.android.hdmi (pid 842): hidden #16
02-15 11:16:10.599 309-481/? W/ActivityManager: Scheduling restart of crashed service jp.co.sharp.android.hdmi/.service.HDMIService in 5000ms
02-15 11:16:10.720 104-186/? W/Vold: Ignoring unknown switch 'usb_mass_storage'
02-15 11:16:10.720 104-186/? W/Vold: Ignoring unknown switch 'MSM72K_UDC'
02-15 11:16:10.720 104-186/? D/Vold: USB connected
02-15 11:16:10.760 104-186/? W/Vold: Ignoring unknown switch 'battery'
02-15 11:16:11.330 104-186/? W/Vold: Ignoring unknown switch 'battery'
02-15 11:16:13.332 104-186/? W/Vold: Ignoring unknown switch 'battery'
02-15 11:16:15.634 309-336/? I/ActivityManager: Start proc jp.co.sharp.android.hdmi for service jp.co.sharp.android.hdmi/.service.HDMIService: pid=4064 uid=10081 gids={}
02-15 11:16:15.764 309-335/? I/WindowManager: Setting rotation to 0, animFlags=0
02-15 11:16:15.764 309-335/? I/ActivityManager: Config changed: { scale=1.0 imsi=0/0 loc=ja_JP touch=3 keys=1/1/2 nav=1/1 orien=1 layout=268435490 uiMode=17 seq=48}
02-15 11:16:17.056 309-335/? I/WindowManager: Setting rotation to 1, animFlags=0
02-15 11:16:17.076 309-335/? I/ActivityManager: Config changed: { scale=1.0 imsi=0/0 loc=ja_JP touch=3 keys=1/1/2 nav=1/1 orien=2 layout=268435490 uiMode=17 seq=49}
02-15 11:16:20.009 309-335/? I/WindowManager: Setting rotation to 0, animFlags=0
02-15 11:16:20.029 309-335/? I/ActivityManager: Config changed: { scale=1.0 imsi=0/0 loc=ja_JP touch=3 keys=1/1/2 nav=1/1 orien=1 layout=268435490 uiMode=17 seq=50}
02-15 11:17:48.375 309-335/? I/WindowManager: Setting rotation to 3, animFlags=0
02-15 11:17:48.395 309-335/? I/ActivityManager: Config changed: { scale=1.0 imsi=0/0 loc=ja_JP touch=3 keys=1/1/2 nav=1/1 orien=2 layout=268435490 uiMode=17 seq=51}
02-15 11:17:57.213 309-335/? I/WindowManager: Setting rotation to 0, animFlags=0
02-15 11:17:57.213 309-335/? I/ActivityManager: Config changed: { scale=1.0 imsi=0/0 loc=ja_JP touch=3 keys=1/1/2 nav=1/1 orien=1 layout=268435490 uiMode=17 seq=52}
02-15 11:18:06.763 104-186/? W/Vold: Ignoring unknown switch 'usb_mass_storage'
02-15 11:18:06.763 104-186/? W/Vold: Ignoring unknown switch 'battery'
02-15 11:18:07.824 104-186/? W/Vold: Ignoring unknown switch 'MSM72K_UDC'
02-15 11:18:07.824 104-186/? D/Vold: USB disconnected
02-15 11:18:07.834 104-186/? D/Vold: USB attach detached
02-15 11:18:07.834 104-186/? D/Vold: Share method ums now unavailable
02-15 11:18:07.834 104-186/? W/Vold: Ignoring unknown switch 'ac'
02-15 11:18:07.834 405-555/? I/StorageNotification: UMS connection changed to false (media state removed)
02-15 11:18:09.375 104-186/? D/Vold: USB attach attached
02-15 11:18:09.375 104-186/? W/Vold: Ignoring unknown switch 'ac'
02-15 11:18:09.425 104-186/? D/Vold: usb_mass_storage function disabled
02-15 11:18:11.217 309-335/? I/WindowManager: Setting rotation to 3, animFlags=0
02-15 11:18:11.237 309-335/? I/ActivityManager: Config changed: { scale=1.0 imsi=0/0 loc=ja_JP touch=3 keys=1/1/2 nav=1/1 orien=2 layout=268435490 uiMode=17 seq=53}
02-15 11:18:16.783 309-315/? W/InputManagerService: Window already focused, ignoring focus gain of: com.android.internal.view.IInputMethodClient$Stub$Proxy@40947ab0
02-15 11:18:41.126 309-456/? I/ActivityManager: Starting: Intent { cmp=jp.co.sharp.android.usbmode/.UsbMode bnds=[0,277][960,376] } from pid -1
02-15 11:18:41.126 309-456/? W/ActivityManager: startActivity called from non-Activity context; forcing Intent.FLAG_ACTIVITY_NEW_TASK for: Intent { cmp=jp.co.sharp.android.usbmode/.UsbMode bnds=[0,277][960,376] }
02-15 11:18:44.129 104-186/? D/Vold: usb_mass_storage function enabled
02-15 11:18:44.229 309-502/? W/InputManagerService: Window already focused, ignoring focus gain of: com.android.internal.view.IInputMethodClient$Stub$Proxy@4064a610
02-15 11:18:44.460 104-186/? W/Vold: Ignoring unknown switch 'usb_mass_storage'
02-15 11:18:44.460 104-186/? W/Vold: Ignoring unknown switch 'MSM72K_UDC'
02-15 11:18:44.460 104-186/? D/Vold: USB connected
02-15 11:18:44.460 104-186/? D/Vold: Share method ums now available
02-15 11:18:44.460 405-555/? I/StorageNotification: UMS connection changed to true (media state removed)
02-15 11:18:44.500 104-186/? W/Vold: Ignoring unknown switch 'battery'
02-15 11:18:45.070 104-186/? W/Vold: Ignoring unknown switch 'battery'
02-15 11:18:58.073 309-481/? I/ActivityManager: Starting: Intent { act=android.settings.APPLICATION_DEVELOPMENT_SETTINGS flg=0x10200000 cmp=com.android.settings/.DevelopmentSettings bnds=[0,378][960,477] } from pid -1
02-15 11:19:03.708 309-335/? I/WindowManager: Setting rotation to 0, animFlags=0
02-15 11:19:03.728 309-335/? I/ActivityManager: Config changed: { scale=1.0 imsi=0/0 loc=ja_JP touch=3 keys=1/1/2 nav=1/1 orien=1 layout=268435490 uiMode=17 seq=54}
02-15 11:19:52.486 309-335/? I/WindowManager: Setting rotation to 3, animFlags=0
02-15 11:19:52.506 309-335/? I/ActivityManager: Config changed: { scale=1.0 imsi=0/0 loc=ja_JP touch=3 keys=1/1/2 nav=1/1 orien=2 layout=268435490 uiMode=17 seq=55}
02-15 11:19:54.458 309-309/? I/ActivityManager: Starting: Intent { act=android.settings.APPLICATION_DEVELOPMENT_SETTINGS flg=0x10200000 cmp=com.android.settings/.DevelopmentSettings bnds=[0,378][960,477] } from pid -1
02-15 11:19:54.748 309-517/? W/InputManagerService: Window already focused, ignoring focus gain of: com.android.internal.view.IInputMethodClient$Stub$Proxy@40a19bc8
02-15 11:20:06.860 309-335/? I/WindowManager: Setting rotation to 0, animFlags=0
02-15 11:20:06.880 309-335/? I/ActivityManager: Config changed: { scale=1.0 imsi=0/0 loc=ja_JP touch=3 keys=1/1/2 nav=1/1 orien=1 layout=268435490 uiMode=17 seq=56}
02-15 11:20:34.056 104-186/? W/Vold: Ignoring unknown switch 'battery'
02-15 11:21:53.814 309-335/? I/WindowManager: Setting rotation to 3, animFlags=0
02-15 11:21:53.834 309-335/? I/ActivityManager: Config changed: { scale=1.0 imsi=0/0 loc=ja_JP touch=3 keys=1/1/2 nav=1/1 orien=2 layout=268435490 uiMode=17 seq=57}
02-15 11:22:12.833 104-186/? W/Vold: Ignoring unknown switch 'usb_mass_storage'
02-15 11:22:12.833 104-186/? W/Vold: Ignoring unknown switch 'battery'
02-15 11:22:13.273 104-186/? W/Vold: Ignoring unknown switch 'MSM72K_UDC'
02-15 11:22:13.273 104-186/? D/Vold: USB disconnected
02-15 11:22:13.283 104-186/? D/Vold: USB attach detached
02-15 11:22:13.283 104-186/? D/Vold: Share method ums now unavailable
02-15 11:22:13.283 104-186/? W/Vold: Ignoring unknown switch 'ac'
02-15 11:22:13.303 405-555/? I/StorageNotification: UMS connection changed to false (media state removed)
02-15 11:22:17.517 104-186/? D/Vold: USB attach attached
02-15 11:22:17.517 104-186/? W/Vold: Ignoring unknown switch 'ac'
02-15 11:22:17.577 104-186/? D/Vold: usb_mass_storage function disabled
02-15 11:22:24.084 309-480/? W/InputManagerService: Window already focused, ignoring focus gain of: com.android.internal.view.IInputMethodClient$Stub$Proxy@407dd218
02-15 11:22:27.697 309-315/? I/ActivityManager: Starting: Intent { cmp=jp.co.sharp.android.usbmode/.UsbMode bnds=[0,277][960,376] } from pid -1
02-15 11:22:27.697 309-315/? W/ActivityManager: startActivity called from non-Activity context; forcing Intent.FLAG_ACTIVITY_NEW_TASK for: Intent { cmp=jp.co.sharp.android.usbmode/.UsbMode bnds=[0,277][960,376] }
02-15 11:22:28.918 104-186/? D/Vold: usb_mass_storage function enabled
02-15 11:22:29.009 309-456/? W/InputManagerService: Window already focused, ignoring focus gain of: com.android.internal.view.IInputMethodClient$Stub$Proxy@405de190
02-15 11:22:29.259 104-186/? W/Vold: Ignoring unknown switch 'usb_mass_storage'
02-15 11:22:29.259 104-186/? W/Vold: Ignoring unknown switch 'MSM72K_UDC'
02-15 11:22:29.259 104-186/? D/Vold: USB connected
02-15 11:22:29.259 104-186/? D/Vold: Share method ums now available
02-15 11:22:29.269 405-555/? I/StorageNotification: UMS connection changed to true (media state removed)
02-15 11:22:29.279 104-186/? W/Vold: Ignoring unknown switch 'battery'
02-15 11:22:29.849 104-186/? W/Vold: Ignoring unknown switch 'battery'
02-15 11:23:54.542 104-186/? W/Vold: Ignoring unknown switch 'battery'
02-15 11:26:44.918 104-186/? W/Vold: Ignoring unknown switch 'battery'
02-15 11:27:29.752 309-352/? I/ActivityManager: Start proc com.google.android.apps.maps for service com.google.android.apps.maps/com.google.googlenav.prefetch.android.PrefetcherService: pid=4141 uid=10036 gids={3003, 1015}
02-15 11:27:40.012 309-3944/? I/ActivityManager: No longer want jp.co.sharp.android.obex (pid 3852): hidden #16
02-15 11:28:02.814 309-335/? I/WindowManager: Setting rotation to 0, animFlags=0
02-15 11:28:02.834 309-335/? I/ActivityManager: Config changed: { scale=1.0 imsi=0/0 loc=ja_JP touch=3 keys=1/1/2 nav=1/1 orien=1 layout=268435490 uiMode=17 seq=58}
02-15 11:28:31.252 309-335/? I/WindowManager: Setting rotation to 3, animFlags=0
02-15 11:28:31.252 309-335/? I/ActivityManager: Config changed: { scale=1.0 imsi=0/0 loc=ja_JP touch=3 keys=1/1/2 nav=1/1 orien=2 layout=268435490 uiMode=17 seq=59}
02-15 11:28:33.965 309-456/? I/ActivityManager: Starting: Intent { flg=0x10000000 cmp=com.mgyun.shua.protector/.service.DaemonActivity } from pid 4207
02-15 11:28:34.815 309-339/? I/ActivityManager: Start proc com.android.defcontainer for service com.android.defcontainer/.DefaultContainerService: pid=4250 uid=10098 gids={1015, 2001}
02-15 11:28:34.886 309-339/? W/ActivityManager: No content provider found for: 
02-15 11:28:34.956 309-339/? W/ActivityManager: No content provider found for: 
02-15 11:28:34.966 309-455/? I/ActivityManager: No longer want jp.co.sharp.android.dlna.dms (pid 3929): hidden #16
02-15 11:28:35.066 309-339/? I/PackageManager: Unpacking native libraries for /data/app/com.mgyun.shua.protector-1.apk
02-15 11:28:35.556 309-336/? I/ActivityManager: Force stopping package com.mgyun.shua.protector uid=10116
02-15 11:28:36.107 309-339/? W/PackageManager: Unknown permission android.permission.READ_EXTERNAL_STORAGE in package com.mgyun.shua.protector
02-15 11:28:36.107 309-339/? W/PackageManager: Not granting permission android.permission.WRITE_SECURE_SETTINGS to package com.mgyun.shua.protector (protectionLevel=3 flags=0x8be44)
02-15 11:28:36.107 309-339/? W/PackageManager: Unknown permission android.permission.READ_OWNER_DATA in package com.mgyun.shua.protector
02-15 11:28:36.107 309-339/? W/PackageManager: Unknown permission android.permission.WRITE_OWNER_DATA in package com.mgyun.shua.protector
02-15 11:28:36.107 309-339/? W/PackageManager: Not granting permission android.permission.DELETE_CACHE_FILES to package com.mgyun.shua.protector (protectionLevel=3 flags=0x8be44)
02-15 11:28:36.107 309-339/? W/PackageManager: Not granting permission android.permission.ACCESS_CACHE_FILESYSTEM to package com.mgyun.shua.protector (protectionLevel=3 flags=0x8be44)
02-15 11:28:36.107 309-339/? W/PackageManager: Not granting permission android.permission.DELETE_PACKAGES to package com.mgyun.shua.protector (protectionLevel=3 flags=0x8be44)
02-15 11:28:36.107 309-339/? W/PackageManager: Unknown permission android.permission.PACKAGE_USEAGE_STATS in package com.mgyun.shua.protector
02-15 11:28:36.117 309-339/? W/PackageManager: Not granting permission android.permission.FORCE_STOP_PACKAGES to package com.mgyun.shua.protector (protectionLevel=2 flags=0x8be44)
02-15 11:28:36.117 309-339/? W/PackageManager: Unknown permission android.permission.READ_CALL_LOG in package com.mgyun.shua.protector
02-15 11:28:36.117 309-339/? W/PackageManager: Unknown permission android.permission.WRITE_CALL_LOG in package com.mgyun.shua.protector
02-15 11:28:36.667 309-481/? I/ActivityManager: Start proc com.android.vending for broadcast com.android.vending/.PackageMonitorReceiver: pid=4259 uid=10031 gids={1015, 3003}
02-15 11:28:37.198 309-469/? I/ActivityManager: Start proc com.google.android.partnersetup for broadcast com.google.android.partnersetup/.AppInstalledReceiver: pid=4275 uid=10040 gids={}
02-15 11:28:37.508 309-480/? I/ActivityManager: No longer want com.kddi.android.packageinstaller (pid 3870): hidden #16
02-15 11:28:37.618 309-309/? I/ActivityManager: Start proc jp.co.sharp.android.home for broadcast jp.co.sharp.android.home/.InstallReceiver: pid=4288 uid=10076 gids={}
02-15 11:28:37.618 309-309/? I/ActivityManager: No longer want com.google.android.apps.uploader (pid 3962): hidden #16
02-15 11:28:37.768 309-518/? I/ActivityManager: No longer want com.google.android.gm (pid 3972): hidden #16
02-15 11:28:37.788 309-518/? I/ActivityManager: Start proc com.svox.pico for broadcast com.svox.pico/.VoiceDataInstallerReceiver: pid=4300 uid=10114 gids={}
02-15 11:28:37.868 309-517/? I/ActivityManager: Start proc com.google.android.googlequicksearchbox for broadcast com.google.android.googlequicksearchbox/.CorporaUpdateReceiver: pid=4308 uid=10039 gids={3003}
02-15 11:28:37.878 309-517/? I/ActivityManager: No longer want jp.co.sharp.android.WISPr (pid 3888): hidden #16
02-15 11:28:38.089 309-309/? I/ActivityManager: Start proc jp.co.sharp.android.camera.videocamera for content provider jp.co.sharp.android.camera.videocamera/jp.co.sharp.android.recommend.provider.RecommendProvider: pid=4317 uid=10057 gids={1015, 1006, 3002, 3001, 2001, 3003}
02-15 11:28:38.149 309-485/? I/ActivityManager: No longer want android.process.media (pid 3984): hidden #16
02-15 11:28:38.819 309-335/? I/WindowManager: Setting rotation to 0, animFlags=0
02-15 11:28:38.819 309-335/? I/ActivityManager: Config changed: { scale=1.0 imsi=0/0 loc=ja_JP touch=3 keys=1/1/2 nav=1/1 orien=1 layout=268435490 uiMode=17 seq=60}
02-15 11:28:39.680 309-501/? I/ActivityManager: Start proc com.android.browser for content provider com.android.browser/.BrowserProvider: pid=4345 uid=10094 gids={3003, 1015}
02-15 11:28:40.421 309-309/? I/ActivityManager: Start proc com.android.providers.calendar for content provider com.android.providers.calendar/.CalendarProvider2: pid=4355 uid=10112 gids={3003}
02-15 11:28:40.611 309-502/? I/ActivityManager: Start proc android.process.acore for content provider jp.co.sharp.android.providers.soundmemo/.SoundMemoProvider: pid=4364 uid=10053 gids={3003, 1015, 3002, 3001}
02-15 11:28:41.102 309-335/? I/WindowManager: Setting rotation to 3, animFlags=0
02-15 11:28:41.122 309-335/? I/ActivityManager: Config changed: { scale=1.0 imsi=0/0 loc=ja_JP touch=3 keys=1/1/2 nav=1/1 orien=2 layout=268435490 uiMode=17 seq=61}
02-15 11:28:41.562 309-478/? I/ActivityManager: No longer want com.skype.android.kddi (pid 3936): hidden #16
02-15 11:28:41.572 309-518/? I/ActivityManager: No longer want jp.co.sharp.android.usbcharge (pid 4004): hidden #16
02-15 11:28:41.592 309-314/? I/ActivityManager: No longer want jp.co.sharp.android.usbmode (pid 4012): hidden #16
02-15 11:28:45.366 309-339/? W/ActivityManager: No content provider found for: 
02-15 11:28:51.582 309-339/? W/ActivityManager: No content provider found for: 
02-15 11:28:52.262 309-315/? I/ActivityManager: Starting: Intent { flg=0x10000000 cmp=com.mgyun.shua.protector/.service.DaemonActivity } from pid 4395
02-15 11:28:52.333 309-485/? I/ActivityManager: Start proc com.mgyun.shua.protector for activity com.mgyun.shua.protector/.service.DaemonActivity: pid=4404 uid=10116 gids={3003, 1007, 1015}
02-15 11:28:52.613 309-309/? I/ActivityManager: Starting: Intent { flg=0x10000000 cmp=com.mgyapp.android/.ui.DaemonActivityNew } from pid 4409
02-15 11:28:52.653 309-455/? W/InputManagerService: Window already focused, ignoring focus gain of: com.android.internal.view.IInputMethodClient$Stub$Proxy@40633070
02-15 11:28:56.176 309-339/? W/ActivityManager: No content provider found for: 
02-15 11:28:59.580 309-339/? W/ActivityManager: No content provider found for: 
02-15 11:29:01.752 309-339/? I/PackageManager: Unpacking native libraries for /data/app/com.mgyapp.android-1.apk
02-15 11:29:07.637 309-336/? I/ActivityManager: Force stopping package com.mgyapp.android uid=10117
02-15 11:29:07.918 309-339/? W/PackageManager: Not granting permission android.permission.INSTALL_PACKAGES to package com.mgyapp.android (protectionLevel=3 flags=0x8be44)
02-15 11:29:07.918 309-339/? W/PackageManager: Not granting permission android.permission.DELETE_PACKAGES to package com.mgyapp.android (protectionLevel=3 flags=0x8be44)
02-15 11:29:07.918 309-339/? W/PackageManager: Not granting permission android.permission.FORCE_STOP_PACKAGES to package com.mgyapp.android (protectionLevel=2 flags=0x8be44)
02-15 11:29:07.918 309-339/? W/PackageManager: Not granting permission android.permission.DELETE_CACHE_FILES to package com.mgyapp.android (protectionLevel=3 flags=0x8be44)
02-15 11:29:07.918 309-339/? W/PackageManager: Unknown permission android.permission.READ_EXTERNAL_STORAGE in package com.mgyapp.android
02-15 11:29:07.918 309-339/? W/PackageManager: Not granting permission android.permission.WRITE_SECURE_SETTINGS to package com.mgyapp.android (protectionLevel=3 flags=0x8be44)
02-15 11:29:07.918 309-339/? W/PackageManager: Unknown permission android.permission.READ_OWNER_DATA in package com.mgyapp.android
02-15 11:29:07.918 309-339/? W/PackageManager: Unknown permission android.permission.WRITE_OWNER_DATA in package com.mgyapp.android
02-15 11:29:07.918 309-339/? W/PackageManager: Not granting permission android.permission.ACCESS_CACHE_FILESYSTEM to package com.mgyapp.android (protectionLevel=3 flags=0x8be44)
02-15 11:29:07.918 309-339/? W/PackageManager: Unknown permission android.permission.READ_CALL_LOG in package com.mgyapp.android
02-15 11:29:07.918 309-339/? W/PackageManager: Unknown permission android.permission.WRITE_CALL_LOG in package com.mgyapp.android
02-15 11:29:07.918 309-339/? W/PackageManager: Unknown permission android.permission.BIND_ACCESSIBILITY_SERVICE in package com.mgyapp.android
02-15 11:29:07.918 309-339/? W/PackageManager: Unknown permission android.permission.BROADCAST_PACKAGE_ADDED in package com.mgyapp.android
02-15 11:29:07.918 309-339/? W/PackageManager: Unknown permission android.permission.BROADCAST_PACKAGE_CHANGED in package com.mgyapp.android
02-15 11:29:07.918 309-339/? W/PackageManager: Unknown permission android.permission.BROADCAST_PACKAGE_INSTALL in package com.mgyapp.android
02-15 11:29:07.918 309-339/? W/PackageManager: Unknown permission android.permission.BROADCAST_PACKAGE_REPLACED in package com.mgyapp.android
