02-15 11:38:49.585 7999-7999/? W/CapabilityBase: IOException
02-15 11:38:49.585 7999-7999/? W/System.err: jp.co.sharp.android.capability.MakeCapabilityFileException: java.io.IOException: File.mkdirs() failed.
02-15 11:38:49.615 129-140/? I/dun_service: The value returned from dun_getusbmodemstate_fromsys is 1 
02-15 11:38:49.615 129-140/? I/dun_service: Post event 1
02-15 11:38:49.625 129-140/? I/dun_service: The value returned from dun_getusbmodemstate_fromsys is 1 
02-15 11:38:49.625 129-140/? I/dun_service: Post event 1
02-15 11:38:49.625 7999-7999/? W/System.err:     at jp.co.sharp.android.capability.CapabilityBase.makeCapabilityFile(CapabilityBase.java:65)
02-15 11:38:49.625 7999-7999/? W/System.err:     at jp.co.sharp.android.capability.Capability.makeCapability(Capability.java:43)
02-15 11:38:49.625 7999-7999/? W/System.err:     at jp.co.sharp.android.capability.CapabilityService.onStart(CapabilityService.java:45)
02-15 11:38:49.625 7999-7999/? W/System.err:     at android.app.Service.onStartCommand(Service.java:428)
02-15 11:38:49.625 7999-7999/? W/System.err:     at android.app.ActivityThread.handleServiceArgs(ActivityThread.java:2078)
02-15 11:38:49.625 7999-7999/? W/System.err:     at android.app.ActivityThread.access$2800(ActivityThread.java:117)
02-15 11:38:49.625 7999-7999/? W/System.err:     at android.app.ActivityThread$H.handleMessage(ActivityThread.java:1012)
02-15 11:38:49.625 7999-7999/? W/System.err:     at android.os.Handler.dispatchMessage(Handler.java:99)
02-15 11:38:49.625 7999-7999/? W/System.err:     at android.os.Looper.loop(Looper.java:123)
02-15 11:38:49.625 7999-7999/? W/System.err:     at android.app.ActivityThread.main(ActivityThread.java:3728)
02-15 11:38:49.625 7999-7999/? W/System.err:     at java.lang.reflect.Method.invokeNative(Native Method)
02-15 11:38:49.625 7999-7999/? W/System.err:     at java.lang.reflect.Method.invoke(Method.java:507)
02-15 11:38:49.625 7999-7999/? W/System.err:     at com.android.internal.os.ZygoteInit$MethodAndArgsCaller.run(ZygoteInit.java:864)
02-15 11:38:49.625 7999-7999/? W/System.err:     at com.android.internal.os.ZygoteInit.main(ZygoteInit.java:622)
02-15 11:38:49.625 7999-7999/? W/System.err:     at dalvik.system.NativeStart.main(Native Method)
02-15 11:38:49.625 104-186/? W/Vold: Ignoring unknown switch 'battery'
02-15 11:38:49.645 7999-7999/? W/System.err: Caused by: java.io.IOException: File.mkdirs() failed.
02-15 11:38:49.645 7999-7999/? W/System.err:     at jp.co.sharp.android.capability.CapabilityBase.mkdir_p(CapabilityBase.java:98)
02-15 11:38:49.645 7999-7999/? W/System.err:     at jp.co.sharp.android.capability.CapabilityBase.mkdir_p(CapabilityBase.java:86)
02-15 11:38:49.645 7999-7999/? W/System.err:     at jp.co.sharp.android.capability.CapabilityBase.makeDEVPROFDirectry(CapabilityBase.java:75)
02-15 11:38:49.645 7999-7999/? W/System.err:     at jp.co.sharp.android.capability.CapabilityBase.makeCapabilityFile(CapabilityBase.java:53)
02-15 11:38:49.665 129-140/? I/dun_service: The value returned from dun_getusbmodemstate_fromsys is 1 
02-15 11:38:49.665 129-140/? I/dun_service: Post event 1
02-15 11:38:49.675 309-361/? D/Tethering: sendTetherStateChangedBroadcast 1, 0, 0
02-15 11:38:49.675 309-361/? D/Tethering: interfaceAdded :usb0
02-15 11:38:49.715 129-129/? E/dun_service: Error cancelling thread 57696, error = 3 (No such process)
02-15 11:38:49.715 129-129/? I/dun_service: Joined port monitor thread 
02-15 11:38:49.715 129-129/? I/dun_service: Joined the port read thread 
02-15 11:38:49.715 129-129/? I/dun_service: Joined the port read thread 
02-15 11:38:49.715 129-129/? I/dun_service: Moved to state(DUN_STATE_USB_UNPLUG)
02-15 11:38:49.715 129-129/? I/dun_service: received event: DUN_EVENT_USB_UNPLUG 
02-15 11:38:49.715 129-129/? I/dun_service: received event(DUN_EVENT_USB_UNPLUG) in state(DUN_STATE_USB_UNPLUG)
02-15 11:38:49.715 129-129/? I/dun_service: Ignoring the event DUN_EVENT_USB_UNPLUG in USB_UNPLUG_STATE
02-15 11:38:49.715 129-129/? I/dun_service: Moved to state(DUN_STATE_USB_UNPLUG)
02-15 11:38:49.715 129-129/? I/dun_service: received event: DUN_EVENT_USB_UNPLUG 
02-15 11:38:49.715 129-129/? I/dun_service: received event(DUN_EVENT_USB_UNPLUG) in state(DUN_STATE_USB_UNPLUG)
02-15 11:38:49.715 129-129/? I/dun_service: Ignoring the event DUN_EVENT_USB_UNPLUG in USB_UNPLUG_STATE
02-15 11:38:49.715 129-129/? I/dun_service: Moved to state(DUN_STATE_USB_UNPLUG)
02-15 11:38:49.715 129-129/? I/dun_service: received event: DUN_EVENT_USB_UNPLUG 
02-15 11:38:49.715 129-129/? I/dun_service: received event(DUN_EVENT_USB_UNPLUG) in state(DUN_STATE_USB_UNPLUG)
02-15 11:38:49.715 129-129/? I/dun_service: Ignoring the event DUN_EVENT_USB_UNPLUG in USB_UNPLUG_STATE
02-15 11:38:49.715 129-129/? I/dun_service: Moved to state(DUN_STATE_USB_UNPLUG)
02-15 11:38:49.715 129-129/? I/dun_service: received event: DUN_EVENT_USB_UNPLUG 
02-15 11:38:49.715 129-129/? I/dun_service: received event(DUN_EVENT_USB_UNPLUG) in state(DUN_STATE_USB_UNPLUG)
02-15 11:38:49.715 129-129/? I/dun_service: Ignoring the event DUN_EVENT_USB_UNPLUG in USB_UNPLUG_STATE
02-15 11:38:49.715 129-129/? I/dun_service: Moved to state(DUN_STATE_USB_UNPLUG)
02-15 11:38:49.715 129-129/? I/dun_service: received event: DUN_EVENT_USB_UNPLUG 
02-15 11:38:49.715 129-129/? I/dun_service: received event(DUN_EVENT_USB_UNPLUG) in state(DUN_STATE_USB_UNPLUG)
02-15 11:38:49.715 129-129/? I/dun_service: Ignoring the event DUN_EVENT_USB_UNPLUG in USB_UNPLUG_STATE
02-15 11:38:49.715 129-129/? I/dun_service: Moved to state(DUN_STATE_USB_UNPLUG)
02-15 11:38:49.715 129-129/? I/dun_service: received event: DUN_EVENT_USB_UNPLUG 
02-15 11:38:49.715 129-129/? I/dun_service: received event(DUN_EVENT_USB_UNPLUG) in state(DUN_STATE_USB_UNPLUG)
02-15 11:38:49.715 129-129/? I/dun_service: Ignoring the event DUN_EVENT_USB_UNPLUG in USB_UNPLUG_STATE
02-15 11:38:49.715 129-129/? I/dun_service: Moved to state(DUN_STATE_USB_UNPLUG)
02-15 11:38:49.715 129-129/? I/dun_service: received event: DUN_EVENT_USB_UNPLUG 
02-15 11:38:49.715 129-129/? I/dun_service: received event(DUN_EVENT_USB_UNPLUG) in state(DUN_STATE_USB_UNPLUG)
02-15 11:38:49.715 129-129/? I/dun_service: Ignoring the event DUN_EVENT_USB_UNPLUG in USB_UNPLUG_STATE
02-15 11:38:49.715 129-129/? I/dun_service: Moved to state(DUN_STATE_USB_UNPLUG)
02-15 11:38:49.715 129-129/? I/dun_service: received event: DUN_EVENT_USB_UNPLUG 
02-15 11:38:49.715 129-129/? I/dun_service: received event(DUN_EVENT_USB_UNPLUG) in state(DUN_STATE_USB_UNPLUG)
02-15 11:38:49.715 129-129/? I/dun_service: Ignoring the event DUN_EVENT_USB_UNPLUG in USB_UNPLUG_STATE
02-15 11:38:49.715 129-129/? I/dun_service: Moved to state(DUN_STATE_USB_UNPLUG)
02-15 11:38:49.725 7999-7999/? W/System.err: 	... 14 more
02-15 11:38:49.725 309-480/? I/ActivityManager: No longer want com.kddi.android.providers.securitydata (pid 3879): hidden #16
02-15 11:38:49.765 309-315/? W/InputManagerService: Window already focused, ignoring focus gain of: com.android.internal.view.IInputMethodClient$Stub$Proxy@40ab7338
02-15 11:38:49.876 587-612/? W/LL_Core: [LifeLogDatabaseInsertSpareParts]Could NOT insert the usage log because the launch date is before year 2000.
02-15 11:38:49.936 4479-8111/? W/System.err: java.net.UnknownHostException: api.mgyun.com
02-15 11:38:49.936 4479-8111/? W/System.err:     at java.net.InetAddress.lookupHostByName(InetAddress.java:506)
02-15 11:38:49.936 4479-8111/? W/System.err:     at java.net.InetAddress.getAllByNameImpl(InetAddress.java:294)
02-15 11:38:49.936 4479-8111/? W/System.err:     at java.net.InetAddress.getAllByName(InetAddress.java:256)
02-15 11:38:49.936 4479-8111/? W/System.err:     at org.apache.http.impl.conn.DefaultClientConnectionOperator.openConnection(DefaultClientConnectionOperator.java:136)
02-15 11:38:49.936 4479-8111/? W/System.err:     at org.apache.http.impl.conn.AbstractPoolEntry.open(AbstractPoolEntry.java:164)
02-15 11:38:49.936 4479-8111/? W/System.err:     at org.apache.http.impl.conn.AbstractPooledConnAdapter.open(AbstractPooledConnAdapter.java:119)
02-15 11:38:49.936 4479-8111/? W/System.err:     at org.apache.http.impl.client.DefaultRequestDirector.execute(DefaultRequestDirector.java:359)
02-15 11:38:49.936 4479-8111/? W/System.err:     at org.apache.http.impl.client.AbstractHttpClient.execute(AbstractHttpClient.java:555)
02-15 11:38:49.936 4479-8111/? W/System.err:     at org.apache.http.impl.client.AbstractHttpClient.execute(AbstractHttpClient.java:487)
02-15 11:38:49.936 4479-8111/? W/System.err:     at org.apache.http.impl.client.AbstractHttpClient.execute(AbstractHttpClient.java:465)
02-15 11:38:49.936 4479-8111/? W/System.err:     at com.mgyun.shua.e.c.c(Sre.java:101)
02-15 11:38:49.936 4479-8111/? W/System.err:     at com.mgyun.shua.e.c$1.run(Sre.java:71)
02-15 11:38:49.936 4479-8111/? W/System.err:     at java.lang.Thread.run(Thread.java:1019)
02-15 11:38:49.956 4479-6192/? W/System.err: java.net.UnknownHostException: api.mgyun.com
02-15 11:38:49.956 4479-6192/? W/System.err:     at java.net.InetAddress.lookupHostByName(InetAddress.java:497)
02-15 11:38:49.956 4479-6192/? W/System.err:     at java.net.InetAddress.getAllByNameImpl(InetAddress.java:294)
02-15 11:38:49.956 4479-6192/? W/System.err:     at java.net.InetAddress.getAllByName(InetAddress.java:256)
02-15 11:38:49.956 4479-6192/? W/System.err:     at org.apache.http.impl.conn.DefaultClientConnectionOperator.openConnection(DefaultClientConnectionOperator.java:136)
02-15 11:38:49.956 4479-6192/? W/System.err:     at org.apache.http.impl.conn.AbstractPoolEntry.open(AbstractPoolEntry.java:164)
02-15 11:38:49.956 4479-6192/? W/System.err:     at org.apache.http.impl.conn.AbstractPooledConnAdapter.open(AbstractPooledConnAdapter.java:119)
02-15 11:38:49.956 4479-6192/? W/System.err:     at org.apache.http.impl.client.DefaultRequestDirector.execute(DefaultRequestDirector.java:359)
02-15 11:38:49.956 4479-6192/? W/System.err:     at org.apache.http.impl.client.AbstractHttpClient.execute(AbstractHttpClient.java:555)
02-15 11:38:49.956 4479-6192/? W/System.err:     at org.apache.http.impl.client.AbstractHttpClient.execute(AbstractHttpClient.java:487)
02-15 11:38:49.956 4479-6192/? W/System.err:     at org.apache.http.impl.client.AbstractHttpClient.execute(AbstractHttpClient.java:465)
02-15 11:38:49.956 4479-6192/? W/System.err:     at z.hol.net.http.HttpDataFetch.httpGet(HttpDataFetch.java:293)
02-15 11:38:49.956 4479-6192/? W/System.err:     at z.hol.net.http.HttpDataFetch.httpGet(HttpDataFetch.java:308)
02-15 11:38:49.956 4479-6192/? W/System.err:     at com.mgyun.general.c.a$b.a(AsyncConfGetter.java:123)
02-15 11:38:49.956 4479-6192/? W/System.err:     at com.mgyun.general.c.a$b.doInBackground(AsyncConfGetter.java:105)
02-15 11:38:49.956 4479-6192/? W/System.err:     at android.os.AsyncTask$2.call(AsyncTask.java:185)
02-15 11:38:49.956 4479-6192/? W/System.err:     at java.util.concurrent.FutureTask$Sync.innerRun(FutureTask.java:306)
02-15 11:38:49.956 4479-6192/? W/System.err:     at java.util.concurrent.FutureTask.run(FutureTask.java:138)
02-15 11:38:49.956 4479-6192/? W/System.err:     at java.util.concurrent.ThreadPoolExecutor.runWorker(ThreadPoolExecutor.java:1088)
02-15 11:38:49.956 4479-6192/? W/System.err:     at java.util.concurrent.ThreadPoolExecutor$Worker.run(ThreadPoolExecutor.java:581)
02-15 11:38:49.956 4479-6192/? W/System.err:     at java.lang.Thread.run(Thread.java:1019)
02-15 11:38:50.096 447-447/? D/skia: purging 191K from font cache [16 entries]
02-15 11:38:50.226 129-140/? I/dun_service: The value returned from dun_getusbmodemstate_fromsys is 1 
02-15 11:38:50.226 129-140/? I/dun_service: Post event 1
02-15 11:38:50.226 129-129/? I/dun_service: received event: DUN_EVENT_USB_UNPLUG 
02-15 11:38:50.226 129-129/? I/dun_service: received event(DUN_EVENT_USB_UNPLUG) in state(DUN_STATE_USB_UNPLUG)
02-15 11:38:50.226 129-129/? I/dun_service: Ignoring the event DUN_EVENT_USB_UNPLUG in USB_UNPLUG_STATE
02-15 11:38:50.226 129-129/? I/dun_service: Moved to state(DUN_STATE_USB_UNPLUG)
02-15 11:38:50.226 129-140/? I/dun_service: The value returned from dun_getusbmodemstate_fromsys is 1 
02-15 11:38:50.226 129-140/? I/dun_service: Post event 1
02-15 11:38:50.226 129-129/? I/dun_service: received event: DUN_EVENT_USB_UNPLUG 
02-15 11:38:50.226 129-129/? I/dun_service: received event(DUN_EVENT_USB_UNPLUG) in state(DUN_STATE_USB_UNPLUG)
02-15 11:38:50.226 129-129/? I/dun_service: Ignoring the event DUN_EVENT_USB_UNPLUG in USB_UNPLUG_STATE
02-15 11:38:50.226 129-129/? I/dun_service: Moved to state(DUN_STATE_USB_UNPLUG)
02-15 11:38:50.226 104-186/? W/Vold: Ignoring unknown switch 'battery'
02-15 11:38:50.316 309-336/? W/ProcessStats: Skipping unknown process pid 8203
02-15 11:38:50.316 309-336/? W/ProcessStats: Skipping unknown process pid 8204
02-15 11:38:52.628 309-480/? I/ActivityManager: No longer want jp.co.sharp.android.camera.videocamera (pid 4317): hidden #16
02-15 11:39:09.715 309-478/? I/ActivityManager: Starting: Intent { flg=0x10000000 cmp=com.mgyun.shua.protector/.service.DaemonActivity } from pid 8256
02-15 11:39:09.805 587-612/? W/LL_Core: [LifeLogDatabaseInsertSpareParts]Could NOT insert the usage log because the launch date is before year 2000.
02-15 11:39:09.845 587-612/? W/LL_Core: [LifeLogDatabaseInsertSpareParts]Could NOT insert the usage log because the launch date is before year 2000.
02-15 11:39:09.895 309-517/? W/InputManagerService: Window already focused, ignoring focus gain of: com.android.internal.view.IInputMethodClient$Stub$Proxy@408bc570
02-15 11:39:10.255 309-501/? I/ActivityManager: Starting: Intent { flg=0x10000000 cmp=com.mgyapp.android/.ui.DaemonActivityNew } from pid 8266
02-15 11:39:10.366 587-612/? W/LL_Core: [LifeLogDatabaseInsertSpareParts]Could NOT insert the usage log because the launch date is before year 2000.
02-15 11:39:10.376 4479-4479/? E/com.umeng.message.UTrack: RegistrationId is empty
02-15 11:39:10.376 4479-4479/? E/com.umeng.message.UTrack: RegistrationId is empty
02-15 11:39:11.547 309-518/? I/ActivityManager: No longer want com.android.browser (pid 4345): hidden #16
02-15 11:39:17.152 309-339/? W/ActivityManager: No content provider found for: 
02-15 11:39:22.377 309-339/? D/PackageParser: Scanning package: /data/app/vmdl1450619214.tmp
02-15 11:39:22.377 309-339/? W/ActivityManager: No content provider found for: 
02-15 11:39:22.387 309-339/? W/PackageParser: /data/app/vmdl1450619214.tmp (at Binary XML file line #8): Requires newer sdk version #16 (current version is #10)
02-15 11:39:22.938 309-336/? V/BgRingerService: bgRingerStartEx call
02-15 11:39:22.938 309-336/? D/BgRingerService: defaults:0 flags:98
02-15 11:39:22.938 309-336/? D/BgRingerService: categorized options:0 Pattern:0 Color:0
02-15 11:39:22.938 309-336/? D/BgRingerService: SetData soundUri:null,category:5,sttype:5,time:5
02-15 11:39:46.771 129-140/? I/dun_service: The value returned from dun_getusbmodemstate_fromsys is 1 
02-15 11:39:46.771 129-140/? I/dun_service: Post event 1
02-15 11:39:46.771 129-129/? I/dun_service: received event: DUN_EVENT_USB_UNPLUG 
02-15 11:39:46.771 129-129/? I/dun_service: received event(DUN_EVENT_USB_UNPLUG) in state(DUN_STATE_USB_UNPLUG)
02-15 11:39:46.771 129-129/? I/dun_service: Ignoring the event DUN_EVENT_USB_UNPLUG in USB_UNPLUG_STATE
02-15 11:39:46.771 129-129/? I/dun_service: Moved to state(DUN_STATE_USB_UNPLUG)
02-15 11:39:46.771 104-186/? W/Vold: Ignoring unknown switch 'battery'
02-15 11:40:40.724 309-336/? W/ProcessStats: Skipping unknown process pid 8715
02-15 11:40:40.734 309-336/? W/ProcessStats: Skipping unknown process pid 8718
02-15 11:40:53.776 4479-6201/? W/System.err: java.io.FileNotFoundException: /mnt/sdcard/mgyapp/.st.dat (Permission denied)
02-15 11:40:53.776 4479-6201/? W/System.err:     at org.apache.harmony.luni.platform.OSFileSystem.open(Native Method)
02-15 11:40:53.776 4479-6201/? W/System.err:     at dalvik.system.BlockGuard$WrappedFileSystem.open(BlockGuard.java:232)
02-15 11:40:53.786 4479-6201/? W/System.err:     at java.io.FileOutputStream.<init>(FileOutputStream.java:94)
02-15 11:40:53.786 4479-6201/? W/System.err:     at java.io.FileOutputStream.<init>(FileOutputStream.java:66)
02-15 11:40:53.786 4479-6201/? W/System.err:     at com.mgyapp.android.b.c.a(DefaultStatisbase.java:120)
02-15 11:40:53.786 4479-6201/? W/System.err:     at com.mgyapp.android.b.c.e(DefaultStatisbase.java:106)
02-15 11:40:53.786 4479-6201/? W/System.err:     at com.mgyapp.android.controller.h$a.a(StatiseControler.java:163)
02-15 11:40:53.786 4479-6201/? W/System.err:     at com.mgyapp.android.controller.h$a.doInBackground(StatiseControler.java:155)
02-15 11:40:53.786 4479-6201/? W/System.err:     at android.os.AsyncTask$2.call(AsyncTask.java:185)
02-15 11:40:53.786 4479-6201/? W/System.err:     at java.util.concurrent.FutureTask$Sync.innerRun(FutureTask.java:306)
02-15 11:40:53.786 4479-6201/? W/System.err:     at java.util.concurrent.FutureTask.run(FutureTask.java:138)
02-15 11:40:53.786 4479-6201/? W/System.err:     at java.util.concurrent.ThreadPoolExecutor.runWorker(ThreadPoolExecutor.java:1088)
02-15 11:40:53.786 4479-6201/? W/System.err:     at java.util.concurrent.ThreadPoolExecutor$Worker.run(ThreadPoolExecutor.java:581)
02-15 11:40:53.786 4479-6201/? W/System.err:     at java.lang.Thread.run(Thread.java:1019)
02-15 11:42:36.216 544-768/? I/EventLogService: Aggregate from 319461155898 (log), 319461155898 (data)
02-15 11:42:39.449 309-339/? W/PackageManager: Package named 'com.mgyun.vroot.tools_13091815' doesn't exist.
02-15 11:42:41.512 309-339/? W/ActivityManager: No content provider found for: 
02-15 11:42:41.532 309-339/? W/ActivityManager: No content provider found for: 
02-15 11:42:41.542 309-339/? D/PackageParser: Scanning package: /data/app/vmdl-1244700597.tmp
02-15 11:42:41.542 309-339/? I/PackageParser: com.mgyun.vroot.tools_13091815: compat added android.permission.WRITE_EXTERNAL_STORAGE android.permission.READ_PHONE_STATE
02-15 11:42:41.572 309-339/? D/PackageManager: Scanning package com.mgyun.vroot.tools_13091815
02-15 11:42:41.582 309-339/? D/PackageManager: Shared UserID android.uid.system (uid=1000): packages=[PackageSetting{40789a40 com.kddi.android.mailprovi/1000}, PackageSetting{40786108 com.android.providers.subscribedfeeds/1000}, PackageSetting{40787498 com.pv.wmdrmproxy/1000}, PackageSetting{40785f58 jp.co.sharp.android.bluetooth.avrcp/1000}, PackageSetting{407896b8 com.kddi.android.maintenance.service/1000}, PackageSetting{40785ba0 jp.co.sharp.android.dun/1000}, PackageSetting{40786f88 com.android.server.vpn/1000}, PackageSetting{40783818 com.kddi.android.fota/1000}, PackageSetting{40786a18 com.android.providers.settings/1000}, PackageSetting{407849c0 jp.co.sharp.android.sendcmailservice/1000}, PackageSetting{40785818 com.kddi.android.maintenancemode/1000}, PackageSetting{40784488 com.kddi.android.WebFiltering/1000}, PackageSetting{40787138 com.android.providers.settingsex/1000}, PackageSetting{40784ba8 com.android.settings/1000}, PackageSetting{40783668 com.kddi.android.mainte.AppMainteLockNoAuth/1000}, PackageSetting{40789358 com.android.systemui/1000}, PackageSetting{407823f8 jp.co.sharp.android.media.server/1000}, PackageSetting{407886e8 android/1000}]
02-15 11:42:41.582 309-339/? I/PackageManager: Unpacking native libraries for /data/app/com.mgyun.vroot.tools_13091815-1.apk
02-15 11:42:41.592 309-339/? D/PackageManager:   Activities: android.app.Activity
02-15 11:42:41.592 309-336/? I/ActivityManager: Force stopping package com.mgyun.vroot.tools_13091815 uid=1000
02-15 11:42:41.712 309-339/? D/PackageManager: New package installed in /data/app/com.mgyun.vroot.tools_13091815-1.apk
02-15 11:42:41.912 4479-6202/? W/System.err: java.io.FileNotFoundException: /data/data/com.mgyapp.android/files/updatable (No such file or directory)
02-15 11:42:41.962 4479-6202/? W/System.err:     at org.apache.harmony.luni.platform.OSFileSystem.open(Native Method)
02-15 11:42:41.962 4479-6202/? W/System.err:     at dalvik.system.BlockGuard$WrappedFileSystem.open(BlockGuard.java:232)
02-15 11:42:41.972 4479-6202/? W/System.err:     at java.io.FileInputStream.<init>(FileInputStream.java:80)
02-15 11:42:41.972 4479-6202/? W/System.err:     at android.app.ContextImpl.openFileInput(ContextImpl.java:436)
02-15 11:42:41.972 4479-6202/? W/System.err:     at android.content.ContextWrapper.openFileInput(ContextWrapper.java:152)
02-15 11:42:41.972 4479-6202/? W/System.err:     at com.mgyapp.android.e.g.d(UpdatableAppChecker.java:301)
02-15 11:42:41.972 4479-6202/? W/System.err:     at com.mgyapp.android.e.g.c(UpdatableAppChecker.java:36)
02-15 11:42:41.972 4479-6202/? W/System.err:     at com.mgyapp.android.e.g$b.a(UpdatableAppChecker.java:199)
02-15 11:42:41.972 4479-6202/? W/System.err:     at com.mgyapp.android.e.g$b.doInBackground(UpdatableAppChecker.java:159)
02-15 11:42:41.972 4479-6202/? W/System.err:     at android.os.AsyncTask$2.call(AsyncTask.java:185)
02-15 11:42:41.972 4479-6202/? W/System.err:     at java.util.concurrent.FutureTask$Sync.innerRun(FutureTask.java:306)
02-15 11:42:41.972 4479-6202/? W/System.err:     at java.util.concurrent.FutureTask.run(FutureTask.java:138)
02-15 11:42:41.972 4479-6202/? W/System.err:     at java.util.concurrent.ThreadPoolExecutor.runWorker(ThreadPoolExecutor.java:1088)
02-15 11:42:41.982 4479-6202/? W/System.err:     at java.util.concurrent.ThreadPoolExecutor$Worker.run(ThreadPoolExecutor.java:581)
02-15 11:42:41.982 4479-6202/? W/System.err:     at java.lang.Thread.run(Thread.java:1019)
02-15 11:42:42.072 4288-4288/? D/Launcher.InstallReceiver: InstallReceiver onReceive()
02-15 11:42:42.072 4288-4288/? D/Launcher.InstallReceiver: InstallReceiver ACTION_PACKAGE_ADDED com.mgyun.vroot.tools_13091815
02-15 11:42:42.202 587-612/? W/LL_Core: [LifeLogDatabaseInsert]Could NOT insert the log because the log date is before year 2000.
02-15 11:42:42.222 4259-9332/? D/vending: [18] LocalAssetCache.updateOnePackage(): No local info for com.mgyun.vroot.tools_13091815
02-15 11:42:42.222 309-315/? I/ActivityManager: Start proc jp.co.sharp.android.camera.videocamera for content provider jp.co.sharp.android.camera.videocamera/jp.co.sharp.android.recommend.provider.RecommendProvider: pid=9335 uid=10057 gids={1015, 1006, 3002, 3001, 2001, 3003}
02-15 11:42:42.302 9335-9335/? I/ActivityThread: Pub jp.co.sharp.android.recommend.RecommendProvider: jp.co.sharp.android.recommend.provider.RecommendProvider
02-15 11:42:42.703 309-501/? I/ActivityManager: Starting: Intent { act=android.intent.action.MAIN flg=0x10000000 cmp=com.mgyun.vroot.tools_13091815/android.app.Activity } from pid 9346
02-15 11:42:42.833 309-485/? I/ActivityManager: Start proc com.mgyun.vroot.tools_13091815 for activity com.mgyun.vroot.tools_13091815/android.app.Activity: pid=9355 uid=1000 gids={3003, 3002, 3001, 1015}
02-15 11:42:42.883 587-612/? W/LL_Core: [LifeLogDatabaseInsertSpareParts]Could NOT insert the usage log because the launch date is before year 2000.
02-15 11:42:42.923 1264-1264/? I/NewHome: ** null (ID=108) **
02-15 11:42:42.923 1264-1264/? I/NewHome: ** null (ID=156) **
02-15 11:42:42.953 309-353/? I/ActivityManager: Displayed com.mgyun.vroot.tools_13091815/android.app.Activity: +153ms (total +3m33s174ms)
02-15 11:42:43.043 309-456/? I/ActivityManager: Start proc com.android.browser for content provider com.android.browser/.BrowserProvider: pid=9363 uid=10094 gids={3003, 1015}
02-15 11:42:43.083 9363-9363/? I/ActivityThread: Pub browser: com.android.browser.BrowserProvider
02-15 11:42:43.163 9363-9363/? I/BrowserSettings: Selected search engine: ActivitySearchEngine{android.app.SearchableInfo@4054eb00}
02-15 11:42:43.403 309-478/? I/ActivityManager: No longer want jibe.android.activity (pid 5651): hidden #16
02-15 11:42:45.736 309-456/? I/ActivityManager: Starting: Intent { act=android.intent.action.MAIN flg=0x14000000 cmp=com.mgyun.vroot.tools_13091815/android.app.Activity } from pid 9376
02-15 11:42:47.708 309-335/? I/WindowManager: Setting rotation to 1, animFlags=0
02-15 11:42:47.708 309-335/? I/ActivityManager: Config changed: { scale=1.0 imsi=0/0 loc=ja_JP touch=3 keys=1/1/2 nav=1/1 orien=2 layout=268435490 uiMode=17 seq=65}
02-15 11:42:47.828 309-336/? W/ProcessStats: Skipping unknown process pid 9401
02-15 11:42:48.218 129-140/? I/dun_service: The value returned from dun_getusbmodemstate_fromsys is 1 
02-15 11:42:48.218 129-140/? I/dun_service: Post event 1
02-15 11:42:48.218 129-129/? I/dun_service: received event: DUN_EVENT_USB_UNPLUG 
02-15 11:42:48.218 129-129/? I/dun_service: received event(DUN_EVENT_USB_UNPLUG) in state(DUN_STATE_USB_UNPLUG)
02-15 11:42:48.218 129-129/? I/dun_service: Ignoring the event DUN_EVENT_USB_UNPLUG in USB_UNPLUG_STATE
02-15 11:42:48.218 129-129/? I/dun_service: Moved to state(DUN_STATE_USB_UNPLUG)
02-15 11:42:49.740 309-335/? I/WindowManager: Setting rotation to 0, animFlags=0
02-15 11:42:49.750 309-335/? I/ActivityManager: Config changed: { scale=1.0 imsi=0/0 loc=ja_JP touch=3 keys=1/1/2 nav=1/1 orien=1 layout=268435490 uiMode=17 seq=66}
02-15 11:42:51.541 309-339/? I/PackageManager: Removing non-system package:com.mgyun.vroot.tools_13091815
02-15 11:42:51.541 309-336/? I/ActivityManager: Force stopping package com.mgyun.vroot.tools_13091815 uid=1000
02-15 11:42:51.551 309-518/? V/BgRingerService: bgRingerCancelAll call
02-15 11:42:51.561 309-339/? D/PackageManager: Removing package com.mgyun.vroot.tools_13091815
02-15 11:42:51.561 309-339/? D/PackageManager:   Activities: android.app.Activity
02-15 11:42:51.561 309-355/? E/InputDispatcher: channel '40947c50 com.mgyun.vroot.tools_13091815/android.app.Activity (server)' ~ Consumer closed input channel or an error occurred.  events=0x8
02-15 11:42:51.561 309-355/? E/InputDispatcher: channel '40947c50 com.mgyun.vroot.tools_13091815/android.app.Activity (server)' ~ Channel is unrecoverably broken and will be disposed!
02-15 11:42:51.561 309-336/? I/ActivityManager:   Force finishing activity HistoryRecord{406d8be8 com.mgyun.vroot.tools_13091815/android.app.Activity}
02-15 11:42:51.561 309-336/? W/ActivityManager: Duplicate finish request for HistoryRecord{406d8be8 com.mgyun.vroot.tools_13091815/android.app.Activity}
02-15 11:42:51.561 309-355/? I/WindowManager: WINDOW DIED Window{40947c50 com.mgyun.vroot.tools_13091815/android.app.Activity paused=false}
02-15 11:42:51.601 587-612/? W/LL_Core: [LifeLogDatabaseInsertSpareParts]Could NOT insert the usage log because the launch date is before year 2000.
02-15 11:42:51.621 309-455/? W/InputManagerService: Got RemoteException sending setActive(false) notification to pid 9355 uid 1000
02-15 11:42:51.842 309-339/? I/ActivityManager: Force stopping package com.mgyun.vroot.tools_13091815 uid=1000
02-15 11:42:51.842 309-339/? I/ActivityManager:   Force finishing activity HistoryRecord{406d8be8 com.mgyun.vroot.tools_13091815/android.app.Activity}
02-15 11:42:51.842 309-339/? W/ActivityManager: Duplicate finish request for HistoryRecord{406d8be8 com.mgyun.vroot.tools_13091815/android.app.Activity}
02-15 11:42:52.172 309-336/? I/ActivityManager: Start proc jibe.android.activity for broadcast jibe.android.activity/jibe.android.util.UpdateBroadcastReceiver: pid=9481 uid=10021 gids={3003, 1015}
02-15 11:42:52.722 112-112/? E/installd: Couldn't unlink /data/dalvik-cache/data@app@com.mgyun.vroot.tools_13091815-1.apk@classes.dex: No such file or directory
02-15 11:42:52.732 9481-9481/? I/ActivityThread: Pub jibe.android.provider.contact.favorite.message: jibe.android.provider.ContactFavoriteMessageProvider
02-15 11:42:52.732 309-339/? W/PackageManager: Couldn't remove dex file for package:  at location /data/app/com.mgyun.vroot.tools_13091815-1.apk, retcode=-1
02-15 11:42:52.752 9481-9481/? I/ActivityThread: Pub jibe.android.provider.contact: jibe.android.provider.ContactProvider
02-15 11:42:53.713 309-314/? I/ActivityManager: No longer want jp.co.sharp.android.majorupdate (pid 6421): hidden #16
02-15 11:42:53.723 4288-4288/? D/Launcher.InstallReceiver: InstallReceiver onReceive()
02-15 11:42:53.723 4288-4288/? D/Launcher.InstallReceiver: InstallReceiver ACTION_PACKAGE_REMOVED com.mgyun.vroot.tools_13091815
02-15 11:42:53.803 587-612/? W/LL_Core: [LifeLogDatabaseInsert]Could NOT insert the log because the log date is before year 2000.
02-15 11:42:53.834 309-478/? W/ActivityManager: Unable to start service Intent { act=android.intent.action.PACKAGE_REMOVED dat=package:com.mgyun.vroot.tools_13091815 flg=0x10000000 cmp=com.mgyapp.android/.TaobaoIntentService (has extras) }: not found
02-15 11:42:54.284 405-405/? W/KeyCharacterMap: Can't open keycharmap file
02-15 11:42:54.284 405-405/? W/KeyCharacterMap: Error loading keycharmap file '/system/usr/keychars/SH_matrix-keypad.kcm.bin'. SH_matrix-keypad
02-15 11:42:54.284 405-405/? W/KeyCharacterMap: Using default keymap: /system/usr/keychars/qwerty.kcm.bin
02-15 11:42:54.845 309-309/? V/BgRingerService: bgRingerCancelAll call
02-15 11:42:54.855 309-456/? W/InputManagerService: Window already focused, ignoring focus gain of: com.android.internal.view.IInputMethodClient$Stub$Proxy@40600840
02-15 11:42:55.866 129-140/? I/dun_service: The value returned from dun_getusbmodemstate_fromsys is 1 
02-15 11:42:55.866 129-140/? I/dun_service: Post event 1
02-15 11:42:55.866 129-129/? I/dun_service: received event: DUN_EVENT_USB_UNPLUG 
02-15 11:42:55.866 129-129/? I/dun_service: received event(DUN_EVENT_USB_UNPLUG) in state(DUN_STATE_USB_UNPLUG)
02-15 11:42:55.866 129-129/? I/dun_service: Ignoring the event DUN_EVENT_USB_UNPLUG in USB_UNPLUG_STATE
02-15 11:42:55.866 129-129/? I/dun_service: Moved to state(DUN_STATE_USB_UNPLUG)
02-15 11:42:55.906 5715-5734/? I/tnet-jni: 15 -  create new session: accscdn.m.taobao.com:443
02-15 11:42:55.906 5715-5734/? W/System.err: org.android.spdy.SpdyErrorException: create session error: -1107
02-15 11:42:55.906 5715-5734/? W/System.err:     at org.android.spdy.SpdyAgent.createSession(SpdyAgent.java:448)
02-15 11:42:55.906 5715-5734/? W/System.err:     at org.android.spdy.SpdyAgent.createSession(SpdyAgent.java:331)
02-15 11:42:55.906 5715-5734/? W/System.err:     at com.taobao.accs.net.l.b(Taobao:445)
02-15 11:42:55.906 5715-5734/? W/System.err:     at com.taobao.accs.net.l.b(Taobao:60)
02-15 11:42:55.906 5715-5734/? W/System.err:     at com.taobao.accs.net.l$a.a(Taobao:815)
02-15 11:42:55.906 5715-5734/? W/System.err:     at com.taobao.accs.net.l$a.run(Taobao:881)
02-15 11:42:57.817 309-335/? W/ActivityManager: Activity destroy timeout for HistoryRecord{406d8be8 com.mgyun.vroot.tools_13091815/android.app.Activity}
02-15 11:43:00.920 5715-5734/? I/tnet-jni: 15 -  create new session: accscdn.m.taobao.com:80
02-15 11:43:00.920 5715-5734/? W/System.err: org.android.spdy.SpdyErrorException: create session error: -1107
02-15 11:43:00.920 5715-5734/? W/System.err:     at org.android.spdy.SpdyAgent.createSession(SpdyAgent.java:448)
02-15 11:43:00.920 5715-5734/? W/System.err:     at org.android.spdy.SpdyAgent.createSession(SpdyAgent.java:331)
02-15 11:43:00.920 5715-5734/? W/System.err:     at com.taobao.accs.net.l.b(Taobao:445)
02-15 11:43:00.920 5715-5734/? W/System.err:     at com.taobao.accs.net.l.b(Taobao:60)
02-15 11:43:00.920 5715-5734/? W/System.err:     at com.taobao.accs.net.l$a.a(Taobao:815)
02-15 11:43:00.920 5715-5734/? W/System.err:     at com.taobao.accs.net.l$a.a(Taobao:822)
02-15 11:43:00.920 5715-5734/? W/System.err:     at com.taobao.accs.net.l$a.run(Taobao:881)
02-15 11:43:05.935 5715-5734/? I/tnet-jni: 15 -  create new session: accscdn.m.taobao.com:443
02-15 11:43:05.935 5715-5734/? W/System.err: org.android.spdy.SpdyErrorException: create session error: -1107
02-15 11:43:05.935 5715-5734/? W/System.err:     at org.android.spdy.SpdyAgent.createSession(SpdyAgent.java:448)
02-15 11:43:05.935 5715-5734/? W/System.err:     at org.android.spdy.SpdyAgent.createSession(SpdyAgent.java:331)
02-15 11:43:05.935 5715-5734/? W/System.err:     at com.taobao.accs.net.l.b(Taobao:445)
02-15 11:43:05.935 5715-5734/? W/System.err:     at com.taobao.accs.net.l.b(Taobao:60)
02-15 11:43:05.935 5715-5734/? W/System.err:     at com.taobao.accs.net.l$a.a(Taobao:815)
02-15 11:43:05.935 5715-5734/? W/System.err:     at com.taobao.accs.net.l$a.a(Taobao:822)
02-15 11:43:05.935 5715-5734/? W/System.err:     at com.taobao.accs.net.l$a.a(Taobao:822)
02-15 11:43:05.935 5715-5734/? W/System.err:     at com.taobao.accs.net.l$a.run(Taobao:881)
02-15 11:43:06.065 309-469/? I/ActivityManager: No longer want jp.co.sharp.android.sdmountlistener (pid 3729): hidden #16
02-15 11:43:06.085 309-480/? W/ActivityManager: Scheduling restart of crashed service jp.co.sharp.android.sdmountlistener/.SDMountListenerService in 5000ms
02-15 11:43:10.960 5715-5734/? I/tnet-jni: 15 -  create new session: accscdn.m.taobao.com:443
02-15 11:43:10.960 5715-5734/? W/System.err: org.android.spdy.SpdyErrorException: create session error: -1107
02-15 11:43:10.960 5715-5734/? W/System.err:     at org.android.spdy.SpdyAgent.createSession(SpdyAgent.java:448)
02-15 11:43:10.960 5715-5734/? W/System.err:     at org.android.spdy.SpdyAgent.createSession(SpdyAgent.java:331)
02-15 11:43:10.960 5715-5734/? W/System.err:     at com.taobao.accs.net.l.b(Taobao:445)
02-15 11:43:10.960 5715-5734/? W/System.err:     at com.taobao.accs.net.l.b(Taobao:60)
02-15 11:43:10.960 5715-5734/? W/System.err:     at com.taobao.accs.net.l$a.a(Taobao:815)
02-15 11:43:10.960 5715-5734/? W/System.err:     at com.taobao.accs.net.l$a.a(Taobao:822)
02-15 11:43:10.960 5715-5734/? W/System.err:     at com.taobao.accs.net.l$a.a(Taobao:822)
02-15 11:43:10.960 5715-5734/? W/System.err:     at com.taobao.accs.net.l$a.a(Taobao:822)
02-15 11:43:10.960 5715-5734/? W/System.err:     at com.taobao.accs.net.l$a.run(Taobao:881)
02-15 11:43:11.140 309-336/? I/ActivityManager: Start proc jp.co.sharp.android.sdmountlistener for service jp.co.sharp.android.sdmountlistener/.SDMountListenerService: pid=9650 uid=10060 gids={}
02-15 11:43:11.160 9650-9650/? D/SDMountListenerService: onCreate()
02-15 11:43:35.204 309-336/? V/BgRingerService: bgRingerCancel call pkg:com.mgyun.shua.protector id:99868
02-15 11:43:53.782 4479-6209/? W/System.err: java.io.FileNotFoundException: /mnt/sdcard/mgyapp/.st.dat (Permission denied)
02-15 11:43:53.792 4479-6209/? W/System.err:     at org.apache.harmony.luni.platform.OSFileSystem.open(Native Method)
02-15 11:43:53.792 4479-6209/? W/System.err:     at dalvik.system.BlockGuard$WrappedFileSystem.open(BlockGuard.java:232)
02-15 11:43:53.792 4479-6209/? W/System.err:     at java.io.FileOutputStream.<init>(FileOutputStream.java:94)
02-15 11:43:53.792 4479-6209/? W/System.err:     at java.io.FileOutputStream.<init>(FileOutputStream.java:66)
02-15 11:43:53.792 4479-6209/? W/System.err:     at com.mgyapp.android.b.c.a(DefaultStatisbase.java:120)
02-15 11:43:53.792 4479-6209/? W/System.err:     at com.mgyapp.android.b.c.e(DefaultStatisbase.java:106)
02-15 11:43:53.792 4479-6209/? W/System.err:     at com.mgyapp.android.controller.h$a.a(StatiseControler.java:163)
02-15 11:43:53.792 4479-6209/? W/System.err:     at com.mgyapp.android.controller.h$a.doInBackground(StatiseControler.java:155)
02-15 11:43:53.792 4479-6209/? W/System.err:     at android.os.AsyncTask$2.call(AsyncTask.java:185)
02-15 11:43:53.792 4479-6209/? W/System.err:     at java.util.concurrent.FutureTask$Sync.innerRun(FutureTask.java:306)
02-15 11:43:53.792 4479-6209/? W/System.err:     at java.util.concurrent.FutureTask.run(FutureTask.java:138)
02-15 11:43:53.792 4479-6209/? W/System.err:     at java.util.concurrent.ThreadPoolExecutor.runWorker(ThreadPoolExecutor.java:1088)
02-15 11:43:53.792 4479-6209/? W/System.err:     at java.util.concurrent.ThreadPoolExecutor$Worker.run(ThreadPoolExecutor.java:581)
02-15 11:43:53.792 4479-6209/? W/System.err:     at java.lang.Thread.run(Thread.java:1019)
02-15 11:44:07.515 129-140/? I/dun_service: The value returned from dun_getusbmodemstate_fromsys is 1 
02-15 11:44:07.515 129-140/? I/dun_service: Post event 1
02-15 11:44:07.515 129-129/? I/dun_service: received event: DUN_EVENT_USB_UNPLUG 
02-15 11:44:07.515 129-129/? I/dun_service: received event(DUN_EVENT_USB_UNPLUG) in state(DUN_STATE_USB_UNPLUG)
02-15 11:44:07.515 129-129/? I/dun_service: Ignoring the event DUN_EVENT_USB_UNPLUG in USB_UNPLUG_STATE
02-15 11:44:07.515 129-129/? I/dun_service: Moved to state(DUN_STATE_USB_UNPLUG)
02-15 11:44:07.515 104-186/? W/Vold: Ignoring unknown switch 'battery'
02-15 11:44:46.413 309-517/? I/ActivityManager: No longer want jp.co.sharp.android.dun (pid 3897): hidden #16
02-15 11:44:46.433 309-315/? W/ActivityManager: Scheduling restart of crashed service jp.co.sharp.android.dun/.DunService in 5000ms
02-15 11:44:51.478 309-336/? I/ActivityManager: Start proc jp.co.sharp.android.dun for service jp.co.sharp.android.dun/.DunService: pid=9843 uid=1000 gids={3003, 3002, 3001}
02-15 11:44:51.498 9843-9843/? I/DunService: Dun Service Created Successfully
02-15 11:44:51.508 9843-9843/? I/DunService: Background Service Started Successfully ...
02-15 11:45:11.518 309-336/? W/ProcessStats: Skipping unknown process pid 9863
02-15 11:45:11.518 309-336/? W/ProcessStats: Skipping unknown process pid 9864
02-15 11:45:41.627 309-336/? W/ProcessStats: Skipping unknown process pid 9969
02-15 11:45:41.637 309-336/? W/ProcessStats: Skipping unknown process pid 9970
02-15 11:46:16.762 309-485/? I/ActivityManager: No longer want jp.co.sharp.android.hdmi (pid 4064): hidden #16
02-15 11:46:16.772 309-478/? W/ActivityManager: Scheduling restart of crashed service jp.co.sharp.android.hdmi/.service.HDMIService in 5000ms
02-15 11:46:21.816 309-336/? I/ActivityManager: Start proc jp.co.sharp.android.hdmi for service jp.co.sharp.android.hdmi/.service.HDMIService: pid=10057 uid=10081 gids={}
02-15 11:46:21.876 10057-10057/? I/ActivityThread: Pub jp.co.sharp.android.hdmi.HDMIProvider: jp.co.sharp.android.hdmi.service.provider.HDMIProvider
02-15 11:46:21.907 10057-10057/? W/HDMIAPP: [init]start
02-15 11:46:22.047 10057-10057/? V/CmpLogSystem: ,CompetitionManager.java(908),CompManager,COMPLOG,PROC,MG,MGRCRE,43194486095872
02-15 11:46:22.047 10057-10057/? V/CompetitionManager: [GoliathCompetitionManager.getServerName]Start
02-15 11:46:22.057 10057-10057/? V/CmpLogSystem: ,CompetitionManager.java(210),CompManager,COMPLOG,PROC,MG,MGRCRE,43194486095872,COMPETITION_GOLIATH
02-15 11:46:22.057 10057-10057/? V/CompetitionManager: [GoliathCompetitionManager.GoliathCompetitionManager]Constractor called
02-15 11:46:22.067 10057-10057/? V/CmpLogSystem: ,CompetitionManager.java(908),CompManager,COMPLOG,PROC,MG,MGRCRE,43194486095873
02-15 11:46:22.067 10057-10057/? V/CompetitionManager: [HdmiCompetitionManager.getServerName]Start
02-15 11:46:22.067 10057-10057/? V/CmpLogSystem: ,CompetitionManager.java(210),CompManager,COMPLOG,PROC,MG,MGRCRE,43194486095873,COMPETITION_HDMI
02-15 11:46:22.067 10057-10057/? V/CompetitionManager: [HdmiCompetitionManager.HdmiCompetitionManager]Constractor called
02-15 11:46:22.137 10057-10057/? W/HDMIAPP: [init]end
02-15 11:46:22.297 10057-10065/? V/CmpLogSystem: ,CompetitionManager.java(406),CompManager,COMPLOG,PROC,MG,APIREQ,start,43194486095872,2,0,COMPETITION_GOLIATH,REASON_HDMI
02-15 11:46:22.297 309-314/? V/CmpLogSystem: ,CompetitionServer.java(253),GoliathCompetitionServer,COMPLOG,PROC,SV,CMDREQ,requestCommand startlist=[2, 43194486095872, COMPETITION_GOLIATH, REASON_HDMI]
02-15 11:46:22.307 309-314/? V/CmpLogSystem: ,ServerCommand.java(428),GoliathCompetitionServer,COMPLOG,PROC,SV,CMDEXE,43194486095872,free,REASON_HDMI
02-15 11:46:22.307 309-314/? V/CmpLogSystem: ,CompetitionServer.java(265),GoliathCompetitionServer,COMPLOG,PROC,SV,CMDFIN,requestCommand endret=[7]
02-15 11:46:22.317 10057-10065/? V/CmpLogSystem: ,CompetitionManager.java(454),CompManager,COMPLOG,PROC,MG,APIRES,End,43194486095872,7,0
02-15 11:46:22.317 10057-10065/? V/CmpLogSystem: ,CompetitionManager.java(406),CompManager,COMPLOG,PROC,MG,APIREQ,start,43194486095873,2,0,COMPETITION_HDMI,REASON_HDMI
02-15 11:46:22.317 309-3944/? V/CmpLogSystem: ,CompetitionServer.java(253),HdmiCompetitionServer,COMPLOG,PROC,SV,CMDREQ,requestCommand startlist=[2, 43194486095873, COMPETITION_HDMI, REASON_HDMI]
02-15 11:46:22.327 309-3944/? V/CmpLogSystem: ,ServerCommand.java(428),HdmiCompetitionServer,COMPLOG,PROC,SV,CMDEXE,43194486095873,free,REASON_HDMI
02-15 11:46:22.327 309-3944/? V/CmpLogSystem: ,CompetitionServer.java(265),HdmiCompetitionServer,COMPLOG,PROC,SV,CMDFIN,requestCommand endret=[7]
02-15 11:46:22.327 10057-10065/? V/CmpLogSystem: ,CompetitionManager.java(454),CompManager,COMPLOG,PROC,MG,APIRES,End,43194486095873,7,0
02-15 11:46:22.367 309-335/? V/AudioService: HDMI disconnected
02-15 11:46:22.377 109-302/? W/AudioPolicyManager: setDeviceConnectionState() device not connected: 800
02-15 11:46:37.932 129-140/? I/dun_service: The value returned from dun_getusbmodemstate_fromsys is 1 
02-15 11:46:37.932 129-140/? I/dun_service: Post event 1
02-15 11:46:37.932 129-129/? I/dun_service: received event: DUN_EVENT_USB_UNPLUG 
02-15 11:46:37.932 129-129/? I/dun_service: received event(DUN_EVENT_USB_UNPLUG) in state(DUN_STATE_USB_UNPLUG)
02-15 11:46:37.932 129-129/? I/dun_service: Ignoring the event DUN_EVENT_USB_UNPLUG in USB_UNPLUG_STATE
02-15 11:46:37.932 129-129/? I/dun_service: Moved to state(DUN_STATE_USB_UNPLUG)
02-15 11:46:37.932 104-186/? W/Vold: Ignoring unknown switch 'battery'
02-15 11:46:51.886 309-336/? W/ProcessStats: Skipping unknown process pid 10169
02-15 11:46:53.878 4479-5367/? W/System.err: java.io.FileNotFoundException: /mnt/sdcard/mgyapp/.st.dat (Permission denied)
02-15 11:46:53.878 4479-5367/? W/System.err:     at org.apache.harmony.luni.platform.OSFileSystem.open(Native Method)
02-15 11:46:53.878 4479-5367/? W/System.err:     at dalvik.system.BlockGuard$WrappedFileSystem.open(BlockGuard.java:232)
02-15 11:46:53.888 4479-5367/? W/System.err:     at java.io.FileOutputStream.<init>(FileOutputStream.java:94)
02-15 11:46:53.898 4479-5367/? W/System.err:     at java.io.FileOutputStream.<init>(FileOutputStream.java:66)
02-15 11:46:53.908 4479-5367/? W/System.err:     at com.mgyapp.android.b.c.a(DefaultStatisbase.java:120)
02-15 11:46:53.908 4479-5367/? W/System.err:     at com.mgyapp.android.b.c.e(DefaultStatisbase.java:106)
02-15 11:46:53.908 4479-5367/? W/System.err:     at com.mgyapp.android.controller.h$a.a(StatiseControler.java:163)
02-15 11:46:53.908 4479-5367/? W/System.err:     at com.mgyapp.android.controller.h$a.doInBackground(StatiseControler.java:155)
02-15 11:46:53.908 4479-5367/? W/System.err:     at android.os.AsyncTask$2.call(AsyncTask.java:185)
02-15 11:46:53.918 4479-5367/? W/System.err:     at java.util.concurrent.FutureTask$Sync.innerRun(FutureTask.java:306)
02-15 11:46:53.918 4479-5367/? W/System.err:     at java.util.concurrent.FutureTask.run(FutureTask.java:138)
02-15 11:46:53.918 4479-5367/? W/System.err:     at java.util.concurrent.ThreadPoolExecutor.runWorker(ThreadPoolExecutor.java:1088)
02-15 11:46:53.918 4479-5367/? W/System.err:     at java.util.concurrent.ThreadPoolExecutor$Worker.run(ThreadPoolExecutor.java:581)
02-15 11:46:53.918 4479-5367/? W/System.err:     at java.lang.Thread.run(Thread.java:1019)
02-15 11:47:11.975 309-336/? W/ProcessStats: Skipping unknown process pid 11193
02-15 11:47:11.985 309-336/? W/ProcessStats: Skipping unknown process pid 11194
02-15 11:47:21.995 309-336/? W/ProcessStats: Skipping unknown process pid 11703
02-15 11:47:22.005 309-336/? W/ProcessStats: Skipping unknown process pid 11704
02-15 11:47:32.035 309-336/? W/ProcessStats: Skipping unknown process pid 12199
02-15 11:47:46.089 5715-5734/? I/tnet-jni: 15 -  create new session: accscdn.m.taobao.com:80
02-15 11:47:46.089 5715-5734/? W/System.err: org.android.spdy.SpdyErrorException: create session error: -1107
02-15 11:47:46.089 5715-5734/? W/System.err:     at org.android.spdy.SpdyAgent.createSession(SpdyAgent.java:448)
02-15 11:47:46.089 5715-5734/? W/System.err:     at org.android.spdy.SpdyAgent.createSession(SpdyAgent.java:331)
02-15 11:47:46.089 5715-5734/? W/System.err:     at com.taobao.accs.net.l.b(Taobao:445)
02-15 11:47:46.089 5715-5734/? W/System.err:     at com.taobao.accs.net.l.b(Taobao:60)
02-15 11:47:46.089 5715-5734/? W/System.err:     at com.taobao.accs.net.l$a.a(Taobao:815)
02-15 11:47:46.089 5715-5734/? W/System.err:     at com.taobao.accs.net.l$a.run(Taobao:881)
02-15 11:47:51.114 5715-5734/? I/tnet-jni: 15 -  create new session: accscdn.m.taobao.com:443
02-15 11:47:51.114 5715-5734/? W/System.err: org.android.spdy.SpdyErrorException: create session error: -1107
02-15 11:47:51.114 5715-5734/? W/System.err:     at org.android.spdy.SpdyAgent.createSession(SpdyAgent.java:448)
02-15 11:47:51.114 5715-5734/? W/System.err:     at org.android.spdy.SpdyAgent.createSession(SpdyAgent.java:331)
02-15 11:47:51.114 5715-5734/? W/System.err:     at com.taobao.accs.net.l.b(Taobao:445)
02-15 11:47:51.124 5715-5734/? W/System.err:     at com.taobao.accs.net.l.b(Taobao:60)
02-15 11:47:51.124 5715-5734/? W/System.err:     at com.taobao.accs.net.l$a.a(Taobao:815)
02-15 11:47:51.124 5715-5734/? W/System.err:     at com.taobao.accs.net.l$a.a(Taobao:822)
02-15 11:47:51.124 5715-5734/? W/System.err:     at com.taobao.accs.net.l$a.run(Taobao:881)
02-15 11:47:56.158 5715-5734/? I/tnet-jni: 15 -  create new session: accscdn.m.taobao.com:80
02-15 11:47:56.158 5715-5734/? W/System.err: org.android.spdy.SpdyErrorException: create session error: -1107
02-15 11:47:56.158 5715-5734/? W/System.err:     at org.android.spdy.SpdyAgent.createSession(SpdyAgent.java:448)
02-15 11:47:56.158 5715-5734/? W/System.err:     at org.android.spdy.SpdyAgent.createSession(SpdyAgent.java:331)
02-15 11:47:56.158 5715-5734/? W/System.err:     at com.taobao.accs.net.l.b(Taobao:445)
02-15 11:47:56.158 5715-5734/? W/System.err:     at com.taobao.accs.net.l.b(Taobao:60)
02-15 11:47:56.158 5715-5734/? W/System.err:     at com.taobao.accs.net.l$a.a(Taobao:815)
02-15 11:47:56.158 5715-5734/? W/System.err:     at com.taobao.accs.net.l$a.a(Taobao:822)
02-15 11:47:56.158 5715-5734/? W/System.err:     at com.taobao.accs.net.l$a.a(Taobao:822)
02-15 11:47:56.158 5715-5734/? W/System.err:     at com.taobao.accs.net.l$a.run(Taobao:881)
02-15 11:48:01.193 5715-5734/? I/tnet-jni: 15 -  create new session: accscdn.m.taobao.com:80
02-15 11:48:01.203 5715-5734/? W/System.err: org.android.spdy.SpdyErrorException: create session error: -1107
02-15 11:48:01.203 5715-5734/? W/System.err:     at org.android.spdy.SpdyAgent.createSession(SpdyAgent.java:448)
02-15 11:48:01.203 5715-5734/? W/System.err:     at org.android.spdy.SpdyAgent.createSession(SpdyAgent.java:331)
02-15 11:48:01.203 5715-5734/? W/System.err:     at com.taobao.accs.net.l.b(Taobao:445)
02-15 11:48:01.203 5715-5734/? W/System.err:     at com.taobao.accs.net.l.b(Taobao:60)
02-15 11:48:01.203 5715-5734/? W/System.err:     at com.taobao.accs.net.l$a.a(Taobao:815)
02-15 11:48:01.203 5715-5734/? W/System.err:     at com.taobao.accs.net.l$a.a(Taobao:822)
02-15 11:48:01.203 5715-5734/? W/System.err:     at com.taobao.accs.net.l$a.a(Taobao:822)
02-15 11:48:01.203 5715-5734/? W/System.err:     at com.taobao.accs.net.l$a.a(Taobao:822)
02-15 11:48:01.203 5715-5734/? W/System.err:     at com.taobao.accs.net.l$a.run(Taobao:881)
02-15 11:48:02.154 309-336/? W/ProcessStats: Skipping unknown process pid 13681
02-15 11:48:02.154 309-336/? W/ProcessStats: Skipping unknown process pid 13682
02-15 11:48:12.204 309-336/? W/ProcessStats: Skipping unknown process pid 14179
02-15 11:48:12.214 309-336/? W/ProcessStats: Skipping unknown process pid 14180
02-15 11:48:22.224 309-336/? W/ProcessStats: Skipping unknown process pid 14673
02-15 11:48:22.234 309-336/? W/ProcessStats: Skipping unknown process pid 14674
02-15 11:49:08.349 129-140/? I/dun_service: The value returned from dun_getusbmodemstate_fromsys is 1 
02-15 11:49:08.349 129-140/? I/dun_service: Post event 1
02-15 11:49:08.349 129-129/? I/dun_service: received event: DUN_EVENT_USB_UNPLUG 
02-15 11:49:08.349 129-129/? I/dun_service: received event(DUN_EVENT_USB_UNPLUG) in state(DUN_STATE_USB_UNPLUG)
02-15 11:49:08.349 129-129/? I/dun_service: Ignoring the event DUN_EVENT_USB_UNPLUG in USB_UNPLUG_STATE
02-15 11:49:08.349 129-129/? I/dun_service: Moved to state(DUN_STATE_USB_UNPLUG)
02-15 11:49:08.349 104-186/? W/Vold: Ignoring unknown switch 'battery'
02-15 11:49:53.973 4479-6192/? W/System.err: java.io.FileNotFoundException: /mnt/sdcard/mgyapp/.st.dat (Permission denied)
02-15 11:49:53.973 4479-6192/? W/System.err:     at org.apache.harmony.luni.platform.OSFileSystem.open(Native Method)
02-15 11:49:53.973 4479-6192/? W/System.err:     at dalvik.system.BlockGuard$WrappedFileSystem.open(BlockGuard.java:232)
02-15 11:49:53.973 4479-6192/? W/System.err:     at java.io.FileOutputStream.<init>(FileOutputStream.java:94)
02-15 11:49:53.973 4479-6192/? W/System.err:     at java.io.FileOutputStream.<init>(FileOutputStream.java:66)
02-15 11:49:53.973 4479-6192/? W/System.err:     at com.mgyapp.android.b.c.a(DefaultStatisbase.java:120)
02-15 11:49:53.973 4479-6192/? W/System.err:     at com.mgyapp.android.b.c.e(DefaultStatisbase.java:106)
02-15 11:49:53.973 4479-6192/? W/System.err:     at com.mgyapp.android.controller.h$a.a(StatiseControler.java:163)
02-15 11:49:53.973 4479-6192/? W/System.err:     at com.mgyapp.android.controller.h$a.doInBackground(StatiseControler.java:155)
02-15 11:49:53.973 4479-6192/? W/System.err:     at android.os.AsyncTask$2.call(AsyncTask.java:185)
02-15 11:49:53.973 4479-6192/? W/System.err:     at java.util.concurrent.FutureTask$Sync.innerRun(FutureTask.java:306)
02-15 11:49:53.973 4479-6192/? W/System.err:     at java.util.concurrent.FutureTask.run(FutureTask.java:138)
02-15 11:49:53.973 4479-6192/? W/System.err:     at java.util.concurrent.ThreadPoolExecutor.runWorker(ThreadPoolExecutor.java:1088)
